merge tuned file under model_configs/ and configs/  /sgl-workspace/aiter/aiter/configs/a8w8_blockscale_tuned_gemm.csv:/sgl-workspace/aiter/aiter/configs/model_configs/a8w8_blockscale_tuned_gemm_ds_v3.csv
merge tuned file under model_configs/ and configs/  /sgl-workspace/aiter/aiter/configs/a8w8_blockscale_bpreshuffle_tuned_gemm.csv:/sgl-workspace/aiter/aiter/configs/model_configs/a8w8_blockscale_bpreshuffle_tuned_gemm_dsv3.csv
INFO 11-12 14:00:40 [__init__.py:241] Automatically detected platform rocm.
/sgl-workspace/sglang/python/sglang/srt/layers/quantization/awq.py:67: UserWarning: HIP does not support fused_marlin_moe currently.
  warnings.warn(f"HIP does not support fused_marlin_moe currently.")
/sgl-workspace/sglang/python/sglang/srt/layers/quantization/gguf.py:46: UserWarning: Only CUDA support GGUF q uantization currently.
  warnings.warn(f"Only CUDA support GGUF q uantization currently.")
[2025-11-12 14:00:40] WARNING model_config.py:723: quark quantization is not fully optimized yet. The speed can be slower than non-quantized models.
[2025-11-12 14:00:40] WARNING server_args.py:1197: Attention backend not explicitly specified. Use aiter backend by default.
[2025-11-12 14:00:40] WARNING server_args.py:1370: DP attention is enabled. The chunked prefill size is adjusted to 16384 to avoid MoE kernel issues. 
[2025-11-12 14:00:40] INFO trace.py:69: opentelemetry package is not installed, tracing disabled
[2025-11-12 14:00:40] WARNING memory_pool_host.py:36: Current platform not support pin_memory
[2025-11-12 14:00:41] server_args=ServerArgs(model_path='/mnt/raid/models/deepseek-ai/amd-DeepSeek-R1-MXFP4-Preview', tokenizer_path='/mnt/raid/models/deepseek-ai/amd-DeepSeek-R1-MXFP4-Preview', tokenizer_mode='auto', tokenizer_worker_num=1, skip_tokenizer_init=False, load_format='auto', model_loader_extra_config='{}', trust_remote_code=True, context_length=None, is_embedding=False, enable_multimodal=None, revision=None, model_impl='auto', host='127.0.0.1', port=30000, grpc_mode=False, skip_server_warmup=False, warmups=None, nccl_port=None, checkpoint_engine_wait_weights_before_ready=False, dtype='auto', quantization=None, quantization_param_path=None, kv_cache_dtype='auto', enable_fp32_lm_head=False, modelopt_quant=None, modelopt_checkpoint_restore_path=None, modelopt_checkpoint_save_path=None, modelopt_export_path=None, quantize_and_serve=False, mem_fraction_static=0.68, max_running_requests=None, max_queued_requests=None, max_total_tokens=None, chunked_prefill_size=16384, max_prefill_tokens=16384, schedule_policy='fcfs', enable_priority_scheduling=False, abort_on_priority_when_disabled=False, schedule_low_priority_values_first=False, priority_scheduling_preemption_threshold=10, schedule_conservativeness=0.3, page_size=1, hybrid_kvcache_ratio=None, swa_full_tokens_ratio=0.8, disable_hybrid_swa_memory=False, radix_eviction_policy='lru', device='cuda', tp_size=8, pp_size=1, pp_max_micro_batch_size=None, stream_interval=1, stream_output=False, random_seed=96586280, constrained_json_whitespace_pattern=None, constrained_json_disable_any_whitespace=False, watchdog_timeout=300, dist_timeout=None, download_dir=None, base_gpu_id=0, gpu_id_step=1, sleep_on_idle=False, log_level='info', log_level_http=None, log_requests=False, log_requests_level=2, crash_dump_folder=None, show_time_cost=False, enable_metrics=False, enable_metrics_for_all_schedulers=False, tokenizer_metrics_custom_labels_header='x-custom-labels', tokenizer_metrics_allowed_custom_labels=None, bucket_time_to_first_token=None, bucket_inter_token_latency=None, bucket_e2e_request_latency=None, collect_tokens_histogram=False, prompt_tokens_buckets=None, generation_tokens_buckets=None, gc_warning_threshold_secs=0.0, decode_log_interval=40, enable_request_time_stats_logging=False, kv_events_config=None, enable_trace=False, otlp_traces_endpoint='localhost:4317', api_key=None, served_model_name='/mnt/raid/models/deepseek-ai/amd-DeepSeek-R1-MXFP4-Preview', weight_version='default', chat_template=None, completion_template=None, file_storage_path='sglang_storage', enable_cache_report=False, reasoning_parser=None, tool_call_parser=None, tool_server=None, sampling_defaults='model', dp_size=8, load_balance_method='round_robin', load_watch_interval=0.1, prefill_round_robin_balance=False, dist_init_addr=None, nnodes=1, node_rank=0, json_model_override_args='{}', preferred_sampling_params=None, enable_lora=None, max_lora_rank=None, lora_target_modules=None, lora_paths=None, max_loaded_loras=None, max_loras_per_batch=8, lora_eviction_policy='lru', lora_backend='csgmv', max_lora_chunk_size=16, attention_backend='aiter', decode_attention_backend=None, prefill_attention_backend=None, sampling_backend='pytorch', grammar_backend='xgrammar', mm_attention_backend=None, nsa_prefill_backend='flashmla_sparse', nsa_decode_backend='fa3', speculative_algorithm=None, speculative_draft_model_path=None, speculative_draft_model_revision=None, speculative_draft_load_format=None, speculative_num_steps=None, speculative_eagle_topk=None, speculative_num_draft_tokens=None, speculative_accept_threshold_single=1.0, speculative_accept_threshold_acc=1.0, speculative_token_map=None, speculative_attention_mode='prefill', speculative_moe_runner_backend=None, speculative_ngram_min_match_window_size=1, speculative_ngram_max_match_window_size=12, speculative_ngram_min_bfs_breadth=1, speculative_ngram_max_bfs_breadth=10, speculative_ngram_match_type='BFS', speculative_ngram_branch_length=18, speculative_ngram_capacity=10000000, ep_size=1, moe_a2a_backend='none', moe_runner_backend='auto', flashinfer_mxfp4_moe_precision='default', enable_flashinfer_allreduce_fusion=False, deepep_mode='auto', ep_num_redundant_experts=0, ep_dispatch_algorithm='static', init_expert_location='trivial', enable_eplb=False, eplb_algorithm='auto', eplb_rebalance_num_iterations=1000, eplb_rebalance_layers_per_chunk=None, eplb_min_rebalancing_utilization_threshold=1.0, expert_distribution_recorder_mode=None, expert_distribution_recorder_buffer_size=1000, enable_expert_distribution_metrics=False, deepep_config=None, moe_dense_tp_size=None, elastic_ep_backend=None, mooncake_ib_device=None, max_mamba_cache_size=None, mamba_ssm_dtype='float32', mamba_full_memory_ratio=0.9, enable_hierarchical_cache=False, hicache_ratio=2.0, hicache_size=0, hicache_write_policy='write_through', hicache_io_backend='kernel', hicache_mem_layout='layer_first', hicache_storage_backend=None, hicache_storage_prefetch_policy='best_effort', hicache_storage_backend_extra_config=None, enable_lmcache=False, kt_weight_path=None, kt_method='AMXINT4', kt_cpuinfer=None, kt_threadpool_count=2, kt_num_gpu_experts=None, kt_max_deferred_experts_per_token=None, enable_double_sparsity=False, ds_channel_config_path=None, ds_heavy_channel_num=32, ds_heavy_token_num=256, ds_heavy_channel_type='qk', ds_sparse_decode_threshold=4096, cpu_offload_gb=0, offload_group_size=-1, offload_num_in_group=1, offload_prefetch_step=1, offload_mode='cpu', multi_item_scoring_delimiter=None, disable_radix_cache=False, cuda_graph_max_bs=512, cuda_graph_bs=[1, 2, 4, 8, 12, 16, 24, 32, 40, 48, 56, 64, 72, 80, 88, 96, 104, 112, 120, 128, 136, 144, 152, 160, 168, 176, 184, 192, 200, 208, 216, 224, 232, 240, 248, 256, 272, 288, 304, 320, 336, 352, 368, 384, 400, 416, 432, 448, 464, 480, 496, 512], disable_cuda_graph=False, disable_cuda_graph_padding=False, enable_profile_cuda_graph=False, enable_cudagraph_gc=False, enable_nccl_nvls=False, enable_symm_mem=False, disable_flashinfer_cutlass_moe_fp4_allgather=False, enable_tokenizer_batch_encode=False, disable_tokenizer_batch_decode=False, disable_outlines_disk_cache=False, disable_custom_all_reduce=False, enable_mscclpp=False, enable_torch_symm_mem=False, disable_overlap_schedule=False, enable_mixed_chunk=False, enable_dp_attention=True, enable_dp_lm_head=False, enable_two_batch_overlap=False, enable_single_batch_overlap=False, tbo_token_distribution_threshold=0.48, enable_torch_compile=False, enable_piecewise_cuda_graph=False, torch_compile_max_bs=32, piecewise_cuda_graph_max_tokens=4096, piecewise_cuda_graph_tokens=[4, 8, 12, 16, 20, 24, 28, 32, 48, 64, 80, 96, 112, 128, 144, 160, 176, 192, 208, 224, 240, 256, 288, 320, 352, 384, 416, 448, 480, 512, 640, 768, 896, 1024, 1152, 1280, 1408, 1536, 1664, 1792, 1920, 2048, 2176, 2304, 2432, 2560, 2688, 2816, 2944, 3072, 3200, 3328, 3456, 3584, 3712, 3840, 3968, 4096], piecewise_cuda_graph_compiler='eager', torchao_config='', enable_nan_detection=False, enable_p2p_check=False, triton_attention_reduce_in_fp32=False, triton_attention_num_kv_splits=16, triton_attention_split_tile_size=None, num_continuous_decode_steps=1, delete_ckpt_after_loading=False, enable_memory_saver=False, enable_weights_cpu_backup=False, allow_auto_truncate=False, enable_custom_logit_processor=False, flashinfer_mla_disable_ragged=False, disable_shared_experts_fusion=False, disable_chunked_prefix_cache=False, disable_fast_image_processor=False, keep_mm_feature_on_device=False, enable_return_hidden_states=False, scheduler_recv_interval=1, numa_node=None, enable_deterministic_inference=False, rl_on_policy_target=None, enable_dynamic_batch_tokenizer=False, dynamic_batch_tokenizer_batch_size=32, dynamic_batch_tokenizer_batch_timeout=0.002, debug_tensor_dump_output_folder=None, debug_tensor_dump_layers=None, debug_tensor_dump_input_file=None, debug_tensor_dump_inject=False, disaggregation_mode='null', disaggregation_transfer_backend='mooncake', disaggregation_bootstrap_port=8998, disaggregation_decode_tp=None, disaggregation_decode_dp=None, disaggregation_prefill_pp=1, disaggregation_ib_device=None, disaggregation_decode_enable_offload_kvcache=False, num_reserved_decode_tokens=512, disaggregation_decode_polling_interval=1, custom_weight_loader=[], weight_loader_disable_mmap=False, remote_instance_weight_loader_seed_instance_ip=None, remote_instance_weight_loader_seed_instance_service_port=None, remote_instance_weight_loader_send_weights_group_ports=None, enable_pdmux=False, pdmux_config_path=None, sm_group_num=8, mm_max_concurrent_calls=32, mm_per_request_timeout=10.0, decrypted_config_file=None, decrypted_draft_config_file=None)
[2025-11-12 14:00:41] quark quantization is not fully optimized yet. The speed can be slower than non-quantized models.
[2025-11-12 14:00:41] Using default HuggingFace chat template with detected content format: string
merge tuned file under model_configs/ and configs/  /sgl-workspace/aiter/aiter/configs/a8w8_blockscale_tuned_gemm.csv:/sgl-workspace/aiter/aiter/configs/model_configs/a8w8_blockscale_tuned_gemm_ds_v3.csv
merge tuned file under model_configs/ and configs/  /sgl-workspace/aiter/aiter/configs/a8w8_blockscale_bpreshuffle_tuned_gemm.csv:/sgl-workspace/aiter/aiter/configs/model_configs/a8w8_blockscale_bpreshuffle_tuned_gemm_dsv3.csv
INFO 11-12 14:00:48 [__init__.py:241] Automatically detected platform rocm.
merge tuned file under model_configs/ and configs/  /sgl-workspace/aiter/aiter/configs/a8w8_blockscale_tuned_gemm.csv:/sgl-workspace/aiter/aiter/configs/model_configs/a8w8_blockscale_tuned_gemm_ds_v3.csv
merge tuned file under model_configs/ and configs/  /sgl-workspace/aiter/aiter/configs/a8w8_blockscale_bpreshuffle_tuned_gemm.csv:/sgl-workspace/aiter/aiter/configs/model_configs/a8w8_blockscale_bpreshuffle_tuned_gemm_dsv3.csv
INFO 11-12 14:00:48 [__init__.py:241] Automatically detected platform rocm.
/sgl-workspace/sglang/python/sglang/srt/layers/quantization/awq.py:67: UserWarning: HIP does not support fused_marlin_moe currently.
  warnings.warn(f"HIP does not support fused_marlin_moe currently.")
/sgl-workspace/sglang/python/sglang/srt/layers/quantization/gguf.py:46: UserWarning: Only CUDA support GGUF q uantization currently.
  warnings.warn(f"Only CUDA support GGUF q uantization currently.")
[2025-11-12 14:00:48] INFO trace.py:69: opentelemetry package is not installed, tracing disabled
[2025-11-12 14:00:48] WARNING memory_pool_host.py:36: Current platform not support pin_memory
/sgl-workspace/sglang/python/sglang/srt/layers/quantization/awq.py:67: UserWarning: HIP does not support fused_marlin_moe currently.
  warnings.warn(f"HIP does not support fused_marlin_moe currently.")
/sgl-workspace/sglang/python/sglang/srt/layers/quantization/gguf.py:46: UserWarning: Only CUDA support GGUF q uantization currently.
  warnings.warn(f"Only CUDA support GGUF q uantization currently.")
[2025-11-12 14:00:48] INFO trace.py:69: opentelemetry package is not installed, tracing disabled
[2025-11-12 14:00:48] WARNING memory_pool_host.py:36: Current platform not support pin_memory
merge tuned file under model_configs/ and configs/  /sgl-workspace/aiter/aiter/configs/a8w8_blockscale_tuned_gemm.csv:/sgl-workspace/aiter/aiter/configs/model_configs/a8w8_blockscale_tuned_gemm_ds_v3.csv
merge tuned file under model_configs/ and configs/  /sgl-workspace/aiter/aiter/configs/a8w8_blockscale_bpreshuffle_tuned_gemm.csv:/sgl-workspace/aiter/aiter/configs/model_configs/a8w8_blockscale_bpreshuffle_tuned_gemm_dsv3.csv
INFO 11-12 14:00:56 [__init__.py:241] Automatically detected platform rocm.
/sgl-workspace/sglang/python/sglang/srt/layers/quantization/awq.py:67: UserWarning: HIP does not support fused_marlin_moe currently.
  warnings.warn(f"HIP does not support fused_marlin_moe currently.")
/sgl-workspace/sglang/python/sglang/srt/layers/quantization/gguf.py:46: UserWarning: Only CUDA support GGUF q uantization currently.
  warnings.warn(f"Only CUDA support GGUF q uantization currently.")
[2025-11-12 14:00:56] INFO trace.py:69: opentelemetry package is not installed, tracing disabled
[2025-11-12 14:00:56] WARNING memory_pool_host.py:36: Current platform not support pin_memory
[2025-11-12 14:00:56 DP5 TP5] Process 512 gpu_id 5 is running on CPUs: [80, 81, 82, 83, 84, 85, 86, 87, 88, 89, 90, 91, 92, 93, 94, 95, 208, 209, 210, 211, 212, 213, 214, 215, 216, 217, 218, 219, 220, 221, 222, 223]
[2025-11-12 14:00:56 DP5 TP5] quark quantization is not fully optimized yet. The speed can be slower than non-quantized models.
merge tuned file under model_configs/ and configs/  /sgl-workspace/aiter/aiter/configs/a8w8_blockscale_tuned_gemm.csv:/sgl-workspace/aiter/aiter/configs/model_configs/a8w8_blockscale_tuned_gemm_ds_v3.csv
merge tuned file under model_configs/ and configs/  /sgl-workspace/aiter/aiter/configs/a8w8_blockscale_bpreshuffle_tuned_gemm.csv:/sgl-workspace/aiter/aiter/configs/model_configs/a8w8_blockscale_bpreshuffle_tuned_gemm_dsv3.csv
INFO 11-12 14:00:56 [__init__.py:241] Automatically detected platform rocm.
merge tuned file under model_configs/ and configs/  /sgl-workspace/aiter/aiter/configs/a8w8_blockscale_tuned_gemm.csv:/sgl-workspace/aiter/aiter/configs/model_configs/a8w8_blockscale_tuned_gemm_ds_v3.csv
merge tuned file under model_configs/ and configs/  /sgl-workspace/aiter/aiter/configs/a8w8_blockscale_bpreshuffle_tuned_gemm.csv:/sgl-workspace/aiter/aiter/configs/model_configs/a8w8_blockscale_bpreshuffle_tuned_gemm_dsv3.csv
INFO 11-12 14:00:57 [__init__.py:241] Automatically detected platform rocm.
merge tuned file under model_configs/ and configs/  /sgl-workspace/aiter/aiter/configs/a8w8_blockscale_tuned_gemm.csv:/sgl-workspace/aiter/aiter/configs/model_configs/a8w8_blockscale_tuned_gemm_ds_v3.csv
merge tuned file under model_configs/ and configs/  /sgl-workspace/aiter/aiter/configs/a8w8_blockscale_bpreshuffle_tuned_gemm.csv:/sgl-workspace/aiter/aiter/configs/model_configs/a8w8_blockscale_bpreshuffle_tuned_gemm_dsv3.csv
INFO 11-12 14:00:57 [__init__.py:241] Automatically detected platform rocm.
merge tuned file under model_configs/ and configs/  /sgl-workspace/aiter/aiter/configs/a8w8_blockscale_tuned_gemm.csv:/sgl-workspace/aiter/aiter/configs/model_configs/a8w8_blockscale_tuned_gemm_ds_v3.csv
merge tuned file under model_configs/ and configs/  /sgl-workspace/aiter/aiter/configs/a8w8_blockscale_bpreshuffle_tuned_gemm.csv:/sgl-workspace/aiter/aiter/configs/model_configs/a8w8_blockscale_bpreshuffle_tuned_gemm_dsv3.csv
INFO 11-12 14:00:57 [__init__.py:241] Automatically detected platform rocm.
merge tuned file under model_configs/ and configs/  /sgl-workspace/aiter/aiter/configs/a8w8_blockscale_tuned_gemm.csv:/sgl-workspace/aiter/aiter/configs/model_configs/a8w8_blockscale_tuned_gemm_ds_v3.csv
merge tuned file under model_configs/ and configs/  /sgl-workspace/aiter/aiter/configs/a8w8_blockscale_bpreshuffle_tuned_gemm.csv:/sgl-workspace/aiter/aiter/configs/model_configs/a8w8_blockscale_bpreshuffle_tuned_gemm_dsv3.csv
INFO 11-12 14:00:57 [__init__.py:241] Automatically detected platform rocm.
merge tuned file under model_configs/ and configs/  /sgl-workspace/aiter/aiter/configs/a8w8_blockscale_tuned_gemm.csv:/sgl-workspace/aiter/aiter/configs/model_configs/a8w8_blockscale_tuned_gemm_ds_v3.csv
merge tuned file under model_configs/ and configs/  /sgl-workspace/aiter/aiter/configs/a8w8_blockscale_bpreshuffle_tuned_gemm.csv:/sgl-workspace/aiter/aiter/configs/model_configs/a8w8_blockscale_bpreshuffle_tuned_gemm_dsv3.csv
INFO 11-12 14:00:57 [__init__.py:241] Automatically detected platform rocm.
[2025-11-12 14:00:57 DP5 TP5] quark quantization is not fully optimized yet. The speed can be slower than non-quantized models.
[2025-11-12 14:00:57 DP5 TP5] Init torch distributed begin.
merge tuned file under model_configs/ and configs/  /sgl-workspace/aiter/aiter/configs/a8w8_blockscale_tuned_gemm.csv:/sgl-workspace/aiter/aiter/configs/model_configs/a8w8_blockscale_tuned_gemm_ds_v3.csv
merge tuned file under model_configs/ and configs/  /sgl-workspace/aiter/aiter/configs/a8w8_blockscale_bpreshuffle_tuned_gemm.csv:/sgl-workspace/aiter/aiter/configs/model_configs/a8w8_blockscale_bpreshuffle_tuned_gemm_dsv3.csv
INFO 11-12 14:00:57 [__init__.py:241] Automatically detected platform rocm.
/sgl-workspace/sglang/python/sglang/srt/layers/quantization/awq.py:67: UserWarning: HIP does not support fused_marlin_moe currently.
  warnings.warn(f"HIP does not support fused_marlin_moe currently.")
/sgl-workspace/sglang/python/sglang/srt/layers/quantization/gguf.py:46: UserWarning: Only CUDA support GGUF q uantization currently.
  warnings.warn(f"Only CUDA support GGUF q uantization currently.")
[2025-11-12 14:00:57] INFO trace.py:69: opentelemetry package is not installed, tracing disabled
[2025-11-12 14:00:57] WARNING memory_pool_host.py:36: Current platform not support pin_memory
/sgl-workspace/sglang/python/sglang/srt/layers/quantization/awq.py:67: UserWarning: HIP does not support fused_marlin_moe currently.
  warnings.warn(f"HIP does not support fused_marlin_moe currently.")
/sgl-workspace/sglang/python/sglang/srt/layers/quantization/awq.py:67: UserWarning: HIP does not support fused_marlin_moe currently.
  warnings.warn(f"HIP does not support fused_marlin_moe currently.")
[2025-11-12 14:00:57 DP4 TP4] Process 511 gpu_id 4 is running on CPUs: [64, 65, 66, 67, 68, 69, 70, 71, 72, 73, 74, 75, 76, 77, 78, 79, 192, 193, 194, 195, 196, 197, 198, 199, 200, 201, 202, 203, 204, 205, 206, 207]
[2025-11-12 14:00:57 DP4 TP4] quark quantization is not fully optimized yet. The speed can be slower than non-quantized models.
/sgl-workspace/sglang/python/sglang/srt/layers/quantization/gguf.py:46: UserWarning: Only CUDA support GGUF q uantization currently.
  warnings.warn(f"Only CUDA support GGUF q uantization currently.")
/sgl-workspace/sglang/python/sglang/srt/layers/quantization/awq.py:67: UserWarning: HIP does not support fused_marlin_moe currently.
  warnings.warn(f"HIP does not support fused_marlin_moe currently.")
/sgl-workspace/sglang/python/sglang/srt/layers/quantization/awq.py:67: UserWarning: HIP does not support fused_marlin_moe currently.
  warnings.warn(f"HIP does not support fused_marlin_moe currently.")
/sgl-workspace/sglang/python/sglang/srt/layers/quantization/awq.py:67: UserWarning: HIP does not support fused_marlin_moe currently.
  warnings.warn(f"HIP does not support fused_marlin_moe currently.")
/sgl-workspace/sglang/python/sglang/srt/layers/quantization/gguf.py:46: UserWarning: Only CUDA support GGUF q uantization currently.
  warnings.warn(f"Only CUDA support GGUF q uantization currently.")
[2025-11-12 14:00:57] INFO trace.py:69: opentelemetry package is not installed, tracing disabled
[2025-11-12 14:00:57] WARNING memory_pool_host.py:36: Current platform not support pin_memory
/sgl-workspace/sglang/python/sglang/srt/layers/quantization/awq.py:67: UserWarning: HIP does not support fused_marlin_moe currently.
  warnings.warn(f"HIP does not support fused_marlin_moe currently.")
[2025-11-12 14:00:57] INFO trace.py:69: opentelemetry package is not installed, tracing disabled
[2025-11-12 14:00:57] WARNING memory_pool_host.py:36: Current platform not support pin_memory
/sgl-workspace/sglang/python/sglang/srt/layers/quantization/gguf.py:46: UserWarning: Only CUDA support GGUF q uantization currently.
  warnings.warn(f"Only CUDA support GGUF q uantization currently.")
/sgl-workspace/sglang/python/sglang/srt/layers/quantization/gguf.py:46: UserWarning: Only CUDA support GGUF q uantization currently.
  warnings.warn(f"Only CUDA support GGUF q uantization currently.")
/sgl-workspace/sglang/python/sglang/srt/layers/quantization/gguf.py:46: UserWarning: Only CUDA support GGUF q uantization currently.
  warnings.warn(f"Only CUDA support GGUF q uantization currently.")
[2025-11-12 14:00:57 DP2 TP2] Process 509 gpu_id 2 is running on CPUs: [32, 33, 34, 35, 36, 37, 38, 39, 40, 41, 42, 43, 44, 45, 46, 47, 160, 161, 162, 163, 164, 165, 166, 167, 168, 169, 170, 171, 172, 173, 174, 175]
[2025-11-12 14:00:57] INFO trace.py:69: opentelemetry package is not installed, tracing disabled
[2025-11-12 14:00:57] INFO trace.py:69: opentelemetry package is not installed, tracing disabled
[2025-11-12 14:00:57 DP2 TP2] quark quantization is not fully optimized yet. The speed can be slower than non-quantized models.
[2025-11-12 14:00:57] WARNING memory_pool_host.py:36: Current platform not support pin_memory
[2025-11-12 14:00:57] WARNING memory_pool_host.py:36: Current platform not support pin_memory
[2025-11-12 14:00:57 DP7 TP7] Process 514 gpu_id 7 is running on CPUs: [112, 113, 114, 115, 116, 117, 118, 119, 120, 121, 122, 123, 124, 125, 126, 127, 240, 241, 242, 243, 244, 245, 246, 247, 248, 249, 250, 251, 252, 253, 254, 255]
/sgl-workspace/sglang/python/sglang/srt/layers/quantization/gguf.py:46: UserWarning: Only CUDA support GGUF q uantization currently.
  warnings.warn(f"Only CUDA support GGUF q uantization currently.")
[2025-11-12 14:00:57 DP7 TP7] quark quantization is not fully optimized yet. The speed can be slower than non-quantized models.
[2025-11-12 14:00:57] INFO trace.py:69: opentelemetry package is not installed, tracing disabled
[2025-11-12 14:00:57] WARNING memory_pool_host.py:36: Current platform not support pin_memory
[2025-11-12 14:00:57] INFO trace.py:69: opentelemetry package is not installed, tracing disabled
[2025-11-12 14:00:57] WARNING memory_pool_host.py:36: Current platform not support pin_memory
[2025-11-12 14:00:57 DP4 TP4] quark quantization is not fully optimized yet. The speed can be slower than non-quantized models.
[2025-11-12 14:00:57 DP4 TP4] Init torch distributed begin.
[2025-11-12 14:00:57 DP3 TP3] Process 510 gpu_id 3 is running on CPUs: [48, 49, 50, 51, 52, 53, 54, 55, 56, 57, 58, 59, 60, 61, 62, 63, 176, 177, 178, 179, 180, 181, 182, 183, 184, 185, 186, 187, 188, 189, 190, 191]
[2025-11-12 14:00:57 DP1 TP1] Process 508 gpu_id 1 is running on CPUs: [16, 17, 18, 19, 20, 21, 22, 23, 24, 25, 26, 27, 28, 29, 30, 31, 144, 145, 146, 147, 148, 149, 150, 151, 152, 153, 154, 155, 156, 157, 158, 159]
[2025-11-12 14:00:57 DP3 TP3] quark quantization is not fully optimized yet. The speed can be slower than non-quantized models.
[2025-11-12 14:00:57 DP1 TP1] quark quantization is not fully optimized yet. The speed can be slower than non-quantized models.
[2025-11-12 14:00:57 DP6 TP6] Process 513 gpu_id 6 is running on CPUs: [96, 97, 98, 99, 100, 101, 102, 103, 104, 105, 106, 107, 108, 109, 110, 111, 224, 225, 226, 227, 228, 229, 230, 231, 232, 233, 234, 235, 236, 237, 238, 239]
[2025-11-12 14:00:57 DP6 TP6] quark quantization is not fully optimized yet. The speed can be slower than non-quantized models.
[2025-11-12 14:00:57 DP0 TP0] Process 507 gpu_id 0 is running on CPUs: [0, 1, 2, 3, 4, 5, 6, 7, 8, 9, 10, 11, 12, 13, 14, 15, 128, 129, 130, 131, 132, 133, 134, 135, 136, 137, 138, 139, 140, 141, 142, 143]
[2025-11-12 14:00:57 DP0 TP0] quark quantization is not fully optimized yet. The speed can be slower than non-quantized models.
[2025-11-12 14:00:57 DP2 TP2] quark quantization is not fully optimized yet. The speed can be slower than non-quantized models.
[2025-11-12 14:00:57 DP2 TP2] Init torch distributed begin.
[2025-11-12 14:00:57 DP7 TP7] quark quantization is not fully optimized yet. The speed can be slower than non-quantized models.
[2025-11-12 14:00:57 DP7 TP7] Init torch distributed begin.
[2025-11-12 14:00:57 DP3 TP3] quark quantization is not fully optimized yet. The speed can be slower than non-quantized models.
[2025-11-12 14:00:57 DP3 TP3] Init torch distributed begin.
[2025-11-12 14:00:57 DP1 TP1] quark quantization is not fully optimized yet. The speed can be slower than non-quantized models.
[2025-11-12 14:00:57 DP1 TP1] Init torch distributed begin.
[2025-11-12 14:00:57 DP6 TP6] quark quantization is not fully optimized yet. The speed can be slower than non-quantized models.
[2025-11-12 14:00:57 DP6 TP6] Init torch distributed begin.
[2025-11-12 14:00:57 DP0 TP0] quark quantization is not fully optimized yet. The speed can be slower than non-quantized models.
[2025-11-12 14:00:57 DP0 TP0] Init torch distributed begin.
[Gloo] Rank 2 is connected to 7 peer ranks. Expected number of connected peer ranks is : 7
[Gloo] Rank 0 is connected to 7 peer ranks. Expected number of connected peer ranks is : 7
[Gloo] Rank 4 is connected to 7 peer ranks. Expected number of connected peer ranks is : 7
[Gloo] Rank 6 is connected to 7 peer ranks. Expected number of connected peer ranks is : 7
[Gloo] Rank 1 is connected to 7 peer ranks. Expected number of connected peer ranks is : 7
[Gloo] Rank 3 is connected to 7 peer ranks. Expected number of connected peer ranks is : 7
[Gloo] Rank 5 is connected to 7 peer ranks. Expected number of connected peer ranks is : 7
[Gloo] Rank 7 is connected to 7 peer ranks. Expected number of connected peer ranks is : 7
[Gloo] Rank 1 is connected to 7 peer ranks. Expected number of connected peer ranks is : 7
[Gloo] Rank 0 is connected to 7 peer ranks. Expected number of connected peer ranks is : 7
[Gloo] Rank 2 is connected to 7 peer ranks. Expected number of connected peer ranks is : 7
[Gloo] Rank 3 is connected to 7 peer ranks. Expected number of connected peer ranks is : 7
[Gloo] Rank 4 is connected to 7 peer ranks. Expected number of connected peer ranks is : 7
[Gloo] Rank 5 is connected to 7 peer ranks. Expected number of connected peer ranks is : 7
[Gloo] Rank 6 is connected to 7 peer ranks. Expected number of connected peer ranks is : 7
[Gloo] Rank 7 is connected to 7 peer ranks. Expected number of connected peer ranks is : 7
[2025-11-12 14:00:58 DP0 TP0] sglang is using nccl==2.26.6
[Gloo] Rank 0 is connected to 0 peer ranks. Expected number of connected peer ranks is : 0
[Gloo] Rank 0 is connected to 0 peer ranks. Expected number of connected peer ranks is : 0
[Gloo] Rank 0 is connected to 0 peer ranks. Expected number of connected peer ranks is : 0
[Gloo] Rank 0 is connected to 0 peer ranks. Expected number of connected peer ranks is : 0
[Gloo] Rank 0 is connected to 0 peer ranks. Expected number of connected peer ranks is : 0
[Gloo] Rank 0 is connected to 0 peer ranks. Expected number of connected peer ranks is : 0
[Gloo] Rank 0 is connected to 0 peer ranks. Expected number of connected peer ranks is : 0
[Gloo] Rank 0 is connected to 0 peer ranks. Expected number of connected peer ranks is : 0
[Gloo] Rank 0 is connected to 0 peer ranks. Expected number of connected peer ranks is : 0
[Gloo] Rank 0 is connected to 0 peer ranks. Expected number of connected peer ranks is : 0
[Gloo] Rank 0 is connected to 0 peer ranks. Expected number of connected peer ranks is : 0
[Gloo] Rank 0 is connected to 0 peer ranks. Expected number of connected peer ranks is : 0
[Gloo] Rank 0 is connected to 0 peer ranks. Expected number of connected peer ranks is : 0
[Gloo] Rank 0 is connected to 0 peer ranks. Expected number of connected peer ranks is : 0
[Gloo] Rank 0 is connected to 0 peer ranks. Expected number of connected peer ranks is : 0
[Gloo] Rank 0 is connected to 0 peer ranks. Expected number of connected peer ranks is : 0
[Gloo] Rank 0 is connected to 0 peer ranks. Expected number of connected peer ranks is : 0
[Gloo] Rank 0 is connected to 0 peer ranks. Expected number of connected peer ranks is : 0
[Gloo] Rank 0 is connected to 0 peer ranks. Expected number of connected peer ranks is : 0
[Gloo] Rank 0 is connected to 0 peer ranks. Expected number of connected peer ranks is : 0
[Gloo] Rank 0 is connected to 0 peer ranks. Expected number of connected peer ranks is : 0
[Gloo] Rank 0 is connected to 0 peer ranks. Expected number of connected peer ranks is : 0
[Gloo] Rank 0 is connected to 0 peer ranks. Expected number of connected peer ranks is : 0
[Gloo] Rank 0 is connected to 0 peer ranks. Expected number of connected peer ranks is : 0
[2025-11-12 14:01:05 DP0 TP0] Init torch distributed ends. mem usage=3.22 GB
[2025-11-12 14:01:05 DP7 TP7] Init torch distributed ends. mem usage=3.10 GB
[2025-11-12 14:01:05 DP6 TP6] Init torch distributed ends. mem usage=3.11 GB
[2025-11-12 14:01:05 DP5 TP5] Init torch distributed ends. mem usage=3.17 GB
[2025-11-12 14:01:05 DP4 TP4] Init torch distributed ends. mem usage=3.10 GB
[2025-11-12 14:01:05 DP3 TP3] Init torch distributed ends. mem usage=3.24 GB
[2025-11-12 14:01:05 DP2 TP2] Init torch distributed ends. mem usage=3.24 GB
[2025-11-12 14:01:05 DP1 TP1] Init torch distributed ends. mem usage=2.82 GB
/opt/venv/lib/python3.10/site-packages/apex/transformer/functional/fused_rope.py:49: UserWarning: Aiter backend is selected for fused RoPE. This has lower precision. To disable aiter, export USE_ROCM_AITER_ROPE_BACKEND=0
  warnings.warn("Aiter backend is selected for fused RoPE. This has lower precision. To disable aiter, export USE_ROCM_AITER_ROPE_BACKEND=0", UserWarning)
/opt/venv/lib/python3.10/site-packages/apex/transformer/functional/fused_rope.py:49: UserWarning: Aiter backend is selected for fused RoPE. This has lower precision. To disable aiter, export USE_ROCM_AITER_ROPE_BACKEND=0
  warnings.warn("Aiter backend is selected for fused RoPE. This has lower precision. To disable aiter, export USE_ROCM_AITER_ROPE_BACKEND=0", UserWarning)
/opt/venv/lib/python3.10/site-packages/apex/transformer/functional/fused_rope.py:49: UserWarning: Aiter backend is selected for fused RoPE. This has lower precision. To disable aiter, export USE_ROCM_AITER_ROPE_BACKEND=0
  warnings.warn("Aiter backend is selected for fused RoPE. This has lower precision. To disable aiter, export USE_ROCM_AITER_ROPE_BACKEND=0", UserWarning)
/opt/venv/lib/python3.10/site-packages/apex/transformer/functional/fused_rope.py:49: UserWarning: Aiter backend is selected for fused RoPE. This has lower precision. To disable aiter, export USE_ROCM_AITER_ROPE_BACKEND=0
  warnings.warn("Aiter backend is selected for fused RoPE. This has lower precision. To disable aiter, export USE_ROCM_AITER_ROPE_BACKEND=0", UserWarning)
/opt/venv/lib/python3.10/site-packages/apex/transformer/functional/fused_rope.py:49: UserWarning: Aiter backend is selected for fused RoPE. This has lower precision. To disable aiter, export USE_ROCM_AITER_ROPE_BACKEND=0
  warnings.warn("Aiter backend is selected for fused RoPE. This has lower precision. To disable aiter, export USE_ROCM_AITER_ROPE_BACKEND=0", UserWarning)
/opt/venv/lib/python3.10/site-packages/apex/transformer/functional/fused_rope.py:49: UserWarning: Aiter backend is selected for fused RoPE. This has lower precision. To disable aiter, export USE_ROCM_AITER_ROPE_BACKEND=0
  warnings.warn("Aiter backend is selected for fused RoPE. This has lower precision. To disable aiter, export USE_ROCM_AITER_ROPE_BACKEND=0", UserWarning)
/opt/venv/lib/python3.10/site-packages/apex/transformer/functional/fused_rope.py:49: UserWarning: Aiter backend is selected for fused RoPE. This has lower precision. To disable aiter, export USE_ROCM_AITER_ROPE_BACKEND=0
  warnings.warn("Aiter backend is selected for fused RoPE. This has lower precision. To disable aiter, export USE_ROCM_AITER_ROPE_BACKEND=0", UserWarning)
/opt/venv/lib/python3.10/site-packages/apex/transformer/functional/fused_rope.py:49: UserWarning: Aiter backend is selected for fused RoPE. This has lower precision. To disable aiter, export USE_ROCM_AITER_ROPE_BACKEND=0
  warnings.warn("Aiter backend is selected for fused RoPE. This has lower precision. To disable aiter, export USE_ROCM_AITER_ROPE_BACKEND=0", UserWarning)
[2025-11-12 14:01:06 DP5 TP5] Load weight begin. avail mem=284.33 GB
[2025-11-12 14:01:06 DP7 TP7] Load weight begin. avail mem=284.40 GB
[2025-11-12 14:01:06 DP4 TP4] Load weight begin. avail mem=284.40 GB
[2025-11-12 14:01:06 DP2 TP2] Load weight begin. avail mem=284.26 GB
[2025-11-12 14:01:06 DP0 TP0] Load weight begin. avail mem=284.28 GB
[2025-11-12 14:01:06 DP0 TP0] Only Deepseek V3/R1 on NV-platform with capability >= 80 can use shared experts fusion optimization. Shared experts fusion optimization is disabled.
[2025-11-12 14:01:06 DP3 TP3] Load weight begin. avail mem=284.26 GB
[2025-11-12 14:01:06 DP6 TP6] Load weight begin. avail mem=284.39 GB
[2025-11-12 14:01:06 DP1 TP1] Load weight begin. avail mem=284.68 GB
Loading safetensors checkpoint shards:   0% Completed | 0/73 [00:00<?, ?it/s]
Loading safetensors checkpoint shards:   1% Completed | 1/73 [00:00<00:12,  5.89it/s]
Loading safetensors checkpoint shards:   3% Completed | 2/73 [00:00<00:18,  3.94it/s]
Loading safetensors checkpoint shards:   4% Completed | 3/73 [00:00<00:19,  3.64it/s]
Loading safetensors checkpoint shards:   5% Completed | 4/73 [00:01<00:22,  3.07it/s]
Loading safetensors checkpoint shards:   7% Completed | 5/73 [00:01<00:25,  2.67it/s]
Loading safetensors checkpoint shards:   8% Completed | 6/73 [00:01<00:21,  3.17it/s]
Loading safetensors checkpoint shards:  10% Completed | 7/73 [00:02<00:21,  3.05it/s]
Loading safetensors checkpoint shards:  11% Completed | 8/73 [00:02<00:21,  3.05it/s]
Loading safetensors checkpoint shards:  12% Completed | 9/73 [00:02<00:22,  2.87it/s]
Loading safetensors checkpoint shards:  14% Completed | 10/73 [00:03<00:21,  2.98it/s]
Loading safetensors checkpoint shards:  15% Completed | 11/73 [00:03<00:20,  2.98it/s]
Loading safetensors checkpoint shards:  16% Completed | 12/73 [00:03<00:20,  2.95it/s]
Loading safetensors checkpoint shards:  18% Completed | 13/73 [00:04<00:20,  2.93it/s]
Loading safetensors checkpoint shards:  19% Completed | 14/73 [00:05<00:28,  2.10it/s]
Loading safetensors checkpoint shards:  21% Completed | 15/73 [00:05<00:26,  2.22it/s]
Loading safetensors checkpoint shards:  22% Completed | 16/73 [00:05<00:24,  2.35it/s]
Loading safetensors checkpoint shards:  23% Completed | 17/73 [00:06<00:21,  2.55it/s]
Loading safetensors checkpoint shards:  25% Completed | 18/73 [00:06<00:21,  2.51it/s]
Loading safetensors checkpoint shards:  26% Completed | 19/73 [00:06<00:20,  2.58it/s]
Loading safetensors checkpoint shards:  27% Completed | 20/73 [00:07<00:18,  2.80it/s]
Loading safetensors checkpoint shards:  29% Completed | 21/73 [00:07<00:17,  2.92it/s]
Loading safetensors checkpoint shards:  30% Completed | 22/73 [00:07<00:15,  3.40it/s]
Loading safetensors checkpoint shards:  32% Completed | 23/73 [00:08<00:16,  3.04it/s]
Loading safetensors checkpoint shards:  33% Completed | 24/73 [00:08<00:17,  2.79it/s]
Loading safetensors checkpoint shards:  34% Completed | 25/73 [00:08<00:17,  2.73it/s]
Loading safetensors checkpoint shards:  36% Completed | 26/73 [00:09<00:18,  2.61it/s]
Loading safetensors checkpoint shards:  37% Completed | 27/73 [00:09<00:17,  2.58it/s]
Loading safetensors checkpoint shards:  38% Completed | 28/73 [00:10<00:17,  2.54it/s]
Loading safetensors checkpoint shards:  40% Completed | 29/73 [00:10<00:16,  2.63it/s]
Loading safetensors checkpoint shards:  41% Completed | 30/73 [00:10<00:15,  2.74it/s]
Loading safetensors checkpoint shards:  42% Completed | 31/73 [00:11<00:15,  2.66it/s]
Loading safetensors checkpoint shards:  45% Completed | 33/73 [00:12<00:17,  2.30it/s]
Loading safetensors checkpoint shards:  47% Completed | 34/73 [00:12<00:16,  2.36it/s]
Loading safetensors checkpoint shards:  48% Completed | 35/73 [00:12<00:15,  2.45it/s]
Loading safetensors checkpoint shards:  49% Completed | 36/73 [00:13<00:15,  2.45it/s]
Loading safetensors checkpoint shards:  51% Completed | 37/73 [00:13<00:14,  2.54it/s]
Loading safetensors checkpoint shards:  52% Completed | 38/73 [00:14<00:13,  2.68it/s]
Loading safetensors checkpoint shards:  53% Completed | 39/73 [00:14<00:12,  2.67it/s]
Loading safetensors checkpoint shards:  55% Completed | 40/73 [00:14<00:10,  3.27it/s]
Loading safetensors checkpoint shards:  58% Completed | 42/73 [00:14<00:06,  4.82it/s]
Loading safetensors checkpoint shards:  60% Completed | 44/73 [00:14<00:04,  6.30it/s]
Loading safetensors checkpoint shards:  63% Completed | 46/73 [00:15<00:03,  6.88it/s]
Loading safetensors checkpoint shards:  66% Completed | 48/73 [00:15<00:03,  8.13it/s]
Loading safetensors checkpoint shards:  68% Completed | 50/73 [00:15<00:04,  5.41it/s]
Loading safetensors checkpoint shards:  70% Completed | 51/73 [00:16<00:06,  3.47it/s]
Loading safetensors checkpoint shards:  71% Completed | 52/73 [00:17<00:10,  2.05it/s]
Loading safetensors checkpoint shards:  73% Completed | 53/73 [00:18<00:10,  1.98it/s]
Loading safetensors checkpoint shards:  74% Completed | 54/73 [00:19<00:10,  1.79it/s]
Loading safetensors checkpoint shards:  75% Completed | 55/73 [00:19<00:09,  1.88it/s]
Loading safetensors checkpoint shards:  77% Completed | 56/73 [00:20<00:09,  1.76it/s]
Loading safetensors checkpoint shards:  78% Completed | 57/73 [00:21<00:10,  1.50it/s]
Loading safetensors checkpoint shards:  79% Completed | 58/73 [00:21<00:08,  1.75it/s]
Loading safetensors checkpoint shards:  81% Completed | 59/73 [00:21<00:07,  1.93it/s]
Loading safetensors checkpoint shards:  82% Completed | 60/73 [00:22<00:06,  2.13it/s]
Loading safetensors checkpoint shards:  84% Completed | 61/73 [00:22<00:05,  2.31it/s]
Loading safetensors checkpoint shards:  85% Completed | 62/73 [00:22<00:04,  2.72it/s]
Loading safetensors checkpoint shards:  86% Completed | 63/73 [00:23<00:03,  2.94it/s]
Loading safetensors checkpoint shards:  88% Completed | 64/73 [00:23<00:03,  2.98it/s]
Loading safetensors checkpoint shards:  89% Completed | 65/73 [00:23<00:02,  3.43it/s]
Loading safetensors checkpoint shards:  90% Completed | 66/73 [00:24<00:02,  3.17it/s]
Loading safetensors checkpoint shards:  92% Completed | 67/73 [00:24<00:01,  3.03it/s]
Loading safetensors checkpoint shards:  93% Completed | 68/73 [00:24<00:01,  3.00it/s]
Loading safetensors checkpoint shards:  95% Completed | 69/73 [00:25<00:01,  2.83it/s]
Loading safetensors checkpoint shards:  96% Completed | 70/73 [00:25<00:01,  2.81it/s]
Loading safetensors checkpoint shards:  97% Completed | 71/73 [00:25<00:00,  2.62it/s]
Loading safetensors checkpoint shards:  99% Completed | 72/73 [00:26<00:00,  3.23it/s]
Loading safetensors checkpoint shards: 100% Completed | 73/73 [00:26<00:00,  2.65it/s]
Loading safetensors checkpoint shards: 100% Completed | 73/73 [00:26<00:00,  2.74it/s]

[2025-11-12 14:01:34 DP5 TP5] Load weight end. type=DeepseekV3ForCausalLM, dtype=torch.bfloat16, avail mem=235.15 GB, mem usage=49.18 GB.
[2025-11-12 14:01:34 DP7 TP7] Load weight end. type=DeepseekV3ForCausalLM, dtype=torch.bfloat16, avail mem=235.22 GB, mem usage=49.18 GB.
[2025-11-12 14:01:34 DP4 TP4] Load weight end. type=DeepseekV3ForCausalLM, dtype=torch.bfloat16, avail mem=235.23 GB, mem usage=49.18 GB.
[2025-11-12 14:01:35 DP0 TP0] Load weight end. type=DeepseekV3ForCausalLM, dtype=torch.bfloat16, avail mem=235.11 GB, mem usage=49.18 GB.
[2025-11-12 14:01:35 DP6 TP6] Load weight end. type=DeepseekV3ForCausalLM, dtype=torch.bfloat16, avail mem=235.21 GB, mem usage=49.18 GB.
[2025-11-12 14:01:35 DP2 TP2] Load weight end. type=DeepseekV3ForCausalLM, dtype=torch.bfloat16, avail mem=235.09 GB, mem usage=49.18 GB.
[2025-11-12 14:01:36 DP1 TP1] Load weight end. type=DeepseekV3ForCausalLM, dtype=torch.bfloat16, avail mem=235.50 GB, mem usage=49.18 GB.
[2025-11-12 14:01:36 DP3 TP3] Load weight end. type=DeepseekV3ForCausalLM, dtype=torch.bfloat16, avail mem=235.08 GB, mem usage=49.18 GB.
[2025-11-12 14:01:36 DP0 TP0] Using KV cache dtype: torch.bfloat16
[2025-11-12 14:01:36 DP3 TP3] KV Cache is allocated. #tokens: 2201897, KV size: 144.11 GB
[2025-11-12 14:01:36 DP3 TP3] Memory pool end. avail mem=88.40 GB
[2025-11-12 14:01:36 DP0 TP0] KV Cache is allocated. #tokens: 2201897, KV size: 144.11 GB
[2025-11-12 14:01:36 DP5 TP5] KV Cache is allocated. #tokens: 2201897, KV size: 144.11 GB
[2025-11-12 14:01:36 DP0 TP0] Memory pool end. avail mem=88.43 GB
[2025-11-12 14:01:36 DP5 TP5] Memory pool end. avail mem=88.47 GB
[2025-11-12 14:01:36 DP4 TP4] KV Cache is allocated. #tokens: 2201897, KV size: 144.11 GB
[2025-11-12 14:01:36 DP4 TP4] Memory pool end. avail mem=88.55 GB
[2025-11-12 14:01:36 DP1 TP1] KV Cache is allocated. #tokens: 2201897, KV size: 144.11 GB
[2025-11-12 14:01:36 DP1 TP1] Memory pool end. avail mem=88.82 GB
[2025-11-12 14:01:36 DP2 TP2] KV Cache is allocated. #tokens: 2201897, KV size: 144.11 GB
[2025-11-12 14:01:36 DP7 TP7] KV Cache is allocated. #tokens: 2201897, KV size: 144.11 GB
[2025-11-12 14:01:36 DP2 TP2] Memory pool end. avail mem=88.41 GB
[2025-11-12 14:01:36 DP7 TP7] Memory pool end. avail mem=88.54 GB
[2025-11-12 14:01:36 DP6 TP6] KV Cache is allocated. #tokens: 2201897, KV size: 144.11 GB
[2025-11-12 14:01:36 DP6 TP6] Memory pool end. avail mem=88.53 GB
[2025-11-12 14:01:36 DP5 TP5] Capture cuda graph begin. This can take up to several minutes. avail mem=88.34 GB
[2025-11-12 14:01:36 DP1 TP1] Capture cuda graph begin. This can take up to several minutes. avail mem=88.70 GB
[2025-11-12 14:01:36 DP3 TP3] Capture cuda graph begin. This can take up to several minutes. avail mem=88.27 GB
[2025-11-12 14:01:36 DP4 TP4] Capture cuda graph begin. This can take up to several minutes. avail mem=88.42 GB
[2025-11-12 14:01:36 DP2 TP2] Capture cuda graph begin. This can take up to several minutes. avail mem=88.28 GB
[2025-11-12 14:01:36 DP6 TP6] Capture cuda graph begin. This can take up to several minutes. avail mem=88.40 GB
[2025-11-12 14:01:36 DP7 TP7] Capture cuda graph begin. This can take up to several minutes. avail mem=88.42 GB
[2025-11-12 14:01:36 DP0 TP0] Capture cuda graph begin. This can take up to several minutes. avail mem=88.30 GB
[2025-11-12 14:01:36 DP0 TP0] Capture cuda graph bs [1, 2, 4, 8, 12, 16, 24, 32, 40, 48, 56, 64, 72, 80, 88, 96, 104, 112, 120, 128, 136, 144, 152, 160, 168, 176, 184, 192, 200, 208, 216, 224, 232, 240, 248, 256, 272, 288, 304, 320, 336, 352, 368, 384, 400, 416, 432, 448, 464, 480, 496, 512]
  0%|          | 0/52 [00:00<?, ?it/s]Capturing batches (bs=512 avail_mem=87.66 GB):   0%|          | 0/52 [00:00<?, ?it/s][aiter] type hints mismatch, override to --> mla_decode_stage1_asm_fwd(Q: torch.Tensor, KV: torch.Tensor, qo_indptr: torch.Tensor, kv_indptr: torch.Tensor, kv_page_indices: torch.Tensor, kv_last_page_lens: torch.Tensor, num_kv_splits_indptr: Optional[torch.Tensor], work_meta_data: Optional[torch.Tensor], work_indptr: Optional[torch.Tensor], work_info_set: Optional[torch.Tensor], max_seqlen_q: int, softmax_scale: float, splitData: torch.Tensor, splitLse: torch.Tensor, output: torch.Tensor, q_scale: Optional[torch.Tensor] = None, kv_scale: Optional[torch.Tensor] = None) -> None
[2025-11-12 14:01:37 DP5 TP5] type hints mismatch, override to --> mla_decode_stage1_asm_fwd(Q: torch.Tensor, KV: torch.Tensor, qo_indptr: torch.Tensor, kv_indptr: torch.Tensor, kv_page_indices: torch.Tensor, kv_last_page_lens: torch.Tensor, num_kv_splits_indptr: Optional[torch.Tensor], work_meta_data: Optional[torch.Tensor], work_indptr: Optional[torch.Tensor], work_info_set: Optional[torch.Tensor], max_seqlen_q: int, softmax_scale: float, splitData: torch.Tensor, splitLse: torch.Tensor, output: torch.Tensor, q_scale: Optional[torch.Tensor] = None, kv_scale: Optional[torch.Tensor] = None) -> None
[aiter] type hints mismatch, override to --> mla_decode_stage1_asm_fwd(Q: torch.Tensor, KV: torch.Tensor, qo_indptr: torch.Tensor, kv_indptr: torch.Tensor, kv_page_indices: torch.Tensor, kv_last_page_lens: torch.Tensor, num_kv_splits_indptr: Optional[torch.Tensor], work_meta_data: Optional[torch.Tensor], work_indptr: Optional[torch.Tensor], work_info_set: Optional[torch.Tensor], max_seqlen_q: int, softmax_scale: float, splitData: torch.Tensor, splitLse: torch.Tensor, output: torch.Tensor, q_scale: Optional[torch.Tensor] = None, kv_scale: Optional[torch.Tensor] = None) -> None
[aiter] type hints mismatch, override to --> mla_decode_stage1_asm_fwd(Q: torch.Tensor, KV: torch.Tensor, qo_indptr: torch.Tensor, kv_indptr: torch.Tensor, kv_page_indices: torch.Tensor, kv_last_page_lens: torch.Tensor, num_kv_splits_indptr: Optional[torch.Tensor], work_meta_data: Optional[torch.Tensor], work_indptr: Optional[torch.Tensor], work_info_set: Optional[torch.Tensor], max_seqlen_q: int, softmax_scale: float, splitData: torch.Tensor, splitLse: torch.Tensor, output: torch.Tensor, q_scale: Optional[torch.Tensor] = None, kv_scale: Optional[torch.Tensor] = None) -> None
[2025-11-12 14:01:37 DP7 TP7] type hints mismatch, override to --> mla_decode_stage1_asm_fwd(Q: torch.Tensor, KV: torch.Tensor, qo_indptr: torch.Tensor, kv_indptr: torch.Tensor, kv_page_indices: torch.Tensor, kv_last_page_lens: torch.Tensor, num_kv_splits_indptr: Optional[torch.Tensor], work_meta_data: Optional[torch.Tensor], work_indptr: Optional[torch.Tensor], work_info_set: Optional[torch.Tensor], max_seqlen_q: int, softmax_scale: float, splitData: torch.Tensor, splitLse: torch.Tensor, output: torch.Tensor, q_scale: Optional[torch.Tensor] = None, kv_scale: Optional[torch.Tensor] = None) -> None
[2025-11-12 14:01:37 DP4 TP4] type hints mismatch, override to --> mla_decode_stage1_asm_fwd(Q: torch.Tensor, KV: torch.Tensor, qo_indptr: torch.Tensor, kv_indptr: torch.Tensor, kv_page_indices: torch.Tensor, kv_last_page_lens: torch.Tensor, num_kv_splits_indptr: Optional[torch.Tensor], work_meta_data: Optional[torch.Tensor], work_indptr: Optional[torch.Tensor], work_info_set: Optional[torch.Tensor], max_seqlen_q: int, softmax_scale: float, splitData: torch.Tensor, splitLse: torch.Tensor, output: torch.Tensor, q_scale: Optional[torch.Tensor] = None, kv_scale: Optional[torch.Tensor] = None) -> None
[aiter] type hints mismatch, override to --> mla_decode_stage1_asm_fwd(Q: torch.Tensor, KV: torch.Tensor, qo_indptr: torch.Tensor, kv_indptr: torch.Tensor, kv_page_indices: torch.Tensor, kv_last_page_lens: torch.Tensor, num_kv_splits_indptr: Optional[torch.Tensor], work_meta_data: Optional[torch.Tensor], work_indptr: Optional[torch.Tensor], work_info_set: Optional[torch.Tensor], max_seqlen_q: int, softmax_scale: float, splitData: torch.Tensor, splitLse: torch.Tensor, output: torch.Tensor, q_scale: Optional[torch.Tensor] = None, kv_scale: Optional[torch.Tensor] = None) -> None
[2025-11-12 14:01:37 DP3 TP3] type hints mismatch, override to --> mla_decode_stage1_asm_fwd(Q: torch.Tensor, KV: torch.Tensor, qo_indptr: torch.Tensor, kv_indptr: torch.Tensor, kv_page_indices: torch.Tensor, kv_last_page_lens: torch.Tensor, num_kv_splits_indptr: Optional[torch.Tensor], work_meta_data: Optional[torch.Tensor], work_indptr: Optional[torch.Tensor], work_info_set: Optional[torch.Tensor], max_seqlen_q: int, softmax_scale: float, splitData: torch.Tensor, splitLse: torch.Tensor, output: torch.Tensor, q_scale: Optional[torch.Tensor] = None, kv_scale: Optional[torch.Tensor] = None) -> None
[aiter] type hints mismatch, override to --> mla_decode_stage1_asm_fwd(Q: torch.Tensor, KV: torch.Tensor, qo_indptr: torch.Tensor, kv_indptr: torch.Tensor, kv_page_indices: torch.Tensor, kv_last_page_lens: torch.Tensor, num_kv_splits_indptr: Optional[torch.Tensor], work_meta_data: Optional[torch.Tensor], work_indptr: Optional[torch.Tensor], work_info_set: Optional[torch.Tensor], max_seqlen_q: int, softmax_scale: float, splitData: torch.Tensor, splitLse: torch.Tensor, output: torch.Tensor, q_scale: Optional[torch.Tensor] = None, kv_scale: Optional[torch.Tensor] = None) -> None
[2025-11-12 14:01:37 DP6 TP6] type hints mismatch, override to --> mla_decode_stage1_asm_fwd(Q: torch.Tensor, KV: torch.Tensor, qo_indptr: torch.Tensor, kv_indptr: torch.Tensor, kv_page_indices: torch.Tensor, kv_last_page_lens: torch.Tensor, num_kv_splits_indptr: Optional[torch.Tensor], work_meta_data: Optional[torch.Tensor], work_indptr: Optional[torch.Tensor], work_info_set: Optional[torch.Tensor], max_seqlen_q: int, softmax_scale: float, splitData: torch.Tensor, splitLse: torch.Tensor, output: torch.Tensor, q_scale: Optional[torch.Tensor] = None, kv_scale: Optional[torch.Tensor] = None) -> None
[aiter] type hints mismatch, override to --> mla_decode_stage1_asm_fwd(Q: torch.Tensor, KV: torch.Tensor, qo_indptr: torch.Tensor, kv_indptr: torch.Tensor, kv_page_indices: torch.Tensor, kv_last_page_lens: torch.Tensor, num_kv_splits_indptr: Optional[torch.Tensor], work_meta_data: Optional[torch.Tensor], work_indptr: Optional[torch.Tensor], work_info_set: Optional[torch.Tensor], max_seqlen_q: int, softmax_scale: float, splitData: torch.Tensor, splitLse: torch.Tensor, output: torch.Tensor, q_scale: Optional[torch.Tensor] = None, kv_scale: Optional[torch.Tensor] = None) -> None
[2025-11-12 14:01:37 DP2 TP2] type hints mismatch, override to --> mla_decode_stage1_asm_fwd(Q: torch.Tensor, KV: torch.Tensor, qo_indptr: torch.Tensor, kv_indptr: torch.Tensor, kv_page_indices: torch.Tensor, kv_last_page_lens: torch.Tensor, num_kv_splits_indptr: Optional[torch.Tensor], work_meta_data: Optional[torch.Tensor], work_indptr: Optional[torch.Tensor], work_info_set: Optional[torch.Tensor], max_seqlen_q: int, softmax_scale: float, splitData: torch.Tensor, splitLse: torch.Tensor, output: torch.Tensor, q_scale: Optional[torch.Tensor] = None, kv_scale: Optional[torch.Tensor] = None) -> None
[aiter] type hints mismatch, override to --> mla_decode_stage1_asm_fwd(Q: torch.Tensor, KV: torch.Tensor, qo_indptr: torch.Tensor, kv_indptr: torch.Tensor, kv_page_indices: torch.Tensor, kv_last_page_lens: torch.Tensor, num_kv_splits_indptr: Optional[torch.Tensor], work_meta_data: Optional[torch.Tensor], work_indptr: Optional[torch.Tensor], work_info_set: Optional[torch.Tensor], max_seqlen_q: int, softmax_scale: float, splitData: torch.Tensor, splitLse: torch.Tensor, output: torch.Tensor, q_scale: Optional[torch.Tensor] = None, kv_scale: Optional[torch.Tensor] = None) -> None
[2025-11-12 14:01:37 DP0 TP0] type hints mismatch, override to --> mla_decode_stage1_asm_fwd(Q: torch.Tensor, KV: torch.Tensor, qo_indptr: torch.Tensor, kv_indptr: torch.Tensor, kv_page_indices: torch.Tensor, kv_last_page_lens: torch.Tensor, num_kv_splits_indptr: Optional[torch.Tensor], work_meta_data: Optional[torch.Tensor], work_indptr: Optional[torch.Tensor], work_info_set: Optional[torch.Tensor], max_seqlen_q: int, softmax_scale: float, splitData: torch.Tensor, splitLse: torch.Tensor, output: torch.Tensor, q_scale: Optional[torch.Tensor] = None, kv_scale: Optional[torch.Tensor] = None) -> None
[aiter] type hints mismatch, override to --> mla_decode_stage1_asm_fwd(Q: torch.Tensor, KV: torch.Tensor, qo_indptr: torch.Tensor, kv_indptr: torch.Tensor, kv_page_indices: torch.Tensor, kv_last_page_lens: torch.Tensor, num_kv_splits_indptr: Optional[torch.Tensor], work_meta_data: Optional[torch.Tensor], work_indptr: Optional[torch.Tensor], work_info_set: Optional[torch.Tensor], max_seqlen_q: int, softmax_scale: float, splitData: torch.Tensor, splitLse: torch.Tensor, output: torch.Tensor, q_scale: Optional[torch.Tensor] = None, kv_scale: Optional[torch.Tensor] = None) -> None
[2025-11-12 14:01:37 DP1 TP1] type hints mismatch, override to --> mla_decode_stage1_asm_fwd(Q: torch.Tensor, KV: torch.Tensor, qo_indptr: torch.Tensor, kv_indptr: torch.Tensor, kv_page_indices: torch.Tensor, kv_last_page_lens: torch.Tensor, num_kv_splits_indptr: Optional[torch.Tensor], work_meta_data: Optional[torch.Tensor], work_indptr: Optional[torch.Tensor], work_info_set: Optional[torch.Tensor], max_seqlen_q: int, softmax_scale: float, splitData: torch.Tensor, splitLse: torch.Tensor, output: torch.Tensor, q_scale: Optional[torch.Tensor] = None, kv_scale: Optional[torch.Tensor] = None) -> None
[aiter] hipModuleLoad: /sgl-workspace/aiter/hsa/gfx950//mla/mla_dec_stage1_bf16_a16w16_subQ128_mqa128.co GetFunction: _ZN5aiter41mla_dec_stage1_bf16_a16w16_subQ128_mqa128E Success
[aiter] hipModuleLoad: /sgl-workspace/aiter/hsa/gfx950//mla/mla_dec_stage1_bf16_a16w16_subQ128_mqa128.co GetFunction: _ZN5aiter41mla_dec_stage1_bf16_a16w16_subQ128_mqa128E Success
[aiter] hipModuleLoad: /sgl-workspace/aiter/hsa/gfx950//mla/mla_dec_stage1_bf16_a16w16_subQ128_mqa128.co GetFunction: _ZN5aiter41mla_dec_stage1_bf16_a16w16_subQ128_mqa128E Success
[aiter] hipModuleLoad: /sgl-workspace/aiter/hsa/gfx950//mla/mla_dec_stage1_bf16_a16w16_subQ128_mqa128.co GetFunction: _ZN5aiter41mla_dec_stage1_bf16_a16w16_subQ128_mqa128E Success
[aiter] hipModuleLoad: /sgl-workspace/aiter/hsa/gfx950//mla/mla_dec_stage1_bf16_a16w16_subQ128_mqa128.co GetFunction: _ZN5aiter41mla_dec_stage1_bf16_a16w16_subQ128_mqa128E Success
[aiter] hipModuleLoad: /sgl-workspace/aiter/hsa/gfx950//mla/mla_dec_stage1_bf16_a16w16_subQ128_mqa128.co GetFunction: _ZN5aiter41mla_dec_stage1_bf16_a16w16_subQ128_mqa128E Success
[aiter] hipModuleLoad: /sgl-workspace/aiter/hsa/gfx950//mla/mla_dec_stage1_bf16_a16w16_subQ128_mqa128.co GetFunction: _ZN5aiter41mla_dec_stage1_bf16_a16w16_subQ128_mqa128E Success
[aiter] hipModuleLoad: /sgl-workspace/aiter/hsa/gfx950//mla/mla_dec_stage1_bf16_a16w16_subQ128_mqa128.co GetFunction: _ZN5aiter41mla_dec_stage1_bf16_a16w16_subQ128_mqa128E Success
[aiter] [fused_moe] using 2stage default for (256, 1024, 7168, 256, 256, 8, 'ActivationType.Silu', 'torch.bfloat16', 'torch.float4_e2m1fn_x2', 'torch.float4_e2m1fn_x2', 'QuantType.per_1x32', True, False) 
[2025-11-12 14:01:38 DP4 TP4] [fused_moe] using 2stage default for (256, 1024, 7168, 256, 256, 8, 'ActivationType.Silu', 'torch.bfloat16', 'torch.float4_e2m1fn_x2', 'torch.float4_e2m1fn_x2', 'QuantType.per_1x32', True, False) 
[aiter] [fused_moe] using 2stage default for (256, 1024, 7168, 256, 256, 8, 'ActivationType.Silu', 'torch.bfloat16', 'torch.float4_e2m1fn_x2', 'torch.float4_e2m1fn_x2', 'QuantType.per_1x32', True, False) 
[2025-11-12 14:01:38 DP6 TP6] [fused_moe] using 2stage default for (256, 1024, 7168, 256, 256, 8, 'ActivationType.Silu', 'torch.bfloat16', 'torch.float4_e2m1fn_x2', 'torch.float4_e2m1fn_x2', 'QuantType.per_1x32', True, False) 
[aiter] [fused_moe] using 2stage default for (256, 1024, 7168, 256, 256, 8, 'ActivationType.Silu', 'torch.bfloat16', 'torch.float4_e2m1fn_x2', 'torch.float4_e2m1fn_x2', 'QuantType.per_1x32', True, False) 
[2025-11-12 14:01:38 DP5 TP5] [fused_moe] using 2stage default for (256, 1024, 7168, 256, 256, 8, 'ActivationType.Silu', 'torch.bfloat16', 'torch.float4_e2m1fn_x2', 'torch.float4_e2m1fn_x2', 'QuantType.per_1x32', True, False) 
[aiter] type hints mismatch, override to --> dynamic_per_group_scaled_quant_fp4(out: torch.Tensor, input: torch.Tensor, scales: torch.Tensor, group_size: int = 32, shuffle_scale: bool = True, num_rows: Optional[torch.Tensor] = None, num_rows_factor: int = 1) -> None
[2025-11-12 14:01:38 DP4 TP4] type hints mismatch, override to --> dynamic_per_group_scaled_quant_fp4(out: torch.Tensor, input: torch.Tensor, scales: torch.Tensor, group_size: int = 32, shuffle_scale: bool = True, num_rows: Optional[torch.Tensor] = None, num_rows_factor: int = 1) -> None
[aiter] type hints mismatch, override to --> dynamic_per_group_scaled_quant_fp4(out: torch.Tensor, input: torch.Tensor, scales: torch.Tensor, group_size: int = 32, shuffle_scale: bool = True, num_rows: Optional[torch.Tensor] = None, num_rows_factor: int = 1) -> None
[2025-11-12 14:01:38 DP6 TP6] type hints mismatch, override to --> dynamic_per_group_scaled_quant_fp4(out: torch.Tensor, input: torch.Tensor, scales: torch.Tensor, group_size: int = 32, shuffle_scale: bool = True, num_rows: Optional[torch.Tensor] = None, num_rows_factor: int = 1) -> None
[aiter] type hints mismatch, override to --> dynamic_per_group_scaled_quant_fp4(out: torch.Tensor, input: torch.Tensor, scales: torch.Tensor, group_size: int = 32, shuffle_scale: bool = True, num_rows: Optional[torch.Tensor] = None, num_rows_factor: int = 1) -> None
[2025-11-12 14:01:38 DP5 TP5] type hints mismatch, override to --> dynamic_per_group_scaled_quant_fp4(out: torch.Tensor, input: torch.Tensor, scales: torch.Tensor, group_size: int = 32, shuffle_scale: bool = True, num_rows: Optional[torch.Tensor] = None, num_rows_factor: int = 1) -> None
[aiter] type hints mismatch, override to --> ck_moe_stage1(hidden_states: torch.Tensor, w1: torch.Tensor, w2: torch.Tensor, sorted_token_ids: torch.Tensor, sorted_expert_ids: torch.Tensor, num_valid_ids: torch.Tensor, out: torch.Tensor, topk: int, kernelName: str = None, w1_scale: Optional[torch.Tensor] = None, a1_scale: Optional[torch.Tensor] = None, block_m: Optional[int] = 32, sorted_weights: Optional[torch.Tensor] = None, quant_type: int = 0, activation: int = 0) -> None
[2025-11-12 14:01:38 DP4 TP4] type hints mismatch, override to --> ck_moe_stage1(hidden_states: torch.Tensor, w1: torch.Tensor, w2: torch.Tensor, sorted_token_ids: torch.Tensor, sorted_expert_ids: torch.Tensor, num_valid_ids: torch.Tensor, out: torch.Tensor, topk: int, kernelName: str = None, w1_scale: Optional[torch.Tensor] = None, a1_scale: Optional[torch.Tensor] = None, block_m: Optional[int] = 32, sorted_weights: Optional[torch.Tensor] = None, quant_type: int = 0, activation: int = 0) -> None
[aiter] type hints mismatch, override to --> ck_moe_stage1(hidden_states: torch.Tensor, w1: torch.Tensor, w2: torch.Tensor, sorted_token_ids: torch.Tensor, sorted_expert_ids: torch.Tensor, num_valid_ids: torch.Tensor, out: torch.Tensor, topk: int, kernelName: str = None, w1_scale: Optional[torch.Tensor] = None, a1_scale: Optional[torch.Tensor] = None, block_m: Optional[int] = 32, sorted_weights: Optional[torch.Tensor] = None, quant_type: int = 0, activation: int = 0) -> None
[2025-11-12 14:01:38 DP6 TP6] type hints mismatch, override to --> ck_moe_stage1(hidden_states: torch.Tensor, w1: torch.Tensor, w2: torch.Tensor, sorted_token_ids: torch.Tensor, sorted_expert_ids: torch.Tensor, num_valid_ids: torch.Tensor, out: torch.Tensor, topk: int, kernelName: str = None, w1_scale: Optional[torch.Tensor] = None, a1_scale: Optional[torch.Tensor] = None, block_m: Optional[int] = 32, sorted_weights: Optional[torch.Tensor] = None, quant_type: int = 0, activation: int = 0) -> None
[aiter] type hints mismatch, override to --> ck_moe_stage1(hidden_states: torch.Tensor, w1: torch.Tensor, w2: torch.Tensor, sorted_token_ids: torch.Tensor, sorted_expert_ids: torch.Tensor, num_valid_ids: torch.Tensor, out: torch.Tensor, topk: int, kernelName: str = None, w1_scale: Optional[torch.Tensor] = None, a1_scale: Optional[torch.Tensor] = None, block_m: Optional[int] = 32, sorted_weights: Optional[torch.Tensor] = None, quant_type: int = 0, activation: int = 0) -> None
[2025-11-12 14:01:38 DP5 TP5] type hints mismatch, override to --> ck_moe_stage1(hidden_states: torch.Tensor, w1: torch.Tensor, w2: torch.Tensor, sorted_token_ids: torch.Tensor, sorted_expert_ids: torch.Tensor, num_valid_ids: torch.Tensor, out: torch.Tensor, topk: int, kernelName: str = None, w1_scale: Optional[torch.Tensor] = None, a1_scale: Optional[torch.Tensor] = None, block_m: Optional[int] = 32, sorted_weights: Optional[torch.Tensor] = None, quant_type: int = 0, activation: int = 0) -> None
[aiter] [fused_moe] using 2stage default for (256, 1024, 7168, 256, 256, 8, 'ActivationType.Silu', 'torch.bfloat16', 'torch.float4_e2m1fn_x2', 'torch.float4_e2m1fn_x2', 'QuantType.per_1x32', True, False) 
[2025-11-12 14:01:38 DP0 TP0] [fused_moe] using 2stage default for (256, 1024, 7168, 256, 256, 8, 'ActivationType.Silu', 'torch.bfloat16', 'torch.float4_e2m1fn_x2', 'torch.float4_e2m1fn_x2', 'QuantType.per_1x32', True, False) 
[aiter] [fused_moe] using 2stage default for (256, 1024, 7168, 256, 256, 8, 'ActivationType.Silu', 'torch.bfloat16', 'torch.float4_e2m1fn_x2', 'torch.float4_e2m1fn_x2', 'QuantType.per_1x32', True, False) 
[2025-11-12 14:01:38 DP7 TP7] [fused_moe] using 2stage default for (256, 1024, 7168, 256, 256, 8, 'ActivationType.Silu', 'torch.bfloat16', 'torch.float4_e2m1fn_x2', 'torch.float4_e2m1fn_x2', 'QuantType.per_1x32', True, False) 
[aiter] [fused_moe] using 2stage default for (256, 1024, 7168, 256, 256, 8, 'ActivationType.Silu', 'torch.bfloat16', 'torch.float4_e2m1fn_x2', 'torch.float4_e2m1fn_x2', 'QuantType.per_1x32', True, False) 
[2025-11-12 14:01:38 DP2 TP2] [fused_moe] using 2stage default for (256, 1024, 7168, 256, 256, 8, 'ActivationType.Silu', 'torch.bfloat16', 'torch.float4_e2m1fn_x2', 'torch.float4_e2m1fn_x2', 'QuantType.per_1x32', True, False) 
[aiter] [fused_moe] using 2stage default for (256, 1024, 7168, 256, 256, 8, 'ActivationType.Silu', 'torch.bfloat16', 'torch.float4_e2m1fn_x2', 'torch.float4_e2m1fn_x2', 'QuantType.per_1x32', True, False) 
[2025-11-12 14:01:38 DP3 TP3] [fused_moe] using 2stage default for (256, 1024, 7168, 256, 256, 8, 'ActivationType.Silu', 'torch.bfloat16', 'torch.float4_e2m1fn_x2', 'torch.float4_e2m1fn_x2', 'QuantType.per_1x32', True, False) 
[aiter] [fused_moe] using 2stage default for (256, 1024, 7168, 256, 256, 8, 'ActivationType.Silu', 'torch.bfloat16', 'torch.float4_e2m1fn_x2', 'torch.float4_e2m1fn_x2', 'QuantType.per_1x32', True, False) 
[2025-11-12 14:01:38 DP1 TP1] [fused_moe] using 2stage default for (256, 1024, 7168, 256, 256, 8, 'ActivationType.Silu', 'torch.bfloat16', 'torch.float4_e2m1fn_x2', 'torch.float4_e2m1fn_x2', 'QuantType.per_1x32', True, False) 
[aiter] type hints mismatch, override to --> dynamic_per_group_scaled_quant_fp4(out: torch.Tensor, input: torch.Tensor, scales: torch.Tensor, group_size: int = 32, shuffle_scale: bool = True, num_rows: Optional[torch.Tensor] = None, num_rows_factor: int = 1) -> None
[2025-11-12 14:01:38 DP7 TP7] type hints mismatch, override to --> dynamic_per_group_scaled_quant_fp4(out: torch.Tensor, input: torch.Tensor, scales: torch.Tensor, group_size: int = 32, shuffle_scale: bool = True, num_rows: Optional[torch.Tensor] = None, num_rows_factor: int = 1) -> None
[aiter] type hints mismatch, override to --> dynamic_per_group_scaled_quant_fp4(out: torch.Tensor, input: torch.Tensor, scales: torch.Tensor, group_size: int = 32, shuffle_scale: bool = True, num_rows: Optional[torch.Tensor] = None, num_rows_factor: int = 1) -> None
[2025-11-12 14:01:38 DP0 TP0] type hints mismatch, override to --> dynamic_per_group_scaled_quant_fp4(out: torch.Tensor, input: torch.Tensor, scales: torch.Tensor, group_size: int = 32, shuffle_scale: bool = True, num_rows: Optional[torch.Tensor] = None, num_rows_factor: int = 1) -> None
[aiter] type hints mismatch, override to --> dynamic_per_group_scaled_quant_fp4(out: torch.Tensor, input: torch.Tensor, scales: torch.Tensor, group_size: int = 32, shuffle_scale: bool = True, num_rows: Optional[torch.Tensor] = None, num_rows_factor: int = 1) -> None
[2025-11-12 14:01:38 DP2 TP2] type hints mismatch, override to --> dynamic_per_group_scaled_quant_fp4(out: torch.Tensor, input: torch.Tensor, scales: torch.Tensor, group_size: int = 32, shuffle_scale: bool = True, num_rows: Optional[torch.Tensor] = None, num_rows_factor: int = 1) -> None
[aiter] type hints mismatch, override to --> dynamic_per_group_scaled_quant_fp4(out: torch.Tensor, input: torch.Tensor, scales: torch.Tensor, group_size: int = 32, shuffle_scale: bool = True, num_rows: Optional[torch.Tensor] = None, num_rows_factor: int = 1) -> None
[2025-11-12 14:01:38 DP3 TP3] type hints mismatch, override to --> dynamic_per_group_scaled_quant_fp4(out: torch.Tensor, input: torch.Tensor, scales: torch.Tensor, group_size: int = 32, shuffle_scale: bool = True, num_rows: Optional[torch.Tensor] = None, num_rows_factor: int = 1) -> None
[aiter] type hints mismatch, override to --> dynamic_per_group_scaled_quant_fp4(out: torch.Tensor, input: torch.Tensor, scales: torch.Tensor, group_size: int = 32, shuffle_scale: bool = True, num_rows: Optional[torch.Tensor] = None, num_rows_factor: int = 1) -> None
[2025-11-12 14:01:38 DP1 TP1] type hints mismatch, override to --> dynamic_per_group_scaled_quant_fp4(out: torch.Tensor, input: torch.Tensor, scales: torch.Tensor, group_size: int = 32, shuffle_scale: bool = True, num_rows: Optional[torch.Tensor] = None, num_rows_factor: int = 1) -> None
[aiter] type hints mismatch, override to --> ck_moe_stage1(hidden_states: torch.Tensor, w1: torch.Tensor, w2: torch.Tensor, sorted_token_ids: torch.Tensor, sorted_expert_ids: torch.Tensor, num_valid_ids: torch.Tensor, out: torch.Tensor, topk: int, kernelName: str = None, w1_scale: Optional[torch.Tensor] = None, a1_scale: Optional[torch.Tensor] = None, block_m: Optional[int] = 32, sorted_weights: Optional[torch.Tensor] = None, quant_type: int = 0, activation: int = 0) -> None
[aiter] type hints mismatch, override to --> ck_moe_stage1(hidden_states: torch.Tensor, w1: torch.Tensor, w2: torch.Tensor, sorted_token_ids: torch.Tensor, sorted_expert_ids: torch.Tensor, num_valid_ids: torch.Tensor, out: torch.Tensor, topk: int, kernelName: str = None, w1_scale: Optional[torch.Tensor] = None, a1_scale: Optional[torch.Tensor] = None, block_m: Optional[int] = 32, sorted_weights: Optional[torch.Tensor] = None, quant_type: int = 0, activation: int = 0) -> None
[2025-11-12 14:01:38 DP7 TP7] type hints mismatch, override to --> ck_moe_stage1(hidden_states: torch.Tensor, w1: torch.Tensor, w2: torch.Tensor, sorted_token_ids: torch.Tensor, sorted_expert_ids: torch.Tensor, num_valid_ids: torch.Tensor, out: torch.Tensor, topk: int, kernelName: str = None, w1_scale: Optional[torch.Tensor] = None, a1_scale: Optional[torch.Tensor] = None, block_m: Optional[int] = 32, sorted_weights: Optional[torch.Tensor] = None, quant_type: int = 0, activation: int = 0) -> None
[2025-11-12 14:01:38 DP0 TP0] type hints mismatch, override to --> ck_moe_stage1(hidden_states: torch.Tensor, w1: torch.Tensor, w2: torch.Tensor, sorted_token_ids: torch.Tensor, sorted_expert_ids: torch.Tensor, num_valid_ids: torch.Tensor, out: torch.Tensor, topk: int, kernelName: str = None, w1_scale: Optional[torch.Tensor] = None, a1_scale: Optional[torch.Tensor] = None, block_m: Optional[int] = 32, sorted_weights: Optional[torch.Tensor] = None, quant_type: int = 0, activation: int = 0) -> None
Capturing batches (bs=512 avail_mem=87.66 GB):   0%|          | 0/52 [00:01<?, ?it/s]
[aiter] type hints mismatch, override to --> ck_moe_stage1(hidden_states: torch.Tensor, w1: torch.Tensor, w2: torch.Tensor, sorted_token_ids: torch.Tensor, sorted_expert_ids: torch.Tensor, num_valid_ids: torch.Tensor, out: torch.Tensor, topk: int, kernelName: str = None, w1_scale: Optional[torch.Tensor] = None, a1_scale: Optional[torch.Tensor] = None, block_m: Optional[int] = 32, sorted_weights: Optional[torch.Tensor] = None, quant_type: int = 0, activation: int = 0) -> None
[2025-11-12 14:01:38 DP2 TP2] type hints mismatch, override to --> ck_moe_stage1(hidden_states: torch.Tensor, w1: torch.Tensor, w2: torch.Tensor, sorted_token_ids: torch.Tensor, sorted_expert_ids: torch.Tensor, num_valid_ids: torch.Tensor, out: torch.Tensor, topk: int, kernelName: str = None, w1_scale: Optional[torch.Tensor] = None, a1_scale: Optional[torch.Tensor] = None, block_m: Optional[int] = 32, sorted_weights: Optional[torch.Tensor] = None, quant_type: int = 0, activation: int = 0) -> None
[aiter] type hints mismatch, override to --> ck_moe_stage1(hidden_states: torch.Tensor, w1: torch.Tensor, w2: torch.Tensor, sorted_token_ids: torch.Tensor, sorted_expert_ids: torch.Tensor, num_valid_ids: torch.Tensor, out: torch.Tensor, topk: int, kernelName: str = None, w1_scale: Optional[torch.Tensor] = None, a1_scale: Optional[torch.Tensor] = None, block_m: Optional[int] = 32, sorted_weights: Optional[torch.Tensor] = None, quant_type: int = 0, activation: int = 0) -> None
[2025-11-12 14:01:38 DP3 TP3] type hints mismatch, override to --> ck_moe_stage1(hidden_states: torch.Tensor, w1: torch.Tensor, w2: torch.Tensor, sorted_token_ids: torch.Tensor, sorted_expert_ids: torch.Tensor, num_valid_ids: torch.Tensor, out: torch.Tensor, topk: int, kernelName: str = None, w1_scale: Optional[torch.Tensor] = None, a1_scale: Optional[torch.Tensor] = None, block_m: Optional[int] = 32, sorted_weights: Optional[torch.Tensor] = None, quant_type: int = 0, activation: int = 0) -> None
[aiter] type hints mismatch, override to --> ck_moe_stage1(hidden_states: torch.Tensor, w1: torch.Tensor, w2: torch.Tensor, sorted_token_ids: torch.Tensor, sorted_expert_ids: torch.Tensor, num_valid_ids: torch.Tensor, out: torch.Tensor, topk: int, kernelName: str = None, w1_scale: Optional[torch.Tensor] = None, a1_scale: Optional[torch.Tensor] = None, block_m: Optional[int] = 32, sorted_weights: Optional[torch.Tensor] = None, quant_type: int = 0, activation: int = 0) -> None
[2025-11-12 14:01:38 DP1 TP1] type hints mismatch, override to --> ck_moe_stage1(hidden_states: torch.Tensor, w1: torch.Tensor, w2: torch.Tensor, sorted_token_ids: torch.Tensor, sorted_expert_ids: torch.Tensor, num_valid_ids: torch.Tensor, out: torch.Tensor, topk: int, kernelName: str = None, w1_scale: Optional[torch.Tensor] = None, a1_scale: Optional[torch.Tensor] = None, block_m: Optional[int] = 32, sorted_weights: Optional[torch.Tensor] = None, quant_type: int = 0, activation: int = 0) -> None
[2025-11-12 14:01:38 DP0 TP0] Registering 0 cuda graph addresses
[2025-11-12 14:01:38 DP5 TP5] Scheduler hit an exception: Traceback (most recent call last):
  File "/sgl-workspace/sglang/python/sglang/srt/model_executor/cuda_graph_runner.py", line 381, in __init__
    self.capture()
  File "/sgl-workspace/sglang/python/sglang/srt/model_executor/cuda_graph_runner.py", line 520, in capture
    ) = self.capture_one_batch_size(bs, forward)
  File "/sgl-workspace/sglang/python/sglang/srt/model_executor/cuda_graph_runner.py", line 699, in capture_one_batch_size
    run_once()
  File "/sgl-workspace/sglang/python/sglang/srt/model_executor/cuda_graph_runner.py", line 686, in run_once
    logits_output_or_pp_proxy_tensors = forward(
  File "/opt/venv/lib/python3.10/site-packages/torch/utils/_contextlib.py", line 120, in decorate_context
    return func(*args, **kwargs)
  File "/sgl-workspace/sglang/python/sglang/srt/models/deepseek_v2.py", line 3206, in forward
    hidden_states = self.model(
  File "/opt/venv/lib/python3.10/site-packages/torch/nn/modules/module.py", line 1775, in _wrapped_call_impl
    return self._call_impl(*args, **kwargs)
  File "/opt/venv/lib/python3.10/site-packages/torch/nn/modules/module.py", line 1786, in _call_impl
    return forward_call(*args, **kwargs)
  File "/sgl-workspace/sglang/python/sglang/srt/models/deepseek_v2.py", line 3067, in forward
    hidden_states, residual = layer(
  File "/opt/venv/lib/python3.10/site-packages/torch/nn/modules/module.py", line 1775, in _wrapped_call_impl
    return self._call_impl(*args, **kwargs)
  File "/opt/venv/lib/python3.10/site-packages/torch/nn/modules/module.py", line 1786, in _call_impl
    return forward_call(*args, **kwargs)
  File "/sgl-workspace/sglang/python/sglang/srt/models/deepseek_v2.py", line 2818, in forward
    hidden_states = self.mlp(
  File "/opt/venv/lib/python3.10/site-packages/torch/nn/modules/module.py", line 1775, in _wrapped_call_impl
    return self._call_impl(*args, **kwargs)
  File "/opt/venv/lib/python3.10/site-packages/torch/nn/modules/module.py", line 1786, in _call_impl
    return forward_call(*args, **kwargs)
  File "/sgl-workspace/sglang/python/sglang/srt/models/deepseek_v2.py", line 758, in forward
    return self.forward_normal(
  File "/sgl-workspace/sglang/python/sglang/srt/models/deepseek_v2.py", line 839, in forward_normal
    final_hidden_states = self.experts(
  File "/opt/venv/lib/python3.10/site-packages/torch/nn/modules/module.py", line 1775, in _wrapped_call_impl
    return self._call_impl(*args, **kwargs)
  File "/opt/venv/lib/python3.10/site-packages/torch/nn/modules/module.py", line 1786, in _call_impl
    return forward_call(*args, **kwargs)
  File "/sgl-workspace/sglang/python/sglang/srt/layers/moe/fused_moe_triton/layer.py", line 845, in forward
    combine_input = self.run_moe_core(
  File "/sgl-workspace/sglang/python/sglang/srt/layers/moe/fused_moe_triton/layer.py", line 867, in run_moe_core
    return self.quant_method.apply(
  File "/sgl-workspace/sglang/python/sglang/srt/layers/quantization/quark/quark_moe.py", line 210, in apply
    output = fused_moe(
  File "/sgl-workspace/aiter/aiter/fused_moe.py", line 115, in fused_moe
    return fused_moe_(
  File "/sgl-workspace/aiter/aiter/jit/utils/torch_guard.py", line 279, in wrapper_custom
    getattr(torch.ops.aiter, f"{loadName}")(*args, **kwargs)
  File "/opt/venv/lib/python3.10/site-packages/torch/_ops.py", line 1254, in __call__
    return self._op(*args, **kwargs)
  File "/sgl-workspace/aiter/aiter/jit/utils/torch_guard.py", line 302, in outer_wrapper
    wrapper(*args, **kwargs)
  File "/sgl-workspace/aiter/aiter/jit/utils/torch_guard.py", line 197, in wrapper
    return func(*args, **kwargs)
  File "/sgl-workspace/aiter/aiter/fused_moe.py", line 283, in fused_moe_
    return fused_moe_2stages(
  File "/sgl-workspace/aiter/aiter/fused_moe.py", line 834, in fused_moe_2stages
    a2 = metadata.stage1(
  File "/sgl-workspace/aiter/aiter/ops/moe_op.py", line 492, in ck_moe_stage1_fwd
    ck_moe_stage1(
  File "/sgl-workspace/aiter/aiter/jit/utils/torch_guard.py", line 279, in wrapper_custom
    getattr(torch.ops.aiter, f"{loadName}")(*args, **kwargs)
  File "/opt/venv/lib/python3.10/site-packages/torch/_ops.py", line 1254, in __call__
    return self._op(*args, **kwargs)
  File "/sgl-workspace/aiter/aiter/jit/utils/torch_guard.py", line 302, in outer_wrapper
    wrapper(*args, **kwargs)
  File "/sgl-workspace/aiter/aiter/jit/utils/torch_guard.py", line 197, in wrapper
    return func(*args, **kwargs)
  File "/sgl-workspace/aiter/aiter/jit/core.py", line 903, in custom_wrapper
    return wrapper(*args, **kwargs)
  File "/sgl-workspace/aiter/aiter/jit/core.py", line 899, in wrapper
    return op(*args, **kwargs)
RuntimeError: Unsupported kernel config for moe heuristic dispatch

During handling of the above exception, another exception occurred:

Traceback (most recent call last):
  File "/sgl-workspace/sglang/python/sglang/srt/managers/scheduler.py", line 2701, in run_scheduler_process
    scheduler = Scheduler(
  File "/sgl-workspace/sglang/python/sglang/srt/managers/scheduler.py", line 312, in __init__
    self.tp_worker = TpModelWorker(
  File "/sgl-workspace/sglang/python/sglang/srt/managers/tp_worker.py", line 237, in __init__
    self._model_runner = ModelRunner(
  File "/sgl-workspace/sglang/python/sglang/srt/model_executor/model_runner.py", line 323, in __init__
    self.initialize(min_per_gpu_memory)
  File "/sgl-workspace/sglang/python/sglang/srt/model_executor/model_runner.py", line 490, in initialize
    self.init_device_graphs()
  File "/sgl-workspace/sglang/python/sglang/srt/model_executor/model_runner.py", line 2006, in init_device_graphs
    self.graph_runner = graph_runners[self.device](self)
  File "/sgl-workspace/sglang/python/sglang/srt/model_executor/cuda_graph_runner.py", line 383, in __init__
    raise Exception(
Exception: Capture cuda graph failed: Unsupported kernel config for moe heuristic dispatch
Possible solutions:
1. set --mem-fraction-static to a smaller value (e.g., 0.8 or 0.7)
2. set --cuda-graph-max-bs to a smaller value (e.g., 16)
3. disable torch compile by not using --enable-torch-compile
4. disable CUDA graph by --disable-cuda-graph. (Not recommended. Huge performance loss)
Open an issue on GitHub https://github.com/sgl-project/sglang/issues/new/choose 


[2025-11-12 14:01:38 DP6 TP6] Scheduler hit an exception: Traceback (most recent call last):
  File "/sgl-workspace/sglang/python/sglang/srt/model_executor/cuda_graph_runner.py", line 381, in __init__
    self.capture()
  File "/sgl-workspace/sglang/python/sglang/srt/model_executor/cuda_graph_runner.py", line 520, in capture
    ) = self.capture_one_batch_size(bs, forward)
  File "/sgl-workspace/sglang/python/sglang/srt/model_executor/cuda_graph_runner.py", line 699, in capture_one_batch_size
    run_once()
  File "/sgl-workspace/sglang/python/sglang/srt/model_executor/cuda_graph_runner.py", line 686, in run_once
    logits_output_or_pp_proxy_tensors = forward(
  File "/opt/venv/lib/python3.10/site-packages/torch/utils/_contextlib.py", line 120, in decorate_context
    return func(*args, **kwargs)
  File "/sgl-workspace/sglang/python/sglang/srt/models/deepseek_v2.py", line 3206, in forward
    hidden_states = self.model(
  File "/opt/venv/lib/python3.10/site-packages/torch/nn/modules/module.py", line 1775, in _wrapped_call_impl
    return self._call_impl(*args, **kwargs)
  File "/opt/venv/lib/python3.10/site-packages/torch/nn/modules/module.py", line 1786, in _call_impl
    return forward_call(*args, **kwargs)
  File "/sgl-workspace/sglang/python/sglang/srt/models/deepseek_v2.py", line 3067, in forward
    hidden_states, residual = layer(
  File "/opt/venv/lib/python3.10/site-packages/torch/nn/modules/module.py", line 1775, in _wrapped_call_impl
    return self._call_impl(*args, **kwargs)
  File "/opt/venv/lib/python3.10/site-packages/torch/nn/modules/module.py", line 1786, in _call_impl
    return forward_call(*args, **kwargs)
  File "/sgl-workspace/sglang/python/sglang/srt/models/deepseek_v2.py", line 2818, in forward
    hidden_states = self.mlp(
  File "/opt/venv/lib/python3.10/site-packages/torch/nn/modules/module.py", line 1775, in _wrapped_call_impl
    return self._call_impl(*args, **kwargs)
  File "/opt/venv/lib/python3.10/site-packages/torch/nn/modules/module.py", line 1786, in _call_impl
    return forward_call(*args, **kwargs)
  File "/sgl-workspace/sglang/python/sglang/srt/models/deepseek_v2.py", line 758, in forward
    return self.forward_normal(
  File "/sgl-workspace/sglang/python/sglang/srt/models/deepseek_v2.py", line 839, in forward_normal
    final_hidden_states = self.experts(
  File "/opt/venv/lib/python3.10/site-packages/torch/nn/modules/module.py", line 1775, in _wrapped_call_impl
    return self._call_impl(*args, **kwargs)
  File "/opt/venv/lib/python3.10/site-packages/torch/nn/modules/module.py", line 1786, in _call_impl
    return forward_call(*args, **kwargs)
  File "/sgl-workspace/sglang/python/sglang/srt/layers/moe/fused_moe_triton/layer.py", line 845, in forward
    combine_input = self.run_moe_core(
  File "/sgl-workspace/sglang/python/sglang/srt/layers/moe/fused_moe_triton/layer.py", line 867, in run_moe_core
    return self.quant_method.apply(
  File "/sgl-workspace/sglang/python/sglang/srt/layers/quantization/quark/quark_moe.py", line 210, in apply
    output = fused_moe(
  File "/sgl-workspace/aiter/aiter/fused_moe.py", line 115, in fused_moe
    return fused_moe_(
  File "/sgl-workspace/aiter/aiter/jit/utils/torch_guard.py", line 279, in wrapper_custom
    getattr(torch.ops.aiter, f"{loadName}")(*args, **kwargs)
  File "/opt/venv/lib/python3.10/site-packages/torch/_ops.py", line 1254, in __call__
    return self._op(*args, **kwargs)
  File "/sgl-workspace/aiter/aiter/jit/utils/torch_guard.py", line 302, in outer_wrapper
    wrapper(*args, **kwargs)
  File "/sgl-workspace/aiter/aiter/jit/utils/torch_guard.py", line 197, in wrapper
    return func(*args, **kwargs)
  File "/sgl-workspace/aiter/aiter/fused_moe.py", line 283, in fused_moe_
    return fused_moe_2stages(
  File "/sgl-workspace/aiter/aiter/fused_moe.py", line 834, in fused_moe_2stages
    a2 = metadata.stage1(
  File "/sgl-workspace/aiter/aiter/ops/moe_op.py", line 492, in ck_moe_stage1_fwd
    ck_moe_stage1(
  File "/sgl-workspace/aiter/aiter/jit/utils/torch_guard.py", line 279, in wrapper_custom
    getattr(torch.ops.aiter, f"{loadName}")(*args, **kwargs)
  File "/opt/venv/lib/python3.10/site-packages/torch/_ops.py", line 1254, in __call__
    return self._op(*args, **kwargs)
  File "/sgl-workspace/aiter/aiter/jit/utils/torch_guard.py", line 302, in outer_wrapper
    wrapper(*args, **kwargs)
  File "/sgl-workspace/aiter/aiter/jit/utils/torch_guard.py", line 197, in wrapper
    return func(*args, **kwargs)
  File "/sgl-workspace/aiter/aiter/jit/core.py", line 903, in custom_wrapper
    return wrapper(*args, **kwargs)
  File "/sgl-workspace/aiter/aiter/jit/core.py", line 899, in wrapper
    return op(*args, **kwargs)
RuntimeError: Unsupported kernel config for moe heuristic dispatch

During handling of the above exception, another exception occurred:

Traceback (most recent call last):
  File "/sgl-workspace/sglang/python/sglang/srt/managers/scheduler.py", line 2701, in run_scheduler_process
    scheduler = Scheduler(
  File "/sgl-workspace/sglang/python/sglang/srt/managers/scheduler.py", line 312, in __init__
    self.tp_worker = TpModelWorker(
  File "/sgl-workspace/sglang/python/sglang/srt/managers/tp_worker.py", line 237, in __init__
    self._model_runner = ModelRunner(
  File "/sgl-workspace/sglang/python/sglang/srt/model_executor/model_runner.py", line 323, in __init__
    self.initialize(min_per_gpu_memory)
  File "/sgl-workspace/sglang/python/sglang/srt/model_executor/model_runner.py", line 490, in initialize
    self.init_device_graphs()
  File "/sgl-workspace/sglang/python/sglang/srt/model_executor/model_runner.py", line 2006, in init_device_graphs
    self.graph_runner = graph_runners[self.device](self)
  File "/sgl-workspace/sglang/python/sglang/srt/model_executor/cuda_graph_runner.py", line 383, in __init__
    raise Exception(
Exception: Capture cuda graph failed: Unsupported kernel config for moe heuristic dispatch
Possible solutions:
1. set --mem-fraction-static to a smaller value (e.g., 0.8 or 0.7)
2. set --cuda-graph-max-bs to a smaller value (e.g., 16)
3. disable torch compile by not using --enable-torch-compile
4. disable CUDA graph by --disable-cuda-graph. (Not recommended. Huge performance loss)
Open an issue on GitHub https://github.com/sgl-project/sglang/issues/new/choose 


[2025-11-12 14:01:38 DP7 TP7] Scheduler hit an exception: Traceback (most recent call last):
  File "/sgl-workspace/sglang/python/sglang/srt/model_executor/cuda_graph_runner.py", line 381, in __init__
    self.capture()
  File "/sgl-workspace/sglang/python/sglang/srt/model_executor/cuda_graph_runner.py", line 520, in capture
    ) = self.capture_one_batch_size(bs, forward)
  File "/sgl-workspace/sglang/python/sglang/srt/model_executor/cuda_graph_runner.py", line 699, in capture_one_batch_size
    run_once()
  File "/sgl-workspace/sglang/python/sglang/srt/model_executor/cuda_graph_runner.py", line 686, in run_once
    logits_output_or_pp_proxy_tensors = forward(
  File "/opt/venv/lib/python3.10/site-packages/torch/utils/_contextlib.py", line 120, in decorate_context
    return func(*args, **kwargs)
  File "/sgl-workspace/sglang/python/sglang/srt/models/deepseek_v2.py", line 3206, in forward
    hidden_states = self.model(
  File "/opt/venv/lib/python3.10/site-packages/torch/nn/modules/module.py", line 1775, in _wrapped_call_impl
    return self._call_impl(*args, **kwargs)
  File "/opt/venv/lib/python3.10/site-packages/torch/nn/modules/module.py", line 1786, in _call_impl
    return forward_call(*args, **kwargs)
  File "/sgl-workspace/sglang/python/sglang/srt/models/deepseek_v2.py", line 3067, in forward
    hidden_states, residual = layer(
  File "/opt/venv/lib/python3.10/site-packages/torch/nn/modules/module.py", line 1775, in _wrapped_call_impl
    return self._call_impl(*args, **kwargs)
  File "/opt/venv/lib/python3.10/site-packages/torch/nn/modules/module.py", line 1786, in _call_impl
    return forward_call(*args, **kwargs)
  File "/sgl-workspace/sglang/python/sglang/srt/models/deepseek_v2.py", line 2818, in forward
    hidden_states = self.mlp(
  File "/opt/venv/lib/python3.10/site-packages/torch/nn/modules/module.py", line 1775, in _wrapped_call_impl
    return self._call_impl(*args, **kwargs)
  File "/opt/venv/lib/python3.10/site-packages/torch/nn/modules/module.py", line 1786, in _call_impl
    return forward_call(*args, **kwargs)
  File "/sgl-workspace/sglang/python/sglang/srt/models/deepseek_v2.py", line 758, in forward
    return self.forward_normal(
  File "/sgl-workspace/sglang/python/sglang/srt/models/deepseek_v2.py", line 839, in forward_normal
    final_hidden_states = self.experts(
  File "/opt/venv/lib/python3.10/site-packages/torch/nn/modules/module.py", line 1775, in _wrapped_call_impl
    return self._call_impl(*args, **kwargs)
  File "/opt/venv/lib/python3.10/site-packages/torch/nn/modules/module.py", line 1786, in _call_impl
    return forward_call(*args, **kwargs)
  File "/sgl-workspace/sglang/python/sglang/srt/layers/moe/fused_moe_triton/layer.py", line 845, in forward
    combine_input = self.run_moe_core(
  File "/sgl-workspace/sglang/python/sglang/srt/layers/moe/fused_moe_triton/layer.py", line 867, in run_moe_core
    return self.quant_method.apply(
  File "/sgl-workspace/sglang/python/sglang/srt/layers/quantization/quark/quark_moe.py", line 210, in apply
    output = fused_moe(
  File "/sgl-workspace/aiter/aiter/fused_moe.py", line 115, in fused_moe
    return fused_moe_(
  File "/sgl-workspace/aiter/aiter/jit/utils/torch_guard.py", line 279, in wrapper_custom
    getattr(torch.ops.aiter, f"{loadName}")(*args, **kwargs)
  File "/opt/venv/lib/python3.10/site-packages/torch/_ops.py", line 1254, in __call__
    return self._op(*args, **kwargs)
  File "/sgl-workspace/aiter/aiter/jit/utils/torch_guard.py", line 302, in outer_wrapper
    wrapper(*args, **kwargs)
  File "/sgl-workspace/aiter/aiter/jit/utils/torch_guard.py", line 197, in wrapper
    return func(*args, **kwargs)
  File "/sgl-workspace/aiter/aiter/fused_moe.py", line 283, in fused_moe_
    return fused_moe_2stages(
  File "/sgl-workspace/aiter/aiter/fused_moe.py", line 834, in fused_moe_2stages
    a2 = metadata.stage1(
  File "/sgl-workspace/aiter/aiter/ops/moe_op.py", line 492, in ck_moe_stage1_fwd
    ck_moe_stage1(
  File "/sgl-workspace/aiter/aiter/jit/utils/torch_guard.py", line 279, in wrapper_custom
    getattr(torch.ops.aiter, f"{loadName}")(*args, **kwargs)
  File "/opt/venv/lib/python3.10/site-packages/torch/_ops.py", line 1254, in __call__
    return self._op(*args, **kwargs)
  File "/sgl-workspace/aiter/aiter/jit/utils/torch_guard.py", line 302, in outer_wrapper
    wrapper(*args, **kwargs)
  File "/sgl-workspace/aiter/aiter/jit/utils/torch_guard.py", line 197, in wrapper
    return func(*args, **kwargs)
  File "/sgl-workspace/aiter/aiter/jit/core.py", line 903, in custom_wrapper
    return wrapper(*args, **kwargs)
  File "/sgl-workspace/aiter/aiter/jit/core.py", line 899, in wrapper
    return op(*args, **kwargs)
RuntimeError: Unsupported kernel config for moe heuristic dispatch

During handling of the above exception, another exception occurred:

Traceback (most recent call last):
  File "/sgl-workspace/sglang/python/sglang/srt/managers/scheduler.py", line 2701, in run_scheduler_process
    scheduler = Scheduler(
  File "/sgl-workspace/sglang/python/sglang/srt/managers/scheduler.py", line 312, in __init__
    self.tp_worker = TpModelWorker(
  File "/sgl-workspace/sglang/python/sglang/srt/managers/tp_worker.py", line 237, in __init__
    self._model_runner = ModelRunner(
  File "/sgl-workspace/sglang/python/sglang/srt/model_executor/model_runner.py", line 323, in __init__
    self.initialize(min_per_gpu_memory)
  File "/sgl-workspace/sglang/python/sglang/srt/model_executor/model_runner.py", line 490, in initialize
    self.init_device_graphs()
  File "/sgl-workspace/sglang/python/sglang/srt/model_executor/model_runner.py", line 2006, in init_device_graphs
    self.graph_runner = graph_runners[self.device](self)
  File "/sgl-workspace/sglang/python/sglang/srt/model_executor/cuda_graph_runner.py", line 383, in __init__
    raise Exception(
Exception: Capture cuda graph failed: Unsupported kernel config for moe heuristic dispatch
Possible solutions:
1. set --mem-fraction-static to a smaller value (e.g., 0.8 or 0.7)
2. set --cuda-graph-max-bs to a smaller value (e.g., 16)
3. disable torch compile by not using --enable-torch-compile
4. disable CUDA graph by --disable-cuda-graph. (Not recommended. Huge performance loss)
Open an issue on GitHub https://github.com/sgl-project/sglang/issues/new/choose 


[2025-11-12 14:01:38 DP4 TP4] Scheduler hit an exception: Traceback (most recent call last):
  File "/sgl-workspace/sglang/python/sglang/srt/model_executor/cuda_graph_runner.py", line 381, in __init__
    self.capture()
  File "/sgl-workspace/sglang/python/sglang/srt/model_executor/cuda_graph_runner.py", line 520, in capture
    ) = self.capture_one_batch_size(bs, forward)
  File "/sgl-workspace/sglang/python/sglang/srt/model_executor/cuda_graph_runner.py", line 699, in capture_one_batch_size
    run_once()
  File "/sgl-workspace/sglang/python/sglang/srt/model_executor/cuda_graph_runner.py", line 686, in run_once
    logits_output_or_pp_proxy_tensors = forward(
  File "/opt/venv/lib/python3.10/site-packages/torch/utils/_contextlib.py", line 120, in decorate_context
    return func(*args, **kwargs)
  File "/sgl-workspace/sglang/python/sglang/srt/models/deepseek_v2.py", line 3206, in forward
    hidden_states = self.model(
  File "/opt/venv/lib/python3.10/site-packages/torch/nn/modules/module.py", line 1775, in _wrapped_call_impl
    return self._call_impl(*args, **kwargs)
  File "/opt/venv/lib/python3.10/site-packages/torch/nn/modules/module.py", line 1786, in _call_impl
    return forward_call(*args, **kwargs)
  File "/sgl-workspace/sglang/python/sglang/srt/models/deepseek_v2.py", line 3067, in forward
    hidden_states, residual = layer(
  File "/opt/venv/lib/python3.10/site-packages/torch/nn/modules/module.py", line 1775, in _wrapped_call_impl
    return self._call_impl(*args, **kwargs)
  File "/opt/venv/lib/python3.10/site-packages/torch/nn/modules/module.py", line 1786, in _call_impl
    return forward_call(*args, **kwargs)
  File "/sgl-workspace/sglang/python/sglang/srt/models/deepseek_v2.py", line 2818, in forward
    hidden_states = self.mlp(
  File "/opt/venv/lib/python3.10/site-packages/torch/nn/modules/module.py", line 1775, in _wrapped_call_impl
    return self._call_impl(*args, **kwargs)
  File "/opt/venv/lib/python3.10/site-packages/torch/nn/modules/module.py", line 1786, in _call_impl
    return forward_call(*args, **kwargs)
  File "/sgl-workspace/sglang/python/sglang/srt/models/deepseek_v2.py", line 758, in forward
    return self.forward_normal(
  File "/sgl-workspace/sglang/python/sglang/srt/models/deepseek_v2.py", line 839, in forward_normal
    final_hidden_states = self.experts(
  File "/opt/venv/lib/python3.10/site-packages/torch/nn/modules/module.py", line 1775, in _wrapped_call_impl
    return self._call_impl(*args, **kwargs)
  File "/opt/venv/lib/python3.10/site-packages/torch/nn/modules/module.py", line 1786, in _call_impl
    return forward_call(*args, **kwargs)
  File "/sgl-workspace/sglang/python/sglang/srt/layers/moe/fused_moe_triton/layer.py", line 845, in forward
    combine_input = self.run_moe_core(
  File "/sgl-workspace/sglang/python/sglang/srt/layers/moe/fused_moe_triton/layer.py", line 867, in run_moe_core
    return self.quant_method.apply(
  File "/sgl-workspace/sglang/python/sglang/srt/layers/quantization/quark/quark_moe.py", line 210, in apply
    output = fused_moe(
  File "/sgl-workspace/aiter/aiter/fused_moe.py", line 115, in fused_moe
    return fused_moe_(
  File "/sgl-workspace/aiter/aiter/jit/utils/torch_guard.py", line 279, in wrapper_custom
    getattr(torch.ops.aiter, f"{loadName}")(*args, **kwargs)
  File "/opt/venv/lib/python3.10/site-packages/torch/_ops.py", line 1254, in __call__
    return self._op(*args, **kwargs)
  File "/sgl-workspace/aiter/aiter/jit/utils/torch_guard.py", line 302, in outer_wrapper
    wrapper(*args, **kwargs)
  File "/sgl-workspace/aiter/aiter/jit/utils/torch_guard.py", line 197, in wrapper
    return func(*args, **kwargs)
  File "/sgl-workspace/aiter/aiter/fused_moe.py", line 283, in fused_moe_
    return fused_moe_2stages(
  File "/sgl-workspace/aiter/aiter/fused_moe.py", line 834, in fused_moe_2stages
    a2 = metadata.stage1(
  File "/sgl-workspace/aiter/aiter/ops/moe_op.py", line 492, in ck_moe_stage1_fwd
    ck_moe_stage1(
  File "/sgl-workspace/aiter/aiter/jit/utils/torch_guard.py", line 279, in wrapper_custom
    getattr(torch.ops.aiter, f"{loadName}")(*args, **kwargs)
  File "/opt/venv/lib/python3.10/site-packages/torch/_ops.py", line 1254, in __call__
    return self._op(*args, **kwargs)
  File "/sgl-workspace/aiter/aiter/jit/utils/torch_guard.py", line 302, in outer_wrapper
    wrapper(*args, **kwargs)
  File "/sgl-workspace/aiter/aiter/jit/utils/torch_guard.py", line 197, in wrapper
    return func(*args, **kwargs)
  File "/sgl-workspace/aiter/aiter/jit/core.py", line 903, in custom_wrapper
    return wrapper(*args, **kwargs)
  File "/sgl-workspace/aiter/aiter/jit/core.py", line 899, in wrapper
    return op(*args, **kwargs)
RuntimeError: Unsupported kernel config for moe heuristic dispatch

During handling of the above exception, another exception occurred:

Traceback (most recent call last):
  File "/sgl-workspace/sglang/python/sglang/srt/managers/scheduler.py", line 2701, in run_scheduler_process
    scheduler = Scheduler(
  File "/sgl-workspace/sglang/python/sglang/srt/managers/scheduler.py", line 312, in __init__
    self.tp_worker = TpModelWorker(
  File "/sgl-workspace/sglang/python/sglang/srt/managers/tp_worker.py", line 237, in __init__
    self._model_runner = ModelRunner(
  File "/sgl-workspace/sglang/python/sglang/srt/model_executor/model_runner.py", line 323, in __init__
    self.initialize(min_per_gpu_memory)
  File "/sgl-workspace/sglang/python/sglang/srt/model_executor/model_runner.py", line 490, in initialize
    self.init_device_graphs()
  File "/sgl-workspace/sglang/python/sglang/srt/model_executor/model_runner.py", line 2006, in init_device_graphs
    self.graph_runner = graph_runners[self.device](self)
  File "/sgl-workspace/sglang/python/sglang/srt/model_executor/cuda_graph_runner.py", line 383, in __init__
    raise Exception(
Exception: Capture cuda graph failed: Unsupported kernel config for moe heuristic dispatch
Possible solutions:
1. set --mem-fraction-static to a smaller value (e.g., 0.8 or 0.7)
2. set --cuda-graph-max-bs to a smaller value (e.g., 16)
3. disable torch compile by not using --enable-torch-compile
4. disable CUDA graph by --disable-cuda-graph. (Not recommended. Huge performance loss)
Open an issue on GitHub https://github.com/sgl-project/sglang/issues/new/choose 


[2025-11-12 14:01:38 DP2 TP2] Scheduler hit an exception: Traceback (most recent call last):
  File "/sgl-workspace/sglang/python/sglang/srt/model_executor/cuda_graph_runner.py", line 381, in __init__
    self.capture()
  File "/sgl-workspace/sglang/python/sglang/srt/model_executor/cuda_graph_runner.py", line 520, in capture
    ) = self.capture_one_batch_size(bs, forward)
  File "/sgl-workspace/sglang/python/sglang/srt/model_executor/cuda_graph_runner.py", line 699, in capture_one_batch_size
    run_once()
  File "/sgl-workspace/sglang/python/sglang/srt/model_executor/cuda_graph_runner.py", line 686, in run_once
    logits_output_or_pp_proxy_tensors = forward(
  File "/opt/venv/lib/python3.10/site-packages/torch/utils/_contextlib.py", line 120, in decorate_context
    return func(*args, **kwargs)
  File "/sgl-workspace/sglang/python/sglang/srt/models/deepseek_v2.py", line 3206, in forward
    hidden_states = self.model(
  File "/opt/venv/lib/python3.10/site-packages/torch/nn/modules/module.py", line 1775, in _wrapped_call_impl
    return self._call_impl(*args, **kwargs)
  File "/opt/venv/lib/python3.10/site-packages/torch/nn/modules/module.py", line 1786, in _call_impl
    return forward_call(*args, **kwargs)
  File "/sgl-workspace/sglang/python/sglang/srt/models/deepseek_v2.py", line 3067, in forward
    hidden_states, residual = layer(
  File "/opt/venv/lib/python3.10/site-packages/torch/nn/modules/module.py", line 1775, in _wrapped_call_impl
    return self._call_impl(*args, **kwargs)
  File "/opt/venv/lib/python3.10/site-packages/torch/nn/modules/module.py", line 1786, in _call_impl
    return forward_call(*args, **kwargs)
  File "/sgl-workspace/sglang/python/sglang/srt/models/deepseek_v2.py", line 2818, in forward
    hidden_states = self.mlp(
  File "/opt/venv/lib/python3.10/site-packages/torch/nn/modules/module.py", line 1775, in _wrapped_call_impl
    return self._call_impl(*args, **kwargs)
  File "/opt/venv/lib/python3.10/site-packages/torch/nn/modules/module.py", line 1786, in _call_impl
    return forward_call(*args, **kwargs)
  File "/sgl-workspace/sglang/python/sglang/srt/models/deepseek_v2.py", line 758, in forward
    return self.forward_normal(
  File "/sgl-workspace/sglang/python/sglang/srt/models/deepseek_v2.py", line 839, in forward_normal
    final_hidden_states = self.experts(
  File "/opt/venv/lib/python3.10/site-packages/torch/nn/modules/module.py", line 1775, in _wrapped_call_impl
    return self._call_impl(*args, **kwargs)
  File "/opt/venv/lib/python3.10/site-packages/torch/nn/modules/module.py", line 1786, in _call_impl
    return forward_call(*args, **kwargs)
  File "/sgl-workspace/sglang/python/sglang/srt/layers/moe/fused_moe_triton/layer.py", line 845, in forward
    combine_input = self.run_moe_core(
  File "/sgl-workspace/sglang/python/sglang/srt/layers/moe/fused_moe_triton/layer.py", line 867, in run_moe_core
    return self.quant_method.apply(
  File "/sgl-workspace/sglang/python/sglang/srt/layers/quantization/quark/quark_moe.py", line 210, in apply
    output = fused_moe(
  File "/sgl-workspace/aiter/aiter/fused_moe.py", line 115, in fused_moe
    return fused_moe_(
  File "/sgl-workspace/aiter/aiter/jit/utils/torch_guard.py", line 279, in wrapper_custom
    getattr(torch.ops.aiter, f"{loadName}")(*args, **kwargs)
  File "/opt/venv/lib/python3.10/site-packages/torch/_ops.py", line 1254, in __call__
    return self._op(*args, **kwargs)
  File "/sgl-workspace/aiter/aiter/jit/utils/torch_guard.py", line 302, in outer_wrapper
    wrapper(*args, **kwargs)
  File "/sgl-workspace/aiter/aiter/jit/utils/torch_guard.py", line 197, in wrapper
    return func(*args, **kwargs)
  File "/sgl-workspace/aiter/aiter/fused_moe.py", line 283, in fused_moe_
    return fused_moe_2stages(
  File "/sgl-workspace/aiter/aiter/fused_moe.py", line 834, in fused_moe_2stages
    a2 = metadata.stage1(
  File "/sgl-workspace/aiter/aiter/ops/moe_op.py", line 492, in ck_moe_stage1_fwd
    ck_moe_stage1(
  File "/sgl-workspace/aiter/aiter/jit/utils/torch_guard.py", line 279, in wrapper_custom
    getattr(torch.ops.aiter, f"{loadName}")(*args, **kwargs)
  File "/opt/venv/lib/python3.10/site-packages/torch/_ops.py", line 1254, in __call__
    return self._op(*args, **kwargs)
  File "/sgl-workspace/aiter/aiter/jit/utils/torch_guard.py", line 302, in outer_wrapper
    wrapper(*args, **kwargs)
  File "/sgl-workspace/aiter/aiter/jit/utils/torch_guard.py", line 197, in wrapper
    return func(*args, **kwargs)
  File "/sgl-workspace/aiter/aiter/jit/core.py", line 903, in custom_wrapper
    return wrapper(*args, **kwargs)
  File "/sgl-workspace/aiter/aiter/jit/core.py", line 899, in wrapper
    return op(*args, **kwargs)
RuntimeError: Unsupported kernel config for moe heuristic dispatch

During handling of the above exception, another exception occurred:

Traceback (most recent call last):
  File "/sgl-workspace/sglang/python/sglang/srt/managers/scheduler.py", line 2701, in run_scheduler_process
    scheduler = Scheduler(
  File "/sgl-workspace/sglang/python/sglang/srt/managers/scheduler.py", line 312, in __init__
    self.tp_worker = TpModelWorker(
  File "/sgl-workspace/sglang/python/sglang/srt/managers/tp_worker.py", line 237, in __init__
    self._model_runner = ModelRunner(
  File "/sgl-workspace/sglang/python/sglang/srt/model_executor/model_runner.py", line 323, in __init__
    self.initialize(min_per_gpu_memory)
  File "/sgl-workspace/sglang/python/sglang/srt/model_executor/model_runner.py", line 490, in initialize
    self.init_device_graphs()
  File "/sgl-workspace/sglang/python/sglang/srt/model_executor/model_runner.py", line 2006, in init_device_graphs
    self.graph_runner = graph_runners[self.device](self)
  File "/sgl-workspace/sglang/python/sglang/srt/model_executor/cuda_graph_runner.py", line 383, in __init__
    raise Exception(
Exception: Capture cuda graph failed: Unsupported kernel config for moe heuristic dispatch
Possible solutions:
1. set --mem-fraction-static to a smaller value (e.g., 0.8 or 0.7)
2. set --cuda-graph-max-bs to a smaller value (e.g., 16)
3. disable torch compile by not using --enable-torch-compile
4. disable CUDA graph by --disable-cuda-graph. (Not recommended. Huge performance loss)
Open an issue on GitHub https://github.com/sgl-project/sglang/issues/new/choose 


/usr/lib/python3.10/multiprocessing/resource_tracker.py:224: UserWarning: resource_tracker: There appear to be 4 leaked semaphore objects to clean up at shutdown
  warnings.warn('resource_tracker: There appear to be %d '
/usr/lib/python3.10/multiprocessing/resource_tracker.py:224: UserWarning: resource_tracker: There appear to be 1 leaked shared_memory objects to clean up at shutdown
  warnings.warn('resource_tracker: There appear to be %d '
