==========================================
SGL Unit Test Log
==========================================
Test: test_custom_allreduce.TestCustomAllReduce
Image: rocm/sgl-dev:v0.5.6-rocm700-mi30x-20251207
Container: sgl-dev_v0.5.6-rocm700-mi30x-20251207
Hardware: mi30x
Machine: dell300x-pla-t10-23
Start time: 2025-12-07 10:03:23 CST
Test directory: /sgl-workspace/sglang/test/manual
Command: CUDA_VISIBLE_DEVICES=0,1,2,3,4,5,6,7 python3 -m unittest test_custom_allreduce.TestCustomAllReduce
==========================================

/opt/venv/lib/python3.10/site-packages/ray/_private/node.py:1204: ResourceWarning: unclosed file <_io.TextIOWrapper name='/dev/null' mode='w' encoding='UTF-8'>
  process_info = ray._private.services.start_gcs_server(
ResourceWarning: Enable tracemalloc to get the object allocation traceback
/opt/venv/lib/python3.10/site-packages/ray/_private/node.py:1414: ResourceWarning: unclosed file <_io.TextIOWrapper name='/tmp/ray/session_2025-12-07_16-03-28_620959_13/logs/monitor.out' mode='a' encoding='utf-8'>
  self.start_monitor()
ResourceWarning: Enable tracemalloc to get the object allocation traceback
/opt/venv/lib/python3.10/site-packages/ray/_private/node.py:1414: ResourceWarning: unclosed file <_io.TextIOWrapper name='/tmp/ray/session_2025-12-07_16-03-28_620959_13/logs/monitor.err' mode='a' encoding='utf-8'>
  self.start_monitor()
ResourceWarning: Enable tracemalloc to get the object allocation traceback
/opt/venv/lib/python3.10/site-packages/ray/_private/node.py:1425: ResourceWarning: unclosed file <_io.TextIOWrapper name='/tmp/ray/session_2025-12-07_16-03-28_620959_13/logs/dashboard.err' mode='a' encoding='utf-8'>
  self.start_api_server(
ResourceWarning: Enable tracemalloc to get the object allocation traceback
/opt/venv/lib/python3.10/site-packages/ray/_private/utils.py:521: ResourceWarning: unclosed file <_io.TextIOWrapper name='/sys/fs/cgroup/cpu.max' mode='r' encoding='UTF-8'>
  max_file = open(cpu_max_file_name).read()
ResourceWarning: Enable tracemalloc to get the object allocation traceback
/opt/venv/lib/python3.10/site-packages/ray/_private/node.py:1247: ResourceWarning: unclosed file <_io.TextIOWrapper name='/dev/null' mode='w' encoding='UTF-8'>
  process_info = ray._private.services.start_raylet(
ResourceWarning: Enable tracemalloc to get the object allocation traceback
/opt/venv/lib/python3.10/site-packages/ray/_private/node.py:1469: ResourceWarning: unclosed file <_io.TextIOWrapper name='/tmp/ray/session_2025-12-07_16-03-28_620959_13/logs/log_monitor.err' mode='a' encoding='utf-8'>
  self.start_log_monitor()
ResourceWarning: Enable tracemalloc to get the object allocation traceback
2025-12-07 16:03:29,726	INFO worker.py:1852 -- Started a local Ray instance.
[36m(eager_allreduce pid=481)[0m [2025-12-07 16:03:38] INFO pynccl.py:83: sglang is using nccl==2.26.6
[36m(eager_allreduce pid=481)[0m [2025-12-07 16:03:54] INFO custom_all_reduce.py:421: Using AiterCustomAllreduce for ROCm.
[36m(eager_allreduce pid=473)[0m [2025-12-07 16:03:54] INFO custom_all_reduce.py:421: Using AiterCustomAllreduce for ROCm.
/usr/lib/python3.10/subprocess.py:1072: ResourceWarning: subprocess 290 is still running
  _warn("subprocess %s is still running" % self.pid,
ResourceWarning: Enable tracemalloc to get the object allocation traceback
/opt/venv/lib/python3.10/site-packages/ray/_private/node.py:1204: ResourceWarning: unclosed file <_io.TextIOWrapper name='/dev/null' mode='w' encoding='UTF-8'>
  process_info = ray._private.services.start_gcs_server(
ResourceWarning: Enable tracemalloc to get the object allocation traceback
/opt/venv/lib/python3.10/site-packages/ray/_private/node.py:1414: ResourceWarning: unclosed file <_io.TextIOWrapper name='/tmp/ray/session_2025-12-07_16-03-56_851203_13/logs/monitor.out' mode='a' encoding='utf-8'>
  self.start_monitor()
ResourceWarning: Enable tracemalloc to get the object allocation traceback
/opt/venv/lib/python3.10/site-packages/ray/_private/node.py:1414: ResourceWarning: unclosed file <_io.TextIOWrapper name='/tmp/ray/session_2025-12-07_16-03-56_851203_13/logs/monitor.err' mode='a' encoding='utf-8'>
  self.start_monitor()
ResourceWarning: Enable tracemalloc to get the object allocation traceback
/opt/venv/lib/python3.10/site-packages/ray/_private/node.py:1425: ResourceWarning: unclosed file <_io.TextIOWrapper name='/tmp/ray/session_2025-12-07_16-03-56_851203_13/logs/dashboard.err' mode='a' encoding='utf-8'>
  self.start_api_server(
ResourceWarning: Enable tracemalloc to get the object allocation traceback
/opt/venv/lib/python3.10/site-packages/ray/_private/node.py:1469: ResourceWarning: unclosed file <_io.TextIOWrapper name='/tmp/ray/session_2025-12-07_16-03-56_851203_13/logs/log_monitor.err' mode='a' encoding='utf-8'>
  self.start_log_monitor()
ResourceWarning: Enable tracemalloc to get the object allocation traceback
2025-12-07 16:03:57,790	INFO worker.py:1852 -- Started a local Ray instance.
[36m(eager_allreduce pid=6433)[0m [2025-12-07 16:04:06] INFO pynccl.py:83: sglang is using nccl==2.26.6
[36m(eager_allreduce pid=6433)[0m [2025-12-07 16:04:18] INFO custom_all_reduce.py:421: Using AiterCustomAllreduce for ROCm.
[36m(eager_allreduce pid=6431)[0m [2025-12-07 16:04:18] INFO custom_all_reduce.py:421: Using AiterCustomAllreduce for ROCm.[32m [repeated 3x across cluster][0m
/usr/lib/python3.10/subprocess.py:1072: ResourceWarning: subprocess 6249 is still running
  _warn("subprocess %s is still running" % self.pid,
ResourceWarning: Enable tracemalloc to get the object allocation traceback
/opt/venv/lib/python3.10/site-packages/ray/_private/node.py:1414: ResourceWarning: unclosed file <_io.TextIOWrapper name='/tmp/ray/session_2025-12-07_16-04-20_653874_13/logs/monitor.out' mode='a' encoding='utf-8'>
  self.start_monitor()
ResourceWarning: Enable tracemalloc to get the object allocation traceback
/opt/venv/lib/python3.10/site-packages/ray/_private/node.py:1414: ResourceWarning: unclosed file <_io.TextIOWrapper name='/tmp/ray/session_2025-12-07_16-04-20_653874_13/logs/monitor.err' mode='a' encoding='utf-8'>
  self.start_monitor()
ResourceWarning: Enable tracemalloc to get the object allocation traceback
/opt/venv/lib/python3.10/site-packages/ray/_private/node.py:1425: ResourceWarning: unclosed file <_io.TextIOWrapper name='/tmp/ray/session_2025-12-07_16-04-20_653874_13/logs/dashboard.err' mode='a' encoding='utf-8'>
  self.start_api_server(
ResourceWarning: Enable tracemalloc to get the object allocation traceback
/opt/venv/lib/python3.10/site-packages/ray/_private/node.py:1469: ResourceWarning: unclosed file <_io.TextIOWrapper name='/tmp/ray/session_2025-12-07_16-04-20_653874_13/logs/log_monitor.err' mode='a' encoding='utf-8'>
  self.start_log_monitor()
ResourceWarning: Enable tracemalloc to get the object allocation traceback
2025-12-07 16:04:21,602	INFO worker.py:1852 -- Started a local Ray instance.
[36m(eager_allreduce pid=12510)[0m [2025-12-07 16:04:30] INFO pynccl.py:83: sglang is using nccl==2.26.6
[36m(eager_allreduce pid=12513)[0m [2025-12-07 16:04:45] INFO custom_all_reduce.py:421: Using AiterCustomAllreduce for ROCm.
[36m(eager_allreduce pid=12509)[0m [2025-12-07 16:04:45] WARNING quick_all_reduce.py:126: Custom quick allreduce is disabled due to an unsupported world size: 6. Supported world sizes: [2, 4, 8].
[36m(eager_allreduce pid=12510)[0m [2025-12-07 16:04:45] INFO custom_all_reduce.py:421: Using AiterCustomAllreduce for ROCm.[32m [repeated 5x across cluster][0m
[36m(eager_allreduce pid=12508)[0m [2025-12-07 16:04:45] WARNING quick_all_reduce.py:126: Custom quick allreduce is disabled due to an unsupported world size: 6. Supported world sizes: [2, 4, 8].[32m [repeated 5x across cluster][0m
/usr/lib/python3.10/subprocess.py:1072: ResourceWarning: subprocess 12328 is still running
  _warn("subprocess %s is still running" % self.pid,
ResourceWarning: Enable tracemalloc to get the object allocation traceback
/opt/venv/lib/python3.10/site-packages/ray/_private/node.py:1414: ResourceWarning: unclosed file <_io.TextIOWrapper name='/tmp/ray/session_2025-12-07_16-04-48_871563_13/logs/monitor.out' mode='a' encoding='utf-8'>
  self.start_monitor()
ResourceWarning: Enable tracemalloc to get the object allocation traceback
/opt/venv/lib/python3.10/site-packages/ray/_private/node.py:1414: ResourceWarning: unclosed file <_io.TextIOWrapper name='/tmp/ray/session_2025-12-07_16-04-48_871563_13/logs/monitor.err' mode='a' encoding='utf-8'>
  self.start_monitor()
ResourceWarning: Enable tracemalloc to get the object allocation traceback
/opt/venv/lib/python3.10/site-packages/ray/_private/node.py:1425: ResourceWarning: unclosed file <_io.TextIOWrapper name='/tmp/ray/session_2025-12-07_16-04-48_871563_13/logs/dashboard.err' mode='a' encoding='utf-8'>
  self.start_api_server(
ResourceWarning: Enable tracemalloc to get the object allocation traceback
/opt/venv/lib/python3.10/site-packages/ray/_private/node.py:1469: ResourceWarning: unclosed file <_io.TextIOWrapper name='/tmp/ray/session_2025-12-07_16-04-48_871563_13/logs/log_monitor.err' mode='a' encoding='utf-8'>
  self.start_log_monitor()
ResourceWarning: Enable tracemalloc to get the object allocation traceback
2025-12-07 16:04:49,926	INFO worker.py:1852 -- Started a local Ray instance.
[36m(eager_allreduce pid=18732)[0m [2025-12-07 16:04:59] INFO pynccl.py:83: sglang is using nccl==2.26.6
[36m(eager_allreduce pid=18734)[0m [2025-12-07 16:05:16] INFO custom_all_reduce.py:421: Using AiterCustomAllreduce for ROCm.
Traceback (most recent call last):
  File "/sgl-workspace/sglang/python/sglang/srt/utils/common.py", line 2520, in retry
    return fn()
  File "/sgl-workspace/sglang/python/sglang/test/test_utils.py", line 1698, in <lambda>
    lambda: super(CustomTestCase, self)._callTestMethod(method),
  File "/usr/lib/python3.10/unittest/case.py", line 549, in _callTestMethod
    method()
  File "/sgl-workspace/sglang/test/manual/test_custom_allreduce.py", line 87, in test_eager_allreduce
    multi_process_parallel(world_size, self, self.eager_allreduce)
  File "/sgl-workspace/sglang/test/manual/test_custom_allreduce.py", line 54, in multi_process_parallel
    ray.get(refs)
  File "/opt/venv/lib/python3.10/site-packages/ray/_private/auto_init_hook.py", line 21, in auto_init_wrapper
    return fn(*args, **kwargs)
  File "/opt/venv/lib/python3.10/site-packages/ray/_private/client_mode_hook.py", line 103, in wrapper
    return func(*args, **kwargs)
  File "/opt/venv/lib/python3.10/site-packages/ray/_private/worker.py", line 2782, in get
    values, debugger_breakpoint = worker.get_objects(object_refs, timeout=timeout)
  File "/opt/venv/lib/python3.10/site-packages/ray/_private/worker.py", line 929, in get_objects
    raise value.as_instanceof_cause()
ray.exceptions.RayTaskError(AssertionError): [36mray::eager_allreduce()[39m (pid=18733, ip=10.194.129.138)
  File "/sgl-workspace/sglang/test/manual/test_custom_allreduce.py", line 178, in eager_allreduce
    torch.testing.assert_close(out1, inp1)
  File "/opt/venv/lib/python3.10/site-packages/torch/testing/_comparison.py", line 1587, in assert_close
    raise error_metas[0].to_error(msg)
AssertionError: Tensor-likes are not close!

Mismatched elements: 2933 / 33554432 (0.0%)
Greatest absolute difference: 43.0 at index (31173865,) (up to 1e-05 allowed)
Greatest relative difference: 1.1171875 at index (31174127,) (up to 0.001 allowed)
E2025-12-07 16:05:19,510	ERROR worker.py:420 -- Unhandled error (suppress with 'RAY_IGNORE_UNHANDLED_ERRORS=1'): [36mray::eager_allreduce()[39m (pid=18736, ip=10.194.129.138)
  File "/sgl-workspace/sglang/test/manual/test_custom_allreduce.py", line 178, in eager_allreduce
    torch.testing.assert_close(out1, inp1)
  File "/opt/venv/lib/python3.10/site-packages/torch/testing/_comparison.py", line 1587, in assert_close
    raise error_metas[0].to_error(msg)
AssertionError: Tensor-likes are not close!

Mismatched elements: 2933 / 33554432 (0.0%)
Greatest absolute difference: 43.0 at index (31173865,) (up to 1e-05 allowed)
Greatest relative difference: 1.1171875 at index (31174127,) (up to 0.001 allowed)
2025-12-07 16:05:19,512	ERROR worker.py:420 -- Unhandled error (suppress with 'RAY_IGNORE_UNHANDLED_ERRORS=1'): [36mray::eager_allreduce()[39m (pid=18738, ip=10.194.129.138)
  File "/sgl-workspace/sglang/test/manual/test_custom_allreduce.py", line 178, in eager_allreduce
    torch.testing.assert_close(out1, inp1)
  File "/opt/venv/lib/python3.10/site-packages/torch/testing/_comparison.py", line 1587, in assert_close
    raise error_metas[0].to_error(msg)
AssertionError: Tensor-likes are not close!

Mismatched elements: 2933 / 33554432 (0.0%)
Greatest absolute difference: 43.0 at index (31173865,) (up to 1e-05 allowed)
Greatest relative difference: 1.1171875 at index (31174127,) (up to 0.001 allowed)
2025-12-07 16:05:19,513	ERROR worker.py:420 -- Unhandled error (suppress with 'RAY_IGNORE_UNHANDLED_ERRORS=1'): [36mray::eager_allreduce()[39m (pid=18734, ip=10.194.129.138)
  File "/sgl-workspace/sglang/test/manual/test_custom_allreduce.py", line 178, in eager_allreduce
    torch.testing.assert_close(out1, inp1)
  File "/opt/venv/lib/python3.10/site-packages/torch/testing/_comparison.py", line 1587, in assert_close
    raise error_metas[0].to_error(msg)
AssertionError: Tensor-likes are not close!

Mismatched elements: 2933 / 33554432 (0.0%)
Greatest absolute difference: 43.0 at index (31173865,) (up to 1e-05 allowed)
Greatest relative difference: 1.1171875 at index (31174127,) (up to 0.001 allowed)
Traceback (most recent call last):
  File "/sgl-workspace/sglang/python/sglang/srt/utils/common.py", line 2520, in retry
    return fn()
  File "/sgl-workspace/sglang/python/sglang/test/test_utils.py", line 1698, in <lambda>
    lambda: super(CustomTestCase, self)._callTestMethod(method),
  File "/usr/lib/python3.10/unittest/case.py", line 549, in _callTestMethod
    method()
  File "/sgl-workspace/sglang/test/manual/test_custom_allreduce.py", line 81, in test_graph_allreduce
    multi_process_parallel(world_size, self, self.graph_allreduce)
  File "/sgl-workspace/sglang/test/manual/test_custom_allreduce.py", line 48, in multi_process_parallel
    ray.init(log_to_driver=True)
  File "/opt/venv/lib/python3.10/site-packages/ray/_private/client_mode_hook.py", line 103, in wrapper
    return func(*args, **kwargs)
  File "/opt/venv/lib/python3.10/site-packages/ray/_private/worker.py", line 1688, in init
    raise RuntimeError(
RuntimeError: Maybe you called ray.init twice by accident? This error can be suppressed by passing in 'ignore_reinit_error=True' or by calling 'ray.shutdown()' prior to 'ray.init()'.
E
======================================================================
ERROR: test_eager_allreduce (test_custom_allreduce.TestCustomAllReduce)
----------------------------------------------------------------------
Traceback (most recent call last):
  File "/sgl-workspace/sglang/python/sglang/srt/utils/common.py", line 2520, in retry
    return fn()
  File "/sgl-workspace/sglang/python/sglang/test/test_utils.py", line 1698, in <lambda>
    lambda: super(CustomTestCase, self)._callTestMethod(method),
  File "/usr/lib/python3.10/unittest/case.py", line 549, in _callTestMethod
    method()
  File "/sgl-workspace/sglang/test/manual/test_custom_allreduce.py", line 87, in test_eager_allreduce
    multi_process_parallel(world_size, self, self.eager_allreduce)
  File "/sgl-workspace/sglang/test/manual/test_custom_allreduce.py", line 54, in multi_process_parallel
    ray.get(refs)
  File "/opt/venv/lib/python3.10/site-packages/ray/_private/auto_init_hook.py", line 21, in auto_init_wrapper
    return fn(*args, **kwargs)
  File "/opt/venv/lib/python3.10/site-packages/ray/_private/client_mode_hook.py", line 103, in wrapper
    return func(*args, **kwargs)
  File "/opt/venv/lib/python3.10/site-packages/ray/_private/worker.py", line 2782, in get
    values, debugger_breakpoint = worker.get_objects(object_refs, timeout=timeout)
  File "/opt/venv/lib/python3.10/site-packages/ray/_private/worker.py", line 929, in get_objects
    raise value.as_instanceof_cause()
ray.exceptions.RayTaskError(AssertionError): [36mray::eager_allreduce()[39m (pid=18733, ip=10.194.129.138)
  File "/sgl-workspace/sglang/test/manual/test_custom_allreduce.py", line 178, in eager_allreduce
    torch.testing.assert_close(out1, inp1)
  File "/opt/venv/lib/python3.10/site-packages/torch/testing/_comparison.py", line 1587, in assert_close
    raise error_metas[0].to_error(msg)
AssertionError: Tensor-likes are not close!

Mismatched elements: 2933 / 33554432 (0.0%)
Greatest absolute difference: 43.0 at index (31173865,) (up to 1e-05 allowed)
Greatest relative difference: 1.1171875 at index (31174127,) (up to 0.001 allowed)

During handling of the above exception, another exception occurred:

Traceback (most recent call last):
  File "/sgl-workspace/sglang/python/sglang/test/test_utils.py", line 1697, in _callTestMethod
    retry(
  File "/sgl-workspace/sglang/python/sglang/srt/utils/common.py", line 2525, in retry
    raise Exception(f"retry() exceed maximum number of retries.")
Exception: retry() exceed maximum number of retries.

======================================================================
ERROR: test_graph_allreduce (test_custom_allreduce.TestCustomAllReduce)
----------------------------------------------------------------------
Traceback (most recent call last):
  File "/sgl-workspace/sglang/python/sglang/srt/utils/common.py", line 2520, in retry
    return fn()
  File "/sgl-workspace/sglang/python/sglang/test/test_utils.py", line 1698, in <lambda>
    lambda: super(CustomTestCase, self)._callTestMethod(method),
  File "/usr/lib/python3.10/unittest/case.py", line 549, in _callTestMethod
    method()
  File "/sgl-workspace/sglang/test/manual/test_custom_allreduce.py", line 81, in test_graph_allreduce
    multi_process_parallel(world_size, self, self.graph_allreduce)
  File "/sgl-workspace/sglang/test/manual/test_custom_allreduce.py", line 48, in multi_process_parallel
    ray.init(log_to_driver=True)
  File "/opt/venv/lib/python3.10/site-packages/ray/_private/client_mode_hook.py", line 103, in wrapper
    return func(*args, **kwargs)
  File "/opt/venv/lib/python3.10/site-packages/ray/_private/worker.py", line 1688, in init
    raise RuntimeError(
RuntimeError: Maybe you called ray.init twice by accident? This error can be suppressed by passing in 'ignore_reinit_error=True' or by calling 'ray.shutdown()' prior to 'ray.init()'.

During handling of the above exception, another exception occurred:

Traceback (most recent call last):
  File "/sgl-workspace/sglang/python/sglang/test/test_utils.py", line 1697, in _callTestMethod
    retry(
  File "/sgl-workspace/sglang/python/sglang/srt/utils/common.py", line 2525, in retry
    raise Exception(f"retry() exceed maximum number of retries.")
Exception: retry() exceed maximum number of retries.

----------------------------------------------------------------------
Ran 2 tests in 110.907s

FAILED (errors=2)
2025-12-07 16:05:19,533	ERROR worker.py:420 -- Unhandled error (suppress with 'RAY_IGNORE_UNHANDLED_ERRORS=1'): [36mray::eager_allreduce()[39m (pid=18737, ip=10.194.129.138)
  File "/sgl-workspace/sglang/test/manual/test_custom_allreduce.py", line 178, in eager_allreduce
    torch.testing.assert_close(out1, inp1)
  File "/opt/venv/lib/python3.10/site-packages/torch/testing/_comparison.py", line 1587, in assert_close
    raise error_metas[0].to_error(msg)
AssertionError: Tensor-likes are not close!

Mismatched elements: 2933 / 33554432 (0.0%)
Greatest absolute difference: 43.0 at index (31173865,) (up to 1e-05 allowed)
Greatest relative difference: 1.1171875 at index (31174127,) (up to 0.001 allowed)
2025-12-07 16:05:19,538	ERROR worker.py:420 -- Unhandled error (suppress with 'RAY_IGNORE_UNHANDLED_ERRORS=1'): [36mray::eager_allreduce()[39m (pid=18742, ip=10.194.129.138)
  File "/sgl-workspace/sglang/test/manual/test_custom_allreduce.py", line 178, in eager_allreduce
    torch.testing.assert_close(out1, inp1)
  File "/opt/venv/lib/python3.10/site-packages/torch/testing/_comparison.py", line 1587, in assert_close
    raise error_metas[0].to_error(msg)
AssertionError: Tensor-likes are not close!

Mismatched elements: 2933 / 33554432 (0.0%)
Greatest absolute difference: 43.0 at index (31173865,) (up to 1e-05 allowed)
Greatest relative difference: 1.1171875 at index (31174127,) (up to 0.001 allowed)
2025-12-07 16:05:19,538	ERROR worker.py:420 -- Unhandled error (suppress with 'RAY_IGNORE_UNHANDLED_ERRORS=1'): [36mray::eager_allreduce()[39m (pid=18735, ip=10.194.129.138)
  File "/sgl-workspace/sglang/test/manual/test_custom_allreduce.py", line 178, in eager_allreduce
    torch.testing.assert_close(out1, inp1)
  File "/opt/venv/lib/python3.10/site-packages/torch/testing/_comparison.py", line 1587, in assert_close
    raise error_metas[0].to_error(msg)
AssertionError: Tensor-likes are not close!

Mismatched elements: 2933 / 33554432 (0.0%)
Greatest absolute difference: 43.0 at index (31173865,) (up to 1e-05 allowed)
Greatest relative difference: 1.1171875 at index (31174127,) (up to 0.001 allowed)
2025-12-07 16:05:19,538	ERROR worker.py:420 -- Unhandled error (suppress with 'RAY_IGNORE_UNHANDLED_ERRORS=1'): [36mray::eager_allreduce()[39m (pid=18732, ip=10.194.129.138)
  File "/sgl-workspace/sglang/test/manual/test_custom_allreduce.py", line 178, in eager_allreduce
    torch.testing.assert_close(out1, inp1)
  File "/opt/venv/lib/python3.10/site-packages/torch/testing/_comparison.py", line 1587, in assert_close
    raise error_metas[0].to_error(msg)
AssertionError: Tensor-likes are not close!

Mismatched elements: 2933 / 33554432 (0.0%)
Greatest absolute difference: 43.0 at index (31173865,) (up to 1e-05 allowed)
Greatest relative difference: 1.1171875 at index (31174127,) (up to 0.001 allowed)
[36m(eager_allreduce pid=18742)[0m [2025-12-07 16:05:16] INFO custom_all_reduce.py:421: Using AiterCustomAllreduce for ROCm.[32m [repeated 7x across cluster][0m
[CI Test Method] TestCustomAllReduce.test_eager_allreduce
[36m(eager_allreduce pid=481)[0m [Gloo] Rank 0 is connected to 1 peer ranks. Expected number of connected peer ranks is : 1
[36m(eager_allreduce pid=473)[0m merge tuned file under model_configs/ and configs/  /sgl-workspace/aiter/aiter/configs/a8w8_blockscale_tuned_gemm.csv:/sgl-workspace/aiter/aiter/configs/model_configs/a8w8_blockscale_tuned_gemm_ds_v3.csv
[36m(eager_allreduce pid=473)[0m merge tuned file under model_configs/ and configs/  /sgl-workspace/aiter/aiter/configs/a8w8_blockscale_bpreshuffle_tuned_gemm.csv:/sgl-workspace/aiter/aiter/configs/model_configs/a8w8_blockscale_bpreshuffle_tuned_gemm_dsv3.csv
[36m(eager_allreduce pid=473)[0m [Gloo] Rank 1 is connected to 1 peer ranks. Expected number of connected peer ranks is : 1[32m [repeated 3x across cluster] (Ray deduplicates logs by default. Set RAY_DEDUP_LOGS=0 to disable log deduplication, or see https://docs.ray.io/en/master/ray-observability/user-guides/configure-logging.html#log-deduplication for more options.)[0m
[36m(eager_allreduce pid=481)[0m merge tuned file under model_configs/ and configs/  /sgl-workspace/aiter/aiter/configs/a8w8_blockscale_bpreshuffle_tuned_gemm.csv:/sgl-workspace/aiter/aiter/configs/model_configs/a8w8_blockscale_bpreshuffle_tuned_gemm_dsv3.csv[32m [repeated 2x across cluster][0m
[36m(eager_allreduce pid=473)[0m [Gloo] Rank 0 is connected to 0 peer ranks. Expected number of connected peer ranks is : 0[32m [repeated 4x across cluster][0m
[36m(eager_allreduce pid=6433)[0m [Gloo] Rank 0 is connected to 3 peer ranks. Expected number of connected peer ranks is : 3
[36m(eager_allreduce pid=6437)[0m merge tuned file under model_configs/ and configs/  /sgl-workspace/aiter/aiter/configs/a8w8_blockscale_tuned_gemm.csv:/sgl-workspace/aiter/aiter/configs/model_configs/a8w8_blockscale_tuned_gemm_ds_v3.csv
[36m(eager_allreduce pid=6437)[0m merge tuned file under model_configs/ and configs/  /sgl-workspace/aiter/aiter/configs/a8w8_blockscale_bpreshuffle_tuned_gemm.csv:/sgl-workspace/aiter/aiter/configs/model_configs/a8w8_blockscale_bpreshuffle_tuned_gemm_dsv3.csv
[36m(eager_allreduce pid=6438)[0m [Gloo] Rank 3 is connected to 3 peer ranks. Expected number of connected peer ranks is : 3[32m [repeated 7x across cluster][0m
[36m(eager_allreduce pid=6431)[0m merge tuned file under model_configs/ and configs/  /sgl-workspace/aiter/aiter/configs/a8w8_blockscale_bpreshuffle_tuned_gemm.csv:/sgl-workspace/aiter/aiter/configs/model_configs/a8w8_blockscale_bpreshuffle_tuned_gemm_dsv3.csv[32m [repeated 6x across cluster][0m
[36m(eager_allreduce pid=6438)[0m [Gloo] Rank 0 is connected to 0 peer ranks. Expected number of connected peer ranks is : 0[32m [repeated 8x across cluster][0m
[36m(eager_allreduce pid=12510)[0m [Gloo] Rank 0 is connected to 5 peer ranks. Expected number of connected peer ranks is : 5
[36m(eager_allreduce pid=12513)[0m merge tuned file under model_configs/ and configs/  /sgl-workspace/aiter/aiter/configs/a8w8_blockscale_tuned_gemm.csv:/sgl-workspace/aiter/aiter/configs/model_configs/a8w8_blockscale_tuned_gemm_ds_v3.csv
[36m(eager_allreduce pid=12513)[0m merge tuned file under model_configs/ and configs/  /sgl-workspace/aiter/aiter/configs/a8w8_blockscale_bpreshuffle_tuned_gemm.csv:/sgl-workspace/aiter/aiter/configs/model_configs/a8w8_blockscale_bpreshuffle_tuned_gemm_dsv3.csv
[36m(eager_allreduce pid=12508)[0m [Gloo] Rank 4 is connected to 5 peer ranks. Expected number of connected peer ranks is : 5[32m [repeated 11x across cluster][0m
[36m(eager_allreduce pid=12510)[0m merge tuned file under model_configs/ and configs/  /sgl-workspace/aiter/aiter/configs/a8w8_blockscale_bpreshuffle_tuned_gemm.csv:/sgl-workspace/aiter/aiter/configs/model_configs/a8w8_blockscale_bpreshuffle_tuned_gemm_dsv3.csv[32m [repeated 10x across cluster][0m
[36m(eager_allreduce pid=12508)[0m [Gloo] Rank 0 is connected to 0 peer ranks. Expected number of connected peer ranks is : 0[32m [repeated 12x across cluster][0m
[36m(eager_allreduce pid=18737)[0m [Gloo] Rank 5 is connected to 7 peer ranks. Expected number of connected peer ranks is : 7
[36m(eager_allreduce pid=18732)[0m merge tuned file under model_configs/ and configs/  /sgl-workspace/aiter/aiter/configs/a8w8_blockscale_tuned_gemm.csv:/sgl-workspace/aiter/aiter/configs/model_configs/a8w8_blockscale_tuned_gemm_ds_v3.csv
[36m(eager_allreduce pid=18732)[0m merge tuned file under model_configs/ and configs/  /sgl-workspace/aiter/aiter/configs/a8w8_blockscale_bpreshuffle_tuned_gemm.csv:/sgl-workspace/aiter/aiter/configs/model_configs/a8w8_blockscale_bpreshuffle_tuned_gemm_dsv3.csv
[36m(eager_allreduce pid=18742)[0m [Gloo] Rank 7 is connected to 7 peer ranks. Expected number of connected peer ranks is : 7[32m [repeated 15x across cluster][0m
[CI Test Method] TestCustomAllReduce.test_graph_allreduce
[36m(eager_allreduce pid=18742)[0m merge tuned file under model_configs/ and configs/  /sgl-workspace/aiter/aiter/configs/a8w8_blockscale_bpreshuffle_tuned_gemm.csv:/sgl-workspace/aiter/aiter/configs/model_configs/a8w8_blockscale_bpreshuffle_tuned_gemm_dsv3.csv[32m [repeated 14x across cluster][0m
[36m(eager_allreduce pid=18732)[0m [Gloo] Rank 0 is connected to 0 peer ranks. Expected number of connected peer ranks is : 0[32m [repeated 16x across cluster][0m

==========================================
End time: 2025-12-07 10:05:22 CST
Exit code: 1
Result: FAILED
==========================================
