==========================================
SGL Unit Test Log
==========================================
Test: test_custom_allreduce.TestCustomAllReduce
Image: rocm/sgl-dev:v0.5.5.post3-rocm700-mi30x-20251202
Container: sgl-dev_v0.5.5.post3-rocm700-mi30x-20251202
Hardware: mi30x
Start time: 2025-12-02 11:10:00 CST
Test directory: /sgl-workspace/sglang/test/manual
Command: CUDA_VISIBLE_DEVICES=0,1,2,3,4,5,6,7 python3 -m unittest test_custom_allreduce.TestCustomAllReduce
==========================================

/opt/venv/lib/python3.10/site-packages/ray/_private/node.py:1204: ResourceWarning: unclosed file <_io.TextIOWrapper name='/dev/null' mode='w' encoding='UTF-8'>
  process_info = ray._private.services.start_gcs_server(
ResourceWarning: Enable tracemalloc to get the object allocation traceback
/opt/venv/lib/python3.10/site-packages/ray/_private/node.py:1414: ResourceWarning: unclosed file <_io.TextIOWrapper name='/tmp/ray/session_2025-12-02_17-10-06_319748_13/logs/monitor.out' mode='a' encoding='utf-8'>
  self.start_monitor()
ResourceWarning: Enable tracemalloc to get the object allocation traceback
/opt/venv/lib/python3.10/site-packages/ray/_private/node.py:1414: ResourceWarning: unclosed file <_io.TextIOWrapper name='/tmp/ray/session_2025-12-02_17-10-06_319748_13/logs/monitor.err' mode='a' encoding='utf-8'>
  self.start_monitor()
ResourceWarning: Enable tracemalloc to get the object allocation traceback
/opt/venv/lib/python3.10/site-packages/ray/_private/node.py:1425: ResourceWarning: unclosed file <_io.TextIOWrapper name='/tmp/ray/session_2025-12-02_17-10-06_319748_13/logs/dashboard.err' mode='a' encoding='utf-8'>
  self.start_api_server(
ResourceWarning: Enable tracemalloc to get the object allocation traceback
/opt/venv/lib/python3.10/site-packages/ray/_private/utils.py:521: ResourceWarning: unclosed file <_io.TextIOWrapper name='/sys/fs/cgroup/cpu.max' mode='r' encoding='UTF-8'>
  max_file = open(cpu_max_file_name).read()
ResourceWarning: Enable tracemalloc to get the object allocation traceback
/opt/venv/lib/python3.10/site-packages/ray/_private/node.py:1247: ResourceWarning: unclosed file <_io.TextIOWrapper name='/dev/null' mode='w' encoding='UTF-8'>
  process_info = ray._private.services.start_raylet(
ResourceWarning: Enable tracemalloc to get the object allocation traceback
/opt/venv/lib/python3.10/site-packages/ray/_private/node.py:1469: ResourceWarning: unclosed file <_io.TextIOWrapper name='/tmp/ray/session_2025-12-02_17-10-06_319748_13/logs/log_monitor.err' mode='a' encoding='utf-8'>
  self.start_log_monitor()
ResourceWarning: Enable tracemalloc to get the object allocation traceback
2025-12-02 17:10:07,317	INFO worker.py:1852 -- Started a local Ray instance.
[36m(eager_allreduce pid=475)[0m [2025-12-02 17:10:15] INFO pynccl.py:83: sglang is using nccl==2.26.6
[36m(eager_allreduce pid=475)[0m [2025-12-02 17:10:31] INFO custom_all_reduce.py:431: Using AiterCustomAllreduce for ROCm.
[36m(eager_allreduce pid=471)[0m [2025-12-02 17:10:31] INFO custom_all_reduce.py:431: Using AiterCustomAllreduce for ROCm.
/usr/lib/python3.10/subprocess.py:1072: ResourceWarning: subprocess 290 is still running
  _warn("subprocess %s is still running" % self.pid,
ResourceWarning: Enable tracemalloc to get the object allocation traceback
/opt/venv/lib/python3.10/site-packages/ray/_private/node.py:1204: ResourceWarning: unclosed file <_io.TextIOWrapper name='/dev/null' mode='w' encoding='UTF-8'>
  process_info = ray._private.services.start_gcs_server(
ResourceWarning: Enable tracemalloc to get the object allocation traceback
/opt/venv/lib/python3.10/site-packages/ray/_private/node.py:1414: ResourceWarning: unclosed file <_io.TextIOWrapper name='/tmp/ray/session_2025-12-02_17-10-33_849361_13/logs/monitor.out' mode='a' encoding='utf-8'>
  self.start_monitor()
ResourceWarning: Enable tracemalloc to get the object allocation traceback
/opt/venv/lib/python3.10/site-packages/ray/_private/node.py:1414: ResourceWarning: unclosed file <_io.TextIOWrapper name='/tmp/ray/session_2025-12-02_17-10-33_849361_13/logs/monitor.err' mode='a' encoding='utf-8'>
  self.start_monitor()
ResourceWarning: Enable tracemalloc to get the object allocation traceback
/opt/venv/lib/python3.10/site-packages/ray/_private/node.py:1425: ResourceWarning: unclosed file <_io.TextIOWrapper name='/tmp/ray/session_2025-12-02_17-10-33_849361_13/logs/dashboard.err' mode='a' encoding='utf-8'>
  self.start_api_server(
ResourceWarning: Enable tracemalloc to get the object allocation traceback
/opt/venv/lib/python3.10/site-packages/ray/_private/node.py:1469: ResourceWarning: unclosed file <_io.TextIOWrapper name='/tmp/ray/session_2025-12-02_17-10-33_849361_13/logs/log_monitor.err' mode='a' encoding='utf-8'>
  self.start_log_monitor()
ResourceWarning: Enable tracemalloc to get the object allocation traceback
2025-12-02 17:10:34,737	INFO worker.py:1852 -- Started a local Ray instance.
[36m(eager_allreduce pid=6419)[0m [2025-12-02 17:10:43] INFO pynccl.py:83: sglang is using nccl==2.26.6
[36m(eager_allreduce pid=6423)[0m [2025-12-02 17:10:54] INFO custom_all_reduce.py:431: Using AiterCustomAllreduce for ROCm.
[36m(eager_allreduce pid=6420)[0m [2025-12-02 17:10:55] INFO custom_all_reduce.py:431: Using AiterCustomAllreduce for ROCm.[32m [repeated 3x across cluster][0m
/usr/lib/python3.10/subprocess.py:1072: ResourceWarning: subprocess 6238 is still running
  _warn("subprocess %s is still running" % self.pid,
ResourceWarning: Enable tracemalloc to get the object allocation traceback
/opt/venv/lib/python3.10/site-packages/ray/_private/node.py:1414: ResourceWarning: unclosed file <_io.TextIOWrapper name='/tmp/ray/session_2025-12-02_17-10-57_760041_13/logs/monitor.out' mode='a' encoding='utf-8'>
  self.start_monitor()
ResourceWarning: Enable tracemalloc to get the object allocation traceback
/opt/venv/lib/python3.10/site-packages/ray/_private/node.py:1414: ResourceWarning: unclosed file <_io.TextIOWrapper name='/tmp/ray/session_2025-12-02_17-10-57_760041_13/logs/monitor.err' mode='a' encoding='utf-8'>
  self.start_monitor()
ResourceWarning: Enable tracemalloc to get the object allocation traceback
/opt/venv/lib/python3.10/site-packages/ray/_private/node.py:1425: ResourceWarning: unclosed file <_io.TextIOWrapper name='/tmp/ray/session_2025-12-02_17-10-57_760041_13/logs/dashboard.err' mode='a' encoding='utf-8'>
  self.start_api_server(
ResourceWarning: Enable tracemalloc to get the object allocation traceback
/opt/venv/lib/python3.10/site-packages/ray/_private/node.py:1469: ResourceWarning: unclosed file <_io.TextIOWrapper name='/tmp/ray/session_2025-12-02_17-10-57_760041_13/logs/log_monitor.err' mode='a' encoding='utf-8'>
  self.start_log_monitor()
ResourceWarning: Enable tracemalloc to get the object allocation traceback
2025-12-02 17:10:58,665	INFO worker.py:1852 -- Started a local Ray instance.
[36m(eager_allreduce pid=12500)[0m [2025-12-02 17:11:06] INFO pynccl.py:83: sglang is using nccl==2.26.6
[36m(eager_allreduce pid=12502)[0m [2025-12-02 17:11:18] INFO custom_all_reduce.py:431: Using AiterCustomAllreduce for ROCm.
[36m(eager_allreduce pid=12502)[0m [2025-12-02 17:11:18] WARNING quick_all_reduce.py:134: Custom quick allreduce is disabled due to an unsupported world size: 6. Supported world sizes: [2, 4, 8].
[36m(eager_allreduce pid=12510)[0m [2025-12-02 17:11:18] INFO custom_all_reduce.py:431: Using AiterCustomAllreduce for ROCm.[32m [repeated 5x across cluster][0m
[36m(eager_allreduce pid=12504)[0m [2025-12-02 17:11:18] WARNING quick_all_reduce.py:134: Custom quick allreduce is disabled due to an unsupported world size: 6. Supported world sizes: [2, 4, 8].[32m [repeated 5x across cluster][0m
/usr/lib/python3.10/subprocess.py:1072: ResourceWarning: subprocess 12320 is still running
  _warn("subprocess %s is still running" % self.pid,
ResourceWarning: Enable tracemalloc to get the object allocation traceback
/opt/venv/lib/python3.10/site-packages/ray/_private/node.py:1414: ResourceWarning: unclosed file <_io.TextIOWrapper name='/tmp/ray/session_2025-12-02_17-11-22_487557_13/logs/monitor.out' mode='a' encoding='utf-8'>
  self.start_monitor()
ResourceWarning: Enable tracemalloc to get the object allocation traceback
/opt/venv/lib/python3.10/site-packages/ray/_private/node.py:1414: ResourceWarning: unclosed file <_io.TextIOWrapper name='/tmp/ray/session_2025-12-02_17-11-22_487557_13/logs/monitor.err' mode='a' encoding='utf-8'>
  self.start_monitor()
ResourceWarning: Enable tracemalloc to get the object allocation traceback
/opt/venv/lib/python3.10/site-packages/ray/_private/node.py:1425: ResourceWarning: unclosed file <_io.TextIOWrapper name='/tmp/ray/session_2025-12-02_17-11-22_487557_13/logs/dashboard.err' mode='a' encoding='utf-8'>
  self.start_api_server(
ResourceWarning: Enable tracemalloc to get the object allocation traceback
/opt/venv/lib/python3.10/site-packages/ray/_private/node.py:1469: ResourceWarning: unclosed file <_io.TextIOWrapper name='/tmp/ray/session_2025-12-02_17-11-22_487557_13/logs/log_monitor.err' mode='a' encoding='utf-8'>
  self.start_log_monitor()
ResourceWarning: Enable tracemalloc to get the object allocation traceback
2025-12-02 17:11:23,405	INFO worker.py:1852 -- Started a local Ray instance.
[36m(eager_allreduce pid=18727)[0m [2025-12-02 17:11:31] INFO pynccl.py:83: sglang is using nccl==2.26.6
[36m(eager_allreduce pid=18731)[0m [2025-12-02 17:11:45] INFO custom_all_reduce.py:431: Using AiterCustomAllreduce for ROCm.
[36m(eager_allreduce pid=18739)[0m [2025-12-02 17:11:45] INFO custom_all_reduce.py:431: Using AiterCustomAllreduce for ROCm.[32m [repeated 7x across cluster][0m
/usr/lib/python3.10/subprocess.py:1072: ResourceWarning: subprocess 18547 is still running
  _warn("subprocess %s is still running" % self.pid,
ResourceWarning: Enable tracemalloc to get the object allocation traceback
./opt/venv/lib/python3.10/site-packages/ray/_private/node.py:1414: ResourceWarning: unclosed file <_io.TextIOWrapper name='/tmp/ray/session_2025-12-02_17-11-49_229309_13/logs/monitor.out' mode='a' encoding='utf-8'>
  self.start_monitor()
ResourceWarning: Enable tracemalloc to get the object allocation traceback
/opt/venv/lib/python3.10/site-packages/ray/_private/node.py:1414: ResourceWarning: unclosed file <_io.TextIOWrapper name='/tmp/ray/session_2025-12-02_17-11-49_229309_13/logs/monitor.err' mode='a' encoding='utf-8'>
  self.start_monitor()
ResourceWarning: Enable tracemalloc to get the object allocation traceback
/opt/venv/lib/python3.10/site-packages/ray/_private/node.py:1425: ResourceWarning: unclosed file <_io.TextIOWrapper name='/tmp/ray/session_2025-12-02_17-11-49_229309_13/logs/dashboard.err' mode='a' encoding='utf-8'>
  self.start_api_server(
ResourceWarning: Enable tracemalloc to get the object allocation traceback
/opt/venv/lib/python3.10/site-packages/ray/_private/node.py:1469: ResourceWarning: unclosed file <_io.TextIOWrapper name='/tmp/ray/session_2025-12-02_17-11-49_229309_13/logs/log_monitor.err' mode='a' encoding='utf-8'>
  self.start_log_monitor()
ResourceWarning: Enable tracemalloc to get the object allocation traceback
2025-12-02 17:11:50,241	INFO worker.py:1852 -- Started a local Ray instance.
[36m(graph_allreduce pid=25090)[0m [2025-12-02 17:11:58] INFO pynccl.py:83: sglang is using nccl==2.26.6
[36m(graph_allreduce pid=25093)[0m [2025-12-02 17:12:09] INFO custom_all_reduce.py:431: Using AiterCustomAllreduce for ROCm.
[36m(graph_allreduce pid=25093)[0m [aiter] Registering 2 cuda graph addresses
[36m(graph_allreduce pid=25093)[0m [2025-12-02 17:12:10] INFO custom_all_reduce.py:246: Registering 2 cuda graph addresses
[36m(graph_allreduce pid=25090)[0m [2025-12-02 17:12:09] INFO custom_all_reduce.py:431: Using AiterCustomAllreduce for ROCm.
[36m(graph_allreduce pid=25090)[0m [aiter] Registering 0 cuda graph addresses[32m [repeated 475x across cluster][0m
[36m(graph_allreduce pid=25090)[0m [2025-12-02 17:12:12] INFO custom_all_reduce.py:246: Registering 0 cuda graph addresses[32m [repeated 475x across cluster][0m
/usr/lib/python3.10/subprocess.py:1072: ResourceWarning: subprocess 24907 is still running
  _warn("subprocess %s is still running" % self.pid,
ResourceWarning: Enable tracemalloc to get the object allocation traceback
/opt/venv/lib/python3.10/site-packages/ray/_private/node.py:1414: ResourceWarning: unclosed file <_io.TextIOWrapper name='/tmp/ray/session_2025-12-02_17-12-14_165679_13/logs/monitor.out' mode='a' encoding='utf-8'>
  self.start_monitor()
ResourceWarning: Enable tracemalloc to get the object allocation traceback
/opt/venv/lib/python3.10/site-packages/ray/_private/node.py:1414: ResourceWarning: unclosed file <_io.TextIOWrapper name='/tmp/ray/session_2025-12-02_17-12-14_165679_13/logs/monitor.err' mode='a' encoding='utf-8'>
  self.start_monitor()
ResourceWarning: Enable tracemalloc to get the object allocation traceback
/opt/venv/lib/python3.10/site-packages/ray/_private/node.py:1425: ResourceWarning: unclosed file <_io.TextIOWrapper name='/tmp/ray/session_2025-12-02_17-12-14_165679_13/logs/dashboard.err' mode='a' encoding='utf-8'>
  self.start_api_server(
ResourceWarning: Enable tracemalloc to get the object allocation traceback
/opt/venv/lib/python3.10/site-packages/ray/_private/node.py:1469: ResourceWarning: unclosed file <_io.TextIOWrapper name='/tmp/ray/session_2025-12-02_17-12-14_165679_13/logs/log_monitor.err' mode='a' encoding='utf-8'>
  self.start_log_monitor()
ResourceWarning: Enable tracemalloc to get the object allocation traceback
2025-12-02 17:12:15,057	INFO worker.py:1852 -- Started a local Ray instance.
[36m(graph_allreduce pid=31030)[0m [2025-12-02 17:12:22] INFO pynccl.py:83: sglang is using nccl==2.26.6
[36m(graph_allreduce pid=31033)[0m [2025-12-02 17:12:34] INFO custom_all_reduce.py:431: Using AiterCustomAllreduce for ROCm.
[36m(graph_allreduce pid=31033)[0m [aiter] Registering 2 cuda graph addresses
[36m(graph_allreduce pid=31033)[0m [2025-12-02 17:12:35] INFO custom_all_reduce.py:246: Registering 2 cuda graph addresses
Traceback (most recent call last):
  File "/sgl-workspace/sglang/python/sglang/srt/utils/common.py", line 2567, in retry
    return fn()
  File "/sgl-workspace/sglang/python/sglang/test/test_utils.py", line 1698, in <lambda>
    lambda: super(CustomTestCase, self)._callTestMethod(method),
  File "/usr/lib/python3.10/unittest/case.py", line 549, in _callTestMethod
    method()
  File "/sgl-workspace/sglang/test/manual/test_custom_allreduce.py", line 81, in test_graph_allreduce
    multi_process_parallel(world_size, self, self.graph_allreduce)
  File "/sgl-workspace/sglang/test/manual/test_custom_allreduce.py", line 54, in multi_process_parallel
    ray.get(refs)
  File "/opt/venv/lib/python3.10/site-packages/ray/_private/auto_init_hook.py", line 21, in auto_init_wrapper
    return fn(*args, **kwargs)
  File "/opt/venv/lib/python3.10/site-packages/ray/_private/client_mode_hook.py", line 103, in wrapper
    return func(*args, **kwargs)
  File "/opt/venv/lib/python3.10/site-packages/ray/_private/worker.py", line 2782, in get
    values, debugger_breakpoint = worker.get_objects(object_refs, timeout=timeout)
  File "/opt/venv/lib/python3.10/site-packages/ray/_private/worker.py", line 929, in get_objects
    raise value.as_instanceof_cause()
ray.exceptions.RayTaskError(AssertionError): [36mray::graph_allreduce()[39m (pid=31029, ip=10.194.129.117)
  File "/sgl-workspace/sglang/test/manual/test_custom_allreduce.py", line 149, in graph_allreduce
    torch.testing.assert_close(out1, inp1)
  File "/opt/venv/lib/python3.10/site-packages/torch/testing/_comparison.py", line 1587, in assert_close
    raise error_metas[0].to_error(msg)
AssertionError: Tensor-likes are not close!

Mismatched elements: 2368 / 16777216 (0.0%)
Greatest absolute difference: 14.0 at index (6694170,) (up to 1e-05 allowed)
Greatest relative difference: 1.5 at index (6710976,) (up to 0.001 allowed)
E
======================================================================
ERROR: test_graph_allreduce (test_custom_allreduce.TestCustomAllReduce)
----------------------------------------------------------------------
Traceback (most recent call last):
  File "/sgl-workspace/sglang/python/sglang/srt/utils/common.py", line 2567, in retry
    return fn()
  File "/sgl-workspace/sglang/python/sglang/test/test_utils.py", line 1698, in <lambda>
    lambda: super(CustomTestCase, self)._callTestMethod(method),
  File "/usr/lib/python3.10/unittest/case.py", line 549, in _callTestMethod
    method()
  File "/sgl-workspace/sglang/test/manual/test_custom_allreduce.py", line 81, in test_graph_allreduce
    multi_process_parallel(world_size, self, self.graph_allreduce)
  File "/sgl-workspace/sglang/test/manual/test_custom_allreduce.py", line 54, in multi_process_parallel
    ray.get(refs)
  File "/opt/venv/lib/python3.10/site-packages/ray/_private/auto_init_hook.py", line 21, in auto_init_wrapper
    return fn(*args, **kwargs)
  File "/opt/venv/lib/python3.10/site-packages/ray/_private/client_mode_hook.py", line 103, in wrapper
    return func(*args, **kwargs)
  File "/opt/venv/lib/python3.10/site-packages/ray/_private/worker.py", line 2782, in get
    values, debugger_breakpoint = worker.get_objects(object_refs, timeout=timeout)
  File "/opt/venv/lib/python3.10/site-packages/ray/_private/worker.py", line 929, in get_objects
    raise value.as_instanceof_cause()
ray.exceptions.RayTaskError(AssertionError): [36mray::graph_allreduce()[39m (pid=31029, ip=10.194.129.117)
  File "/sgl-workspace/sglang/test/manual/test_custom_allreduce.py", line 149, in graph_allreduce
    torch.testing.assert_close(out1, inp1)
  File "/opt/venv/lib/python3.10/site-packages/torch/testing/_comparison.py", line 1587, in assert_close
    raise error_metas[0].to_error(msg)
AssertionError: Tensor-likes are not close!

Mismatched elements: 2368 / 16777216 (0.0%)
Greatest absolute difference: 14.0 at index (6694170,) (up to 1e-05 allowed)
Greatest relative difference: 1.5 at index (6710976,) (up to 0.001 allowed)

During handling of the above exception, another exception occurred:

Traceback (most recent call last):
  File "/sgl-workspace/sglang/python/sglang/test/test_utils.py", line 1697, in _callTestMethod
    retry(
  File "/sgl-workspace/sglang/python/sglang/srt/utils/common.py", line 2572, in retry
    raise Exception(f"retry() exceed maximum number of retries.")
Exception: retry() exceed maximum number of retries.

----------------------------------------------------------------------
Ran 2 tests in 150.921s

FAILED (errors=1)
2025-12-02 17:12:37,250	ERROR worker.py:420 -- Unhandled error (suppress with 'RAY_IGNORE_UNHANDLED_ERRORS=1'): [36mray::graph_allreduce()[39m (pid=31030, ip=10.194.129.117)
  File "/sgl-workspace/sglang/test/manual/test_custom_allreduce.py", line 149, in graph_allreduce
    torch.testing.assert_close(out1, inp1)
  File "/opt/venv/lib/python3.10/site-packages/torch/testing/_comparison.py", line 1587, in assert_close
    raise error_metas[0].to_error(msg)
AssertionError: Tensor-likes are not close!

Mismatched elements: 2368 / 16777216 (0.0%)
Greatest absolute difference: 14.0 at index (6694170,) (up to 1e-05 allowed)
Greatest relative difference: 1.5 at index (6710976,) (up to 0.001 allowed)
2025-12-02 17:12:37,252	ERROR worker.py:420 -- Unhandled error (suppress with 'RAY_IGNORE_UNHANDLED_ERRORS=1'): [36mray::graph_allreduce()[39m (pid=31031, ip=10.194.129.117)
  File "/sgl-workspace/sglang/test/manual/test_custom_allreduce.py", line 149, in graph_allreduce
    torch.testing.assert_close(out1, inp1)
  File "/opt/venv/lib/python3.10/site-packages/torch/testing/_comparison.py", line 1587, in assert_close
    raise error_metas[0].to_error(msg)
AssertionError: Tensor-likes are not close!

Mismatched elements: 2368 / 16777216 (0.0%)
Greatest absolute difference: 14.0 at index (6694170,) (up to 1e-05 allowed)
Greatest relative difference: 1.5 at index (6710976,) (up to 0.001 allowed)
2025-12-02 17:12:37,258	ERROR worker.py:420 -- Unhandled error (suppress with 'RAY_IGNORE_UNHANDLED_ERRORS=1'): [36mray::graph_allreduce()[39m (pid=31033, ip=10.194.129.117)
  File "/sgl-workspace/sglang/test/manual/test_custom_allreduce.py", line 149, in graph_allreduce
    torch.testing.assert_close(out1, inp1)
  File "/opt/venv/lib/python3.10/site-packages/torch/testing/_comparison.py", line 1587, in assert_close
    raise error_metas[0].to_error(msg)
AssertionError: Tensor-likes are not close!

Mismatched elements: 2368 / 16777216 (0.0%)
Greatest absolute difference: 14.0 at index (6694170,) (up to 1e-05 allowed)
Greatest relative difference: 1.5 at index (6710976,) (up to 0.001 allowed)
[36m(graph_allreduce pid=31030)[0m [2025-12-02 17:12:34] INFO custom_all_reduce.py:431: Using AiterCustomAllreduce for ROCm.[32m [repeated 3x across cluster][0m
[36m(graph_allreduce pid=31030)[0m [aiter] Registering 2 cuda graph addresses[32m [repeated 651x across cluster][0m
[36m(graph_allreduce pid=31030)[0m [2025-12-02 17:12:36] INFO custom_all_reduce.py:246: Registering 2 cuda graph addresses[32m [repeated 651x across cluster][0m
[CI Test Method] TestCustomAllReduce.test_eager_allreduce
[36m(eager_allreduce pid=471)[0m [Gloo] Rank 1 is connected to 1 peer ranks. Expected number of connected peer ranks is : 1
[36m(eager_allreduce pid=471)[0m merge tuned file under model_configs/ and configs/  /sgl-workspace/aiter/aiter/configs/a8w8_blockscale_tuned_gemm.csv:/sgl-workspace/aiter/aiter/configs/model_configs/a8w8_blockscale_tuned_gemm_ds_v3.csv
[36m(eager_allreduce pid=471)[0m merge tuned file under model_configs/ and configs/  /sgl-workspace/aiter/aiter/configs/a8w8_blockscale_bpreshuffle_tuned_gemm.csv:/sgl-workspace/aiter/aiter/configs/model_configs/a8w8_blockscale_bpreshuffle_tuned_gemm_dsv3.csv
[36m(eager_allreduce pid=475)[0m [Gloo] Rank 0 is connected to 1 peer ranks. Expected number of connected peer ranks is : 1[32m [repeated 3x across cluster] (Ray deduplicates logs by default. Set RAY_DEDUP_LOGS=0 to disable log deduplication, or see https://docs.ray.io/en/master/ray-observability/user-guides/configure-logging.html#log-deduplication for more options.)[0m
[36m(eager_allreduce pid=475)[0m merge tuned file under model_configs/ and configs/  /sgl-workspace/aiter/aiter/configs/a8w8_blockscale_bpreshuffle_tuned_gemm.csv:/sgl-workspace/aiter/aiter/configs/model_configs/a8w8_blockscale_bpreshuffle_tuned_gemm_dsv3.csv[32m [repeated 2x across cluster][0m
[36m(eager_allreduce pid=475)[0m [Gloo] Rank 0 is connected to 0 peer ranks. Expected number of connected peer ranks is : 0[32m [repeated 4x across cluster][0m
[36m(eager_allreduce pid=6419)[0m [Gloo] Rank 0 is connected to 3 peer ranks. Expected number of connected peer ranks is : 3
[36m(eager_allreduce pid=6423)[0m merge tuned file under model_configs/ and configs/  /sgl-workspace/aiter/aiter/configs/a8w8_blockscale_tuned_gemm.csv:/sgl-workspace/aiter/aiter/configs/model_configs/a8w8_blockscale_tuned_gemm_ds_v3.csv
[36m(eager_allreduce pid=6423)[0m merge tuned file under model_configs/ and configs/  /sgl-workspace/aiter/aiter/configs/a8w8_blockscale_bpreshuffle_tuned_gemm.csv:/sgl-workspace/aiter/aiter/configs/model_configs/a8w8_blockscale_bpreshuffle_tuned_gemm_dsv3.csv
[36m(eager_allreduce pid=6420)[0m [Gloo] Rank 3 is connected to 3 peer ranks. Expected number of connected peer ranks is : 3[32m [repeated 7x across cluster][0m
[36m(eager_allreduce pid=6420)[0m merge tuned file under model_configs/ and configs/  /sgl-workspace/aiter/aiter/configs/a8w8_blockscale_bpreshuffle_tuned_gemm.csv:/sgl-workspace/aiter/aiter/configs/model_configs/a8w8_blockscale_bpreshuffle_tuned_gemm_dsv3.csv[32m [repeated 6x across cluster][0m
[36m(eager_allreduce pid=6420)[0m [Gloo] Rank 0 is connected to 0 peer ranks. Expected number of connected peer ranks is : 0[32m [repeated 8x across cluster][0m
[36m(eager_allreduce pid=12500)[0m [Gloo] Rank 0 is connected to 5 peer ranks. Expected number of connected peer ranks is : 5
[36m(eager_allreduce pid=12500)[0m merge tuned file under model_configs/ and configs/  /sgl-workspace/aiter/aiter/configs/a8w8_blockscale_tuned_gemm.csv:/sgl-workspace/aiter/aiter/configs/model_configs/a8w8_blockscale_tuned_gemm_ds_v3.csv
[36m(eager_allreduce pid=12508)[0m [Gloo] Rank 3 is connected to 5 peer ranks. Expected number of connected peer ranks is : 5[32m [repeated 11x across cluster][0m
[36m(eager_allreduce pid=12510)[0m merge tuned file under model_configs/ and configs/  /sgl-workspace/aiter/aiter/configs/a8w8_blockscale_bpreshuffle_tuned_gemm.csv:/sgl-workspace/aiter/aiter/configs/model_configs/a8w8_blockscale_bpreshuffle_tuned_gemm_dsv3.csv[32m [repeated 11x across cluster][0m
[36m(eager_allreduce pid=12508)[0m [Gloo] Rank 0 is connected to 0 peer ranks. Expected number of connected peer ranks is : 0[32m [repeated 12x across cluster][0m
[36m(eager_allreduce pid=18737)[0m [Gloo] Rank 3 is connected to 7 peer ranks. Expected number of connected peer ranks is : 7
[36m(eager_allreduce pid=18729)[0m merge tuned file under model_configs/ and configs/  /sgl-workspace/aiter/aiter/configs/a8w8_blockscale_tuned_gemm.csv:/sgl-workspace/aiter/aiter/configs/model_configs/a8w8_blockscale_tuned_gemm_ds_v3.csv
[36m(eager_allreduce pid=18729)[0m merge tuned file under model_configs/ and configs/  /sgl-workspace/aiter/aiter/configs/a8w8_blockscale_bpreshuffle_tuned_gemm.csv:/sgl-workspace/aiter/aiter/configs/model_configs/a8w8_blockscale_bpreshuffle_tuned_gemm_dsv3.csv
[36m(eager_allreduce pid=18739)[0m [Gloo] Rank 4 is connected to 7 peer ranks. Expected number of connected peer ranks is : 7[32m [repeated 15x across cluster][0m
[36m(eager_allreduce pid=18727)[0m merge tuned file under model_configs/ and configs/  /sgl-workspace/aiter/aiter/configs/a8w8_blockscale_bpreshuffle_tuned_gemm.csv:/sgl-workspace/aiter/aiter/configs/model_configs/a8w8_blockscale_bpreshuffle_tuned_gemm_dsv3.csv[32m [repeated 14x across cluster][0m
[36m(eager_allreduce pid=18739)[0m [Gloo] Rank 0 is connected to 0 peer ranks. Expected number of connected peer ranks is : 0[32m [repeated 16x across cluster][0m
[CI Test Method] TestCustomAllReduce.test_graph_allreduce
[36m(graph_allreduce pid=25093)[0m [Gloo] Rank 1 is connected to 1 peer ranks. Expected number of connected peer ranks is : 1
[36m(graph_allreduce pid=25093)[0m merge tuned file under model_configs/ and configs/  /sgl-workspace/aiter/aiter/configs/a8w8_blockscale_tuned_gemm.csv:/sgl-workspace/aiter/aiter/configs/model_configs/a8w8_blockscale_tuned_gemm_ds_v3.csv
[36m(graph_allreduce pid=25093)[0m merge tuned file under model_configs/ and configs/  /sgl-workspace/aiter/aiter/configs/a8w8_blockscale_bpreshuffle_tuned_gemm.csv:/sgl-workspace/aiter/aiter/configs/model_configs/a8w8_blockscale_bpreshuffle_tuned_gemm_dsv3.csv
[36m(graph_allreduce pid=25090)[0m [Gloo] Rank 0 is connected to 1 peer ranks. Expected number of connected peer ranks is : 1[32m [repeated 3x across cluster][0m
[36m(graph_allreduce pid=25090)[0m merge tuned file under model_configs/ and configs/  /sgl-workspace/aiter/aiter/configs/a8w8_blockscale_bpreshuffle_tuned_gemm.csv:/sgl-workspace/aiter/aiter/configs/model_configs/a8w8_blockscale_bpreshuffle_tuned_gemm_dsv3.csv[32m [repeated 2x across cluster][0m
[36m(graph_allreduce pid=25090)[0m [Gloo] Rank 0 is connected to 0 peer ranks. Expected number of connected peer ranks is : 0[32m [repeated 4x across cluster][0m
[36m(graph_allreduce pid=31030)[0m [Gloo] Rank 0 is connected to 3 peer ranks. Expected number of connected peer ranks is : 3
[36m(graph_allreduce pid=31030)[0m merge tuned file under model_configs/ and configs/  /sgl-workspace/aiter/aiter/configs/a8w8_blockscale_tuned_gemm.csv:/sgl-workspace/aiter/aiter/configs/model_configs/a8w8_blockscale_tuned_gemm_ds_v3.csv
[36m(graph_allreduce pid=31030)[0m merge tuned file under model_configs/ and configs/  /sgl-workspace/aiter/aiter/configs/a8w8_blockscale_bpreshuffle_tuned_gemm.csv:/sgl-workspace/aiter/aiter/configs/model_configs/a8w8_blockscale_bpreshuffle_tuned_gemm_dsv3.csv
[36m(graph_allreduce pid=31031)[0m [Gloo] Rank 3 is connected to 3 peer ranks. Expected number of connected peer ranks is : 3[32m [repeated 7x across cluster][0m
[36m(graph_allreduce pid=31031)[0m merge tuned file under model_configs/ and configs/  /sgl-workspace/aiter/aiter/configs/a8w8_blockscale_bpreshuffle_tuned_gemm.csv:/sgl-workspace/aiter/aiter/configs/model_configs/a8w8_blockscale_bpreshuffle_tuned_gemm_dsv3.csv[32m [repeated 6x across cluster][0m
[36m(graph_allreduce pid=31031)[0m [Gloo] Rank 0 is connected to 0 peer ranks. Expected number of connected peer ranks is : 0[32m [repeated 8x across cluster][0m

==========================================
End time: 2025-12-02 11:12:40 CST
Exit code: 1
Result: FAILED
==========================================
