==========================================
SGL Unit Test Log
==========================================
Test: test_custom_allreduce.TestCustomAllReduce
Image: rocm/sgl-dev:v0.5.6-rocm700-mi30x-20251204
Container: sgl-dev_v0.5.6-rocm700-mi30x-20251204
Hardware: mi30x
Start time: 2025-12-04 10:03:16 CST
Test directory: /sgl-workspace/sglang/test/manual
Command: CUDA_VISIBLE_DEVICES=0,1,2,3,4,5,6,7 python3 -m unittest test_custom_allreduce.TestCustomAllReduce
==========================================

/opt/venv/lib/python3.10/site-packages/ray/_private/node.py:1204: ResourceWarning: unclosed file <_io.TextIOWrapper name='/dev/null' mode='w' encoding='UTF-8'>
  process_info = ray._private.services.start_gcs_server(
ResourceWarning: Enable tracemalloc to get the object allocation traceback
/opt/venv/lib/python3.10/site-packages/ray/_private/node.py:1414: ResourceWarning: unclosed file <_io.TextIOWrapper name='/tmp/ray/session_2025-12-04_16-03-21_515307_13/logs/monitor.out' mode='a' encoding='utf-8'>
  self.start_monitor()
ResourceWarning: Enable tracemalloc to get the object allocation traceback
/opt/venv/lib/python3.10/site-packages/ray/_private/node.py:1414: ResourceWarning: unclosed file <_io.TextIOWrapper name='/tmp/ray/session_2025-12-04_16-03-21_515307_13/logs/monitor.err' mode='a' encoding='utf-8'>
  self.start_monitor()
ResourceWarning: Enable tracemalloc to get the object allocation traceback
/opt/venv/lib/python3.10/site-packages/ray/_private/node.py:1425: ResourceWarning: unclosed file <_io.TextIOWrapper name='/tmp/ray/session_2025-12-04_16-03-21_515307_13/logs/dashboard.err' mode='a' encoding='utf-8'>
  self.start_api_server(
ResourceWarning: Enable tracemalloc to get the object allocation traceback
/opt/venv/lib/python3.10/site-packages/ray/_private/utils.py:521: ResourceWarning: unclosed file <_io.TextIOWrapper name='/sys/fs/cgroup/cpu.max' mode='r' encoding='UTF-8'>
  max_file = open(cpu_max_file_name).read()
ResourceWarning: Enable tracemalloc to get the object allocation traceback
/opt/venv/lib/python3.10/site-packages/ray/_private/node.py:1247: ResourceWarning: unclosed file <_io.TextIOWrapper name='/dev/null' mode='w' encoding='UTF-8'>
  process_info = ray._private.services.start_raylet(
ResourceWarning: Enable tracemalloc to get the object allocation traceback
/opt/venv/lib/python3.10/site-packages/ray/_private/node.py:1469: ResourceWarning: unclosed file <_io.TextIOWrapper name='/tmp/ray/session_2025-12-04_16-03-21_515307_13/logs/log_monitor.err' mode='a' encoding='utf-8'>
  self.start_log_monitor()
ResourceWarning: Enable tracemalloc to get the object allocation traceback
2025-12-04 16:03:22,574	INFO worker.py:1852 -- Started a local Ray instance.
[36m(eager_allreduce pid=473)[0m [2025-12-04 16:03:31] INFO pynccl.py:83: sglang is using nccl==2.26.6
[36m(eager_allreduce pid=473)[0m [2025-12-04 16:03:46] INFO custom_all_reduce.py:421: Using AiterCustomAllreduce for ROCm.
[36m(eager_allreduce pid=471)[0m [2025-12-04 16:03:46] INFO custom_all_reduce.py:421: Using AiterCustomAllreduce for ROCm.
/usr/lib/python3.10/subprocess.py:1072: ResourceWarning: subprocess 290 is still running
  _warn("subprocess %s is still running" % self.pid,
ResourceWarning: Enable tracemalloc to get the object allocation traceback
/opt/venv/lib/python3.10/site-packages/ray/_private/node.py:1204: ResourceWarning: unclosed file <_io.TextIOWrapper name='/dev/null' mode='w' encoding='UTF-8'>
  process_info = ray._private.services.start_gcs_server(
ResourceWarning: Enable tracemalloc to get the object allocation traceback
/opt/venv/lib/python3.10/site-packages/ray/_private/node.py:1414: ResourceWarning: unclosed file <_io.TextIOWrapper name='/tmp/ray/session_2025-12-04_16-03-48_839376_13/logs/monitor.out' mode='a' encoding='utf-8'>
  self.start_monitor()
ResourceWarning: Enable tracemalloc to get the object allocation traceback
/opt/venv/lib/python3.10/site-packages/ray/_private/node.py:1414: ResourceWarning: unclosed file <_io.TextIOWrapper name='/tmp/ray/session_2025-12-04_16-03-48_839376_13/logs/monitor.err' mode='a' encoding='utf-8'>
  self.start_monitor()
ResourceWarning: Enable tracemalloc to get the object allocation traceback
/opt/venv/lib/python3.10/site-packages/ray/_private/node.py:1425: ResourceWarning: unclosed file <_io.TextIOWrapper name='/tmp/ray/session_2025-12-04_16-03-48_839376_13/logs/dashboard.err' mode='a' encoding='utf-8'>
  self.start_api_server(
ResourceWarning: Enable tracemalloc to get the object allocation traceback
/opt/venv/lib/python3.10/site-packages/ray/_private/node.py:1469: ResourceWarning: unclosed file <_io.TextIOWrapper name='/tmp/ray/session_2025-12-04_16-03-48_839376_13/logs/log_monitor.err' mode='a' encoding='utf-8'>
  self.start_log_monitor()
ResourceWarning: Enable tracemalloc to get the object allocation traceback
2025-12-04 16:03:49,758	INFO worker.py:1852 -- Started a local Ray instance.
[36m(eager_allreduce pid=6425)[0m [2025-12-04 16:03:58] INFO pynccl.py:83: sglang is using nccl==2.26.6
[36m(eager_allreduce pid=6426)[0m [2025-12-04 16:04:09] INFO custom_all_reduce.py:421: Using AiterCustomAllreduce for ROCm.
[36m(eager_allreduce pid=6424)[0m [2025-12-04 16:04:09] INFO custom_all_reduce.py:421: Using AiterCustomAllreduce for ROCm.[32m [repeated 3x across cluster][0m
/usr/lib/python3.10/subprocess.py:1072: ResourceWarning: subprocess 6240 is still running
  _warn("subprocess %s is still running" % self.pid,
ResourceWarning: Enable tracemalloc to get the object allocation traceback
/opt/venv/lib/python3.10/site-packages/ray/_private/node.py:1414: ResourceWarning: unclosed file <_io.TextIOWrapper name='/tmp/ray/session_2025-12-04_16-04-11_926987_13/logs/monitor.out' mode='a' encoding='utf-8'>
  self.start_monitor()
ResourceWarning: Enable tracemalloc to get the object allocation traceback
/opt/venv/lib/python3.10/site-packages/ray/_private/node.py:1414: ResourceWarning: unclosed file <_io.TextIOWrapper name='/tmp/ray/session_2025-12-04_16-04-11_926987_13/logs/monitor.err' mode='a' encoding='utf-8'>
  self.start_monitor()
ResourceWarning: Enable tracemalloc to get the object allocation traceback
/opt/venv/lib/python3.10/site-packages/ray/_private/node.py:1425: ResourceWarning: unclosed file <_io.TextIOWrapper name='/tmp/ray/session_2025-12-04_16-04-11_926987_13/logs/dashboard.err' mode='a' encoding='utf-8'>
  self.start_api_server(
ResourceWarning: Enable tracemalloc to get the object allocation traceback
/opt/venv/lib/python3.10/site-packages/ray/_private/node.py:1469: ResourceWarning: unclosed file <_io.TextIOWrapper name='/tmp/ray/session_2025-12-04_16-04-11_926987_13/logs/log_monitor.err' mode='a' encoding='utf-8'>
  self.start_log_monitor()
ResourceWarning: Enable tracemalloc to get the object allocation traceback
2025-12-04 16:04:12,966	INFO worker.py:1852 -- Started a local Ray instance.
[36m(eager_allreduce pid=12499)[0m [2025-12-04 16:04:22] INFO pynccl.py:83: sglang is using nccl==2.26.6
[36m(eager_allreduce pid=12500)[0m [2025-12-04 16:04:34] INFO custom_all_reduce.py:421: Using AiterCustomAllreduce for ROCm.
[36m(eager_allreduce pid=12501)[0m [2025-12-04 16:04:34] WARNING quick_all_reduce.py:126: Custom quick allreduce is disabled due to an unsupported world size: 6. Supported world sizes: [2, 4, 8].
[36m(eager_allreduce pid=12499)[0m [2025-12-04 16:04:34] INFO custom_all_reduce.py:421: Using AiterCustomAllreduce for ROCm.[32m [repeated 5x across cluster][0m
[36m(eager_allreduce pid=12495)[0m [2025-12-04 16:04:34] WARNING quick_all_reduce.py:126: Custom quick allreduce is disabled due to an unsupported world size: 6. Supported world sizes: [2, 4, 8].[32m [repeated 5x across cluster][0m
/usr/lib/python3.10/subprocess.py:1072: ResourceWarning: subprocess 12315 is still running
  _warn("subprocess %s is still running" % self.pid,
ResourceWarning: Enable tracemalloc to get the object allocation traceback
/opt/venv/lib/python3.10/site-packages/ray/_private/node.py:1414: ResourceWarning: unclosed file <_io.TextIOWrapper name='/tmp/ray/session_2025-12-04_16-04-37_242680_13/logs/monitor.out' mode='a' encoding='utf-8'>
  self.start_monitor()
ResourceWarning: Enable tracemalloc to get the object allocation traceback
/opt/venv/lib/python3.10/site-packages/ray/_private/node.py:1414: ResourceWarning: unclosed file <_io.TextIOWrapper name='/tmp/ray/session_2025-12-04_16-04-37_242680_13/logs/monitor.err' mode='a' encoding='utf-8'>
  self.start_monitor()
ResourceWarning: Enable tracemalloc to get the object allocation traceback
/opt/venv/lib/python3.10/site-packages/ray/_private/node.py:1425: ResourceWarning: unclosed file <_io.TextIOWrapper name='/tmp/ray/session_2025-12-04_16-04-37_242680_13/logs/dashboard.err' mode='a' encoding='utf-8'>
  self.start_api_server(
ResourceWarning: Enable tracemalloc to get the object allocation traceback
/opt/venv/lib/python3.10/site-packages/ray/_private/node.py:1469: ResourceWarning: unclosed file <_io.TextIOWrapper name='/tmp/ray/session_2025-12-04_16-04-37_242680_13/logs/log_monitor.err' mode='a' encoding='utf-8'>
  self.start_log_monitor()
ResourceWarning: Enable tracemalloc to get the object allocation traceback
2025-12-04 16:04:38,186	INFO worker.py:1852 -- Started a local Ray instance.
[36m(eager_allreduce pid=18717)[0m [2025-12-04 16:04:48] INFO pynccl.py:83: sglang is using nccl==2.26.6
[36m(eager_allreduce pid=18716)[0m [2025-12-04 16:05:02] INFO custom_all_reduce.py:421: Using AiterCustomAllreduce for ROCm.
[36m(eager_allreduce pid=18717)[0m [2025-12-04 16:05:02] INFO custom_all_reduce.py:421: Using AiterCustomAllreduce for ROCm.[32m [repeated 7x across cluster][0m
/usr/lib/python3.10/subprocess.py:1072: ResourceWarning: subprocess 18534 is still running
  _warn("subprocess %s is still running" % self.pid,
ResourceWarning: Enable tracemalloc to get the object allocation traceback
./opt/venv/lib/python3.10/site-packages/ray/_private/node.py:1414: ResourceWarning: unclosed file <_io.TextIOWrapper name='/tmp/ray/session_2025-12-04_16-05-06_879415_13/logs/monitor.out' mode='a' encoding='utf-8'>
  self.start_monitor()
ResourceWarning: Enable tracemalloc to get the object allocation traceback
/opt/venv/lib/python3.10/site-packages/ray/_private/node.py:1414: ResourceWarning: unclosed file <_io.TextIOWrapper name='/tmp/ray/session_2025-12-04_16-05-06_879415_13/logs/monitor.err' mode='a' encoding='utf-8'>
  self.start_monitor()
ResourceWarning: Enable tracemalloc to get the object allocation traceback
/opt/venv/lib/python3.10/site-packages/ray/_private/node.py:1425: ResourceWarning: unclosed file <_io.TextIOWrapper name='/tmp/ray/session_2025-12-04_16-05-06_879415_13/logs/dashboard.err' mode='a' encoding='utf-8'>
  self.start_api_server(
ResourceWarning: Enable tracemalloc to get the object allocation traceback
/opt/venv/lib/python3.10/site-packages/ray/_private/node.py:1469: ResourceWarning: unclosed file <_io.TextIOWrapper name='/tmp/ray/session_2025-12-04_16-05-06_879415_13/logs/log_monitor.err' mode='a' encoding='utf-8'>
  self.start_log_monitor()
ResourceWarning: Enable tracemalloc to get the object allocation traceback
2025-12-04 16:05:07,822	INFO worker.py:1852 -- Started a local Ray instance.
[36m(graph_allreduce pid=25078)[0m [2025-12-04 16:05:15] INFO pynccl.py:83: sglang is using nccl==2.26.6
[36m(graph_allreduce pid=25078)[0m [2025-12-04 16:05:26] INFO custom_all_reduce.py:421: Using AiterCustomAllreduce for ROCm.
[36m(graph_allreduce pid=25078)[0m [aiter] Registering 2 cuda graph addresses
[36m(graph_allreduce pid=25078)[0m [2025-12-04 16:05:26] INFO custom_all_reduce.py:246: Registering 2 cuda graph addresses
[36m(graph_allreduce pid=25079)[0m [2025-12-04 16:05:26] INFO custom_all_reduce.py:421: Using AiterCustomAllreduce for ROCm.
[36m(graph_allreduce pid=25079)[0m [aiter] Registering 0 cuda graph addresses[32m [repeated 477x across cluster][0m
[36m(graph_allreduce pid=25079)[0m [2025-12-04 16:05:29] INFO custom_all_reduce.py:246: Registering 0 cuda graph addresses[32m [repeated 477x across cluster][0m
/usr/lib/python3.10/subprocess.py:1072: ResourceWarning: subprocess 24893 is still running
  _warn("subprocess %s is still running" % self.pid,
ResourceWarning: Enable tracemalloc to get the object allocation traceback
/opt/venv/lib/python3.10/site-packages/ray/_private/node.py:1414: ResourceWarning: unclosed file <_io.TextIOWrapper name='/tmp/ray/session_2025-12-04_16-05-30_897475_13/logs/monitor.out' mode='a' encoding='utf-8'>
  self.start_monitor()
ResourceWarning: Enable tracemalloc to get the object allocation traceback
/opt/venv/lib/python3.10/site-packages/ray/_private/node.py:1414: ResourceWarning: unclosed file <_io.TextIOWrapper name='/tmp/ray/session_2025-12-04_16-05-30_897475_13/logs/monitor.err' mode='a' encoding='utf-8'>
  self.start_monitor()
ResourceWarning: Enable tracemalloc to get the object allocation traceback
/opt/venv/lib/python3.10/site-packages/ray/_private/node.py:1425: ResourceWarning: unclosed file <_io.TextIOWrapper name='/tmp/ray/session_2025-12-04_16-05-30_897475_13/logs/dashboard.err' mode='a' encoding='utf-8'>
  self.start_api_server(
ResourceWarning: Enable tracemalloc to get the object allocation traceback
/opt/venv/lib/python3.10/site-packages/ray/_private/node.py:1469: ResourceWarning: unclosed file <_io.TextIOWrapper name='/tmp/ray/session_2025-12-04_16-05-30_897475_13/logs/log_monitor.err' mode='a' encoding='utf-8'>
  self.start_log_monitor()
ResourceWarning: Enable tracemalloc to get the object allocation traceback
2025-12-04 16:05:31,818	INFO worker.py:1852 -- Started a local Ray instance.
[36m(graph_allreduce pid=31013)[0m [2025-12-04 16:05:40] INFO pynccl.py:83: sglang is using nccl==2.26.6
[36m(graph_allreduce pid=31012)[0m [2025-12-04 16:05:51] INFO custom_all_reduce.py:421: Using AiterCustomAllreduce for ROCm.
[36m(graph_allreduce pid=31014)[0m [aiter] Registering 2 cuda graph addresses
[36m(graph_allreduce pid=31014)[0m [2025-12-04 16:05:52] INFO custom_all_reduce.py:246: Registering 2 cuda graph addresses
Traceback (most recent call last):
  File "/sgl-workspace/sglang/python/sglang/srt/utils/common.py", line 2520, in retry
    return fn()
  File "/sgl-workspace/sglang/python/sglang/test/test_utils.py", line 1698, in <lambda>
    lambda: super(CustomTestCase, self)._callTestMethod(method),
  File "/usr/lib/python3.10/unittest/case.py", line 549, in _callTestMethod
    method()
  File "/sgl-workspace/sglang/test/manual/test_custom_allreduce.py", line 81, in test_graph_allreduce
    multi_process_parallel(world_size, self, self.graph_allreduce)
  File "/sgl-workspace/sglang/test/manual/test_custom_allreduce.py", line 54, in multi_process_parallel
    ray.get(refs)
  File "/opt/venv/lib/python3.10/site-packages/ray/_private/auto_init_hook.py", line 21, in auto_init_wrapper
    return fn(*args, **kwargs)
  File "/opt/venv/lib/python3.10/site-packages/ray/_private/client_mode_hook.py", line 103, in wrapper
    return func(*args, **kwargs)
  File "/opt/venv/lib/python3.10/site-packages/ray/_private/worker.py", line 2782, in get
    values, debugger_breakpoint = worker.get_objects(object_refs, timeout=timeout)
  File "/opt/venv/lib/python3.10/site-packages/ray/_private/worker.py", line 929, in get_objects
    raise value.as_instanceof_cause()
ray.exceptions.RayTaskError(AssertionError): [36mray::graph_allreduce()[39m (pid=31016, ip=10.194.129.138)
  File "/sgl-workspace/sglang/test/manual/test_custom_allreduce.py", line 149, in graph_allreduce
    torch.testing.assert_close(out1, inp1)
  File "/opt/venv/lib/python3.10/site-packages/torch/testing/_comparison.py", line 1587, in assert_close
    raise error_metas[0].to_error(msg)
AssertionError: Tensor-likes are not close!

Mismatched elements: 2417 / 33554432 (0.0%)
Greatest absolute difference: 27.0 at index (5318682,) (up to 1e-05 allowed)
Greatest relative difference: 3.71875 at index (5318912,) (up to 0.016 allowed)
E2025-12-04 16:05:54,888	ERROR worker.py:420 -- Unhandled error (suppress with 'RAY_IGNORE_UNHANDLED_ERRORS=1'): [36mray::graph_allreduce()[39m (pid=31012, ip=10.194.129.138)
  File "/sgl-workspace/sglang/test/manual/test_custom_allreduce.py", line 149, in graph_allreduce
    torch.testing.assert_close(out1, inp1)
  File "/opt/venv/lib/python3.10/site-packages/torch/testing/_comparison.py", line 1587, in assert_close
    raise error_metas[0].to_error(msg)
AssertionError: Tensor-likes are not close!

Mismatched elements: 2417 / 33554432 (0.0%)
Greatest absolute difference: 27.0 at index (5318682,) (up to 1e-05 allowed)
Greatest relative difference: 3.71875 at index (5318912,) (up to 0.016 allowed)

======================================================================
ERROR: test_graph_allreduce (test_custom_allreduce.TestCustomAllReduce)
----------------------------------------------------------------------
Traceback (most recent call last):
  File "/sgl-workspace/sglang/python/sglang/srt/utils/common.py", line 2520, in retry
    return fn()
  File "/sgl-workspace/sglang/python/sglang/test/test_utils.py", line 1698, in <lambda>
    lambda: super(CustomTestCase, self)._callTestMethod(method),
  File "/usr/lib/python3.10/unittest/case.py", line 549, in _callTestMethod
    method()
  File "/sgl-workspace/sglang/test/manual/test_custom_allreduce.py", line 81, in test_graph_allreduce
    multi_process_parallel(world_size, self, self.graph_allreduce)
  File "/sgl-workspace/sglang/test/manual/test_custom_allreduce.py", line 54, in multi_process_parallel
    ray.get(refs)
  File "/opt/venv/lib/python3.10/site-packages/ray/_private/auto_init_hook.py", line 21, in auto_init_wrapper
    return fn(*args, **kwargs)
  File "/opt/venv/lib/python3.10/site-packages/ray/_private/client_mode_hook.py", line 103, in wrapper
    return func(*args, **kwargs)
  File "/opt/venv/lib/python3.10/site-packages/ray/_private/worker.py", line 2782, in get
    values, debugger_breakpoint = worker.get_objects(object_refs, timeout=timeout)
  File "/opt/venv/lib/python3.10/site-packages/ray/_private/worker.py", line 929, in get_objects
    raise value.as_instanceof_cause()
ray.exceptions.RayTaskError(AssertionError): [36mray::graph_allreduce()[39m (pid=31016, ip=10.194.129.138)
  File "/sgl-workspace/sglang/test/manual/test_custom_allreduce.py", line 149, in graph_allreduce
    torch.testing.assert_close(out1, inp1)
  File "/opt/venv/lib/python3.10/site-packages/torch/testing/_comparison.py", line 1587, in assert_close
    raise error_metas[0].to_error(msg)
AssertionError: Tensor-likes are not close!

Mismatched elements: 2417 / 33554432 (0.0%)
Greatest absolute difference: 27.0 at index (5318682,) (up to 1e-05 allowed)
Greatest relative difference: 3.71875 at index (5318912,) (up to 0.016 allowed)

During handling of the above exception, another exception occurred:

Traceback (most recent call last):
  File "/sgl-workspace/sglang/python/sglang/test/test_utils.py", line 1697, in _callTestMethod
    retry(
  File "/sgl-workspace/sglang/python/sglang/srt/utils/common.py", line 2525, in retry
    raise Exception(f"retry() exceed maximum number of retries.")
Exception: retry() exceed maximum number of retries.

----------------------------------------------------------------------
Ran 2 tests in 153.379s

FAILED (errors=1)
2025-12-04 16:05:54,892	ERROR worker.py:420 -- Unhandled error (suppress with 'RAY_IGNORE_UNHANDLED_ERRORS=1'): [36mray::graph_allreduce()[39m (pid=31014, ip=10.194.129.138)
  File "/sgl-workspace/sglang/test/manual/test_custom_allreduce.py", line 149, in graph_allreduce
    torch.testing.assert_close(out1, inp1)
  File "/opt/venv/lib/python3.10/site-packages/torch/testing/_comparison.py", line 1587, in assert_close
    raise error_metas[0].to_error(msg)
AssertionError: Tensor-likes are not close!

Mismatched elements: 2417 / 33554432 (0.0%)
Greatest absolute difference: 27.0 at index (5318682,) (up to 1e-05 allowed)
Greatest relative difference: 3.71875 at index (5318912,) (up to 0.016 allowed)
2025-12-04 16:05:54,893	ERROR worker.py:420 -- Unhandled error (suppress with 'RAY_IGNORE_UNHANDLED_ERRORS=1'): [36mray::graph_allreduce()[39m (pid=31013, ip=10.194.129.138)
  File "/sgl-workspace/sglang/test/manual/test_custom_allreduce.py", line 149, in graph_allreduce
    torch.testing.assert_close(out1, inp1)
  File "/opt/venv/lib/python3.10/site-packages/torch/testing/_comparison.py", line 1587, in assert_close
    raise error_metas[0].to_error(msg)
AssertionError: Tensor-likes are not close!

Mismatched elements: 2417 / 33554432 (0.0%)
Greatest absolute difference: 27.0 at index (5318682,) (up to 1e-05 allowed)
Greatest relative difference: 3.71875 at index (5318912,) (up to 0.016 allowed)
[36m(graph_allreduce pid=31014)[0m [2025-12-04 16:05:51] INFO custom_all_reduce.py:421: Using AiterCustomAllreduce for ROCm.[32m [repeated 3x across cluster][0m
[36m(graph_allreduce pid=31013)[0m [aiter] Registering 2 cuda graph addresses[32m [repeated 839x across cluster][0m
[36m(graph_allreduce pid=31013)[0m [2025-12-04 16:05:54] INFO custom_all_reduce.py:246: Registering 2 cuda graph addresses[32m [repeated 839x across cluster][0m
[CI Test Method] TestCustomAllReduce.test_eager_allreduce
[36m(eager_allreduce pid=471)[0m [Gloo] Rank 1 is connected to 1 peer ranks. Expected number of connected peer ranks is : 1
[36m(eager_allreduce pid=471)[0m merge tuned file under model_configs/ and configs/  /sgl-workspace/aiter/aiter/configs/a8w8_blockscale_tuned_gemm.csv:/sgl-workspace/aiter/aiter/configs/model_configs/a8w8_blockscale_tuned_gemm_ds_v3.csv
[36m(eager_allreduce pid=471)[0m merge tuned file under model_configs/ and configs/  /sgl-workspace/aiter/aiter/configs/a8w8_blockscale_bpreshuffle_tuned_gemm.csv:/sgl-workspace/aiter/aiter/configs/model_configs/a8w8_blockscale_bpreshuffle_tuned_gemm_dsv3.csv
[36m(eager_allreduce pid=473)[0m [Gloo] Rank 0 is connected to 1 peer ranks. Expected number of connected peer ranks is : 1[32m [repeated 3x across cluster] (Ray deduplicates logs by default. Set RAY_DEDUP_LOGS=0 to disable log deduplication, or see https://docs.ray.io/en/master/ray-observability/user-guides/configure-logging.html#log-deduplication for more options.)[0m
[36m(eager_allreduce pid=473)[0m merge tuned file under model_configs/ and configs/  /sgl-workspace/aiter/aiter/configs/a8w8_blockscale_bpreshuffle_tuned_gemm.csv:/sgl-workspace/aiter/aiter/configs/model_configs/a8w8_blockscale_bpreshuffle_tuned_gemm_dsv3.csv[32m [repeated 2x across cluster][0m
[36m(eager_allreduce pid=473)[0m [Gloo] Rank 0 is connected to 0 peer ranks. Expected number of connected peer ranks is : 0[32m [repeated 4x across cluster][0m
[36m(eager_allreduce pid=6425)[0m [Gloo] Rank 0 is connected to 3 peer ranks. Expected number of connected peer ranks is : 3
[36m(eager_allreduce pid=6426)[0m merge tuned file under model_configs/ and configs/  /sgl-workspace/aiter/aiter/configs/a8w8_blockscale_tuned_gemm.csv:/sgl-workspace/aiter/aiter/configs/model_configs/a8w8_blockscale_tuned_gemm_ds_v3.csv
[36m(eager_allreduce pid=6424)[0m [Gloo] Rank 3 is connected to 3 peer ranks. Expected number of connected peer ranks is : 3[32m [repeated 7x across cluster][0m
[36m(eager_allreduce pid=6424)[0m merge tuned file under model_configs/ and configs/  /sgl-workspace/aiter/aiter/configs/a8w8_blockscale_bpreshuffle_tuned_gemm.csv:/sgl-workspace/aiter/aiter/configs/model_configs/a8w8_blockscale_bpreshuffle_tuned_gemm_dsv3.csv[32m [repeated 7x across cluster][0m
[36m(eager_allreduce pid=6424)[0m [Gloo] Rank 0 is connected to 0 peer ranks. Expected number of connected peer ranks is : 0[32m [repeated 8x across cluster][0m
[36m(eager_allreduce pid=12499)[0m [Gloo] Rank 0 is connected to 5 peer ranks. Expected number of connected peer ranks is : 5
[36m(eager_allreduce pid=12499)[0m merge tuned file under model_configs/ and configs/  /sgl-workspace/aiter/aiter/configs/a8w8_blockscale_tuned_gemm.csv:/sgl-workspace/aiter/aiter/configs/model_configs/a8w8_blockscale_tuned_gemm_ds_v3.csv
[36m(eager_allreduce pid=12499)[0m merge tuned file under model_configs/ and configs/  /sgl-workspace/aiter/aiter/configs/a8w8_blockscale_bpreshuffle_tuned_gemm.csv:/sgl-workspace/aiter/aiter/configs/model_configs/a8w8_blockscale_bpreshuffle_tuned_gemm_dsv3.csv
[36m(eager_allreduce pid=12498)[0m [Gloo] Rank 3 is connected to 5 peer ranks. Expected number of connected peer ranks is : 5[32m [repeated 11x across cluster][0m
[36m(eager_allreduce pid=12501)[0m merge tuned file under model_configs/ and configs/  /sgl-workspace/aiter/aiter/configs/a8w8_blockscale_bpreshuffle_tuned_gemm.csv:/sgl-workspace/aiter/aiter/configs/model_configs/a8w8_blockscale_bpreshuffle_tuned_gemm_dsv3.csv[32m [repeated 10x across cluster][0m
[36m(eager_allreduce pid=12498)[0m [Gloo] Rank 0 is connected to 0 peer ranks. Expected number of connected peer ranks is : 0[32m [repeated 12x across cluster][0m
[36m(eager_allreduce pid=18717)[0m [Gloo] Rank 0 is connected to 7 peer ranks. Expected number of connected peer ranks is : 7
[36m(eager_allreduce pid=18716)[0m merge tuned file under model_configs/ and configs/  /sgl-workspace/aiter/aiter/configs/a8w8_blockscale_tuned_gemm.csv:/sgl-workspace/aiter/aiter/configs/model_configs/a8w8_blockscale_tuned_gemm_ds_v3.csv
[36m(eager_allreduce pid=18716)[0m merge tuned file under model_configs/ and configs/  /sgl-workspace/aiter/aiter/configs/a8w8_blockscale_bpreshuffle_tuned_gemm.csv:/sgl-workspace/aiter/aiter/configs/model_configs/a8w8_blockscale_bpreshuffle_tuned_gemm_dsv3.csv
[36m(eager_allreduce pid=18732)[0m [Gloo] Rank 6 is connected to 7 peer ranks. Expected number of connected peer ranks is : 7[32m [repeated 15x across cluster][0m
[36m(eager_allreduce pid=18719)[0m merge tuned file under model_configs/ and configs/  /sgl-workspace/aiter/aiter/configs/a8w8_blockscale_bpreshuffle_tuned_gemm.csv:/sgl-workspace/aiter/aiter/configs/model_configs/a8w8_blockscale_bpreshuffle_tuned_gemm_dsv3.csv[32m [repeated 14x across cluster][0m
[36m(eager_allreduce pid=18732)[0m [Gloo] Rank 0 is connected to 0 peer ranks. Expected number of connected peer ranks is : 0[32m [repeated 16x across cluster][0m
[CI Test Method] TestCustomAllReduce.test_graph_allreduce
[36m(graph_allreduce pid=25079)[0m [Gloo] Rank 1 is connected to 1 peer ranks. Expected number of connected peer ranks is : 1
[36m(graph_allreduce pid=25079)[0m merge tuned file under model_configs/ and configs/  /sgl-workspace/aiter/aiter/configs/a8w8_blockscale_tuned_gemm.csv:/sgl-workspace/aiter/aiter/configs/model_configs/a8w8_blockscale_tuned_gemm_ds_v3.csv
[36m(graph_allreduce pid=25079)[0m merge tuned file under model_configs/ and configs/  /sgl-workspace/aiter/aiter/configs/a8w8_blockscale_bpreshuffle_tuned_gemm.csv:/sgl-workspace/aiter/aiter/configs/model_configs/a8w8_blockscale_bpreshuffle_tuned_gemm_dsv3.csv
[36m(graph_allreduce pid=25078)[0m [Gloo] Rank 0 is connected to 1 peer ranks. Expected number of connected peer ranks is : 1[32m [repeated 3x across cluster][0m
[36m(graph_allreduce pid=25078)[0m merge tuned file under model_configs/ and configs/  /sgl-workspace/aiter/aiter/configs/a8w8_blockscale_bpreshuffle_tuned_gemm.csv:/sgl-workspace/aiter/aiter/configs/model_configs/a8w8_blockscale_bpreshuffle_tuned_gemm_dsv3.csv[32m [repeated 2x across cluster][0m
[36m(graph_allreduce pid=25078)[0m [Gloo] Rank 0 is connected to 0 peer ranks. Expected number of connected peer ranks is : 0[32m [repeated 4x across cluster][0m
[36m(graph_allreduce pid=31014)[0m [Gloo] Rank 1 is connected to 3 peer ranks. Expected number of connected peer ranks is : 3
[36m(graph_allreduce pid=31012)[0m merge tuned file under model_configs/ and configs/  /sgl-workspace/aiter/aiter/configs/a8w8_blockscale_tuned_gemm.csv:/sgl-workspace/aiter/aiter/configs/model_configs/a8w8_blockscale_tuned_gemm_ds_v3.csv
[36m(graph_allreduce pid=31012)[0m merge tuned file under model_configs/ and configs/  /sgl-workspace/aiter/aiter/configs/a8w8_blockscale_bpreshuffle_tuned_gemm.csv:/sgl-workspace/aiter/aiter/configs/model_configs/a8w8_blockscale_bpreshuffle_tuned_gemm_dsv3.csv
[36m(graph_allreduce pid=31012)[0m [Gloo] Rank 3 is connected to 3 peer ranks. Expected number of connected peer ranks is : 3[32m [repeated 7x across cluster][0m
[36m(graph_allreduce pid=31014)[0m merge tuned file under model_configs/ and configs/  /sgl-workspace/aiter/aiter/configs/a8w8_blockscale_bpreshuffle_tuned_gemm.csv:/sgl-workspace/aiter/aiter/configs/model_configs/a8w8_blockscale_bpreshuffle_tuned_gemm_dsv3.csv[32m [repeated 6x across cluster][0m
[36m(graph_allreduce pid=31012)[0m [Gloo] Rank 0 is connected to 0 peer ranks. Expected number of connected peer ranks is : 0[32m [repeated 8x across cluster][0m

==========================================
End time: 2025-12-04 10:05:57 CST
Exit code: 1
Result: FAILED
==========================================
