==========================================
SGL Unit Test Log
==========================================
Test: test_custom_allreduce.TestCustomAllReduce
Image: rocm/sgl-dev:v0.5.6-rocm700-mi30x-20251205
Container: sgl-dev_v0.5.6-rocm700-mi30x-20251205
Hardware: mi30x
Start time: 2025-12-05 10:03:16 CST
Test directory: /sgl-workspace/sglang/test/manual
Command: CUDA_VISIBLE_DEVICES=0,1,2,3,4,5,6,7 python3 -m unittest test_custom_allreduce.TestCustomAllReduce
==========================================

/opt/venv/lib/python3.10/site-packages/ray/_private/node.py:1204: ResourceWarning: unclosed file <_io.TextIOWrapper name='/dev/null' mode='w' encoding='UTF-8'>
  process_info = ray._private.services.start_gcs_server(
ResourceWarning: Enable tracemalloc to get the object allocation traceback
/opt/venv/lib/python3.10/site-packages/ray/_private/node.py:1414: ResourceWarning: unclosed file <_io.TextIOWrapper name='/tmp/ray/session_2025-12-05_16-03-21_962306_13/logs/monitor.out' mode='a' encoding='utf-8'>
  self.start_monitor()
ResourceWarning: Enable tracemalloc to get the object allocation traceback
/opt/venv/lib/python3.10/site-packages/ray/_private/node.py:1414: ResourceWarning: unclosed file <_io.TextIOWrapper name='/tmp/ray/session_2025-12-05_16-03-21_962306_13/logs/monitor.err' mode='a' encoding='utf-8'>
  self.start_monitor()
ResourceWarning: Enable tracemalloc to get the object allocation traceback
/opt/venv/lib/python3.10/site-packages/ray/_private/node.py:1425: ResourceWarning: unclosed file <_io.TextIOWrapper name='/tmp/ray/session_2025-12-05_16-03-21_962306_13/logs/dashboard.err' mode='a' encoding='utf-8'>
  self.start_api_server(
ResourceWarning: Enable tracemalloc to get the object allocation traceback
/opt/venv/lib/python3.10/site-packages/ray/_private/utils.py:521: ResourceWarning: unclosed file <_io.TextIOWrapper name='/sys/fs/cgroup/cpu.max' mode='r' encoding='UTF-8'>
  max_file = open(cpu_max_file_name).read()
ResourceWarning: Enable tracemalloc to get the object allocation traceback
/opt/venv/lib/python3.10/site-packages/ray/_private/node.py:1247: ResourceWarning: unclosed file <_io.TextIOWrapper name='/dev/null' mode='w' encoding='UTF-8'>
  process_info = ray._private.services.start_raylet(
ResourceWarning: Enable tracemalloc to get the object allocation traceback
/opt/venv/lib/python3.10/site-packages/ray/_private/node.py:1469: ResourceWarning: unclosed file <_io.TextIOWrapper name='/tmp/ray/session_2025-12-05_16-03-21_962306_13/logs/log_monitor.err' mode='a' encoding='utf-8'>
  self.start_log_monitor()
ResourceWarning: Enable tracemalloc to get the object allocation traceback
2025-12-05 16:03:22,922	INFO worker.py:1852 -- Started a local Ray instance.
[36m(eager_allreduce pid=472)[0m [2025-12-05 16:03:31] INFO pynccl.py:83: sglang is using nccl==2.26.6
[36m(eager_allreduce pid=473)[0m [2025-12-05 16:03:47] INFO custom_all_reduce.py:421: Using AiterCustomAllreduce for ROCm.
[36m(eager_allreduce pid=472)[0m [2025-12-05 16:03:47] INFO custom_all_reduce.py:421: Using AiterCustomAllreduce for ROCm.
/usr/lib/python3.10/subprocess.py:1072: ResourceWarning: subprocess 290 is still running
  _warn("subprocess %s is still running" % self.pid,
ResourceWarning: Enable tracemalloc to get the object allocation traceback
/opt/venv/lib/python3.10/site-packages/ray/_private/node.py:1204: ResourceWarning: unclosed file <_io.TextIOWrapper name='/dev/null' mode='w' encoding='UTF-8'>
  process_info = ray._private.services.start_gcs_server(
ResourceWarning: Enable tracemalloc to get the object allocation traceback
/opt/venv/lib/python3.10/site-packages/ray/_private/node.py:1414: ResourceWarning: unclosed file <_io.TextIOWrapper name='/tmp/ray/session_2025-12-05_16-03-50_089010_13/logs/monitor.out' mode='a' encoding='utf-8'>
  self.start_monitor()
ResourceWarning: Enable tracemalloc to get the object allocation traceback
/opt/venv/lib/python3.10/site-packages/ray/_private/node.py:1414: ResourceWarning: unclosed file <_io.TextIOWrapper name='/tmp/ray/session_2025-12-05_16-03-50_089010_13/logs/monitor.err' mode='a' encoding='utf-8'>
  self.start_monitor()
ResourceWarning: Enable tracemalloc to get the object allocation traceback
/opt/venv/lib/python3.10/site-packages/ray/_private/node.py:1425: ResourceWarning: unclosed file <_io.TextIOWrapper name='/tmp/ray/session_2025-12-05_16-03-50_089010_13/logs/dashboard.err' mode='a' encoding='utf-8'>
  self.start_api_server(
ResourceWarning: Enable tracemalloc to get the object allocation traceback
/opt/venv/lib/python3.10/site-packages/ray/_private/node.py:1469: ResourceWarning: unclosed file <_io.TextIOWrapper name='/tmp/ray/session_2025-12-05_16-03-50_089010_13/logs/log_monitor.err' mode='a' encoding='utf-8'>
  self.start_log_monitor()
ResourceWarning: Enable tracemalloc to get the object allocation traceback
2025-12-05 16:03:50,914	INFO worker.py:1852 -- Started a local Ray instance.
[36m(eager_allreduce pid=6421)[0m [2025-12-05 16:04:00] INFO pynccl.py:83: sglang is using nccl==2.26.6
[36m(eager_allreduce pid=6421)[0m [2025-12-05 16:04:11] INFO custom_all_reduce.py:421: Using AiterCustomAllreduce for ROCm.
[36m(eager_allreduce pid=6418)[0m [2025-12-05 16:04:11] INFO custom_all_reduce.py:421: Using AiterCustomAllreduce for ROCm.[32m [repeated 3x across cluster][0m
/usr/lib/python3.10/subprocess.py:1072: ResourceWarning: subprocess 6238 is still running
  _warn("subprocess %s is still running" % self.pid,
ResourceWarning: Enable tracemalloc to get the object allocation traceback
/opt/venv/lib/python3.10/site-packages/ray/_private/node.py:1414: ResourceWarning: unclosed file <_io.TextIOWrapper name='/tmp/ray/session_2025-12-05_16-04-13_978708_13/logs/monitor.out' mode='a' encoding='utf-8'>
  self.start_monitor()
ResourceWarning: Enable tracemalloc to get the object allocation traceback
/opt/venv/lib/python3.10/site-packages/ray/_private/node.py:1414: ResourceWarning: unclosed file <_io.TextIOWrapper name='/tmp/ray/session_2025-12-05_16-04-13_978708_13/logs/monitor.err' mode='a' encoding='utf-8'>
  self.start_monitor()
ResourceWarning: Enable tracemalloc to get the object allocation traceback
/opt/venv/lib/python3.10/site-packages/ray/_private/node.py:1425: ResourceWarning: unclosed file <_io.TextIOWrapper name='/tmp/ray/session_2025-12-05_16-04-13_978708_13/logs/dashboard.err' mode='a' encoding='utf-8'>
  self.start_api_server(
ResourceWarning: Enable tracemalloc to get the object allocation traceback
/opt/venv/lib/python3.10/site-packages/ray/_private/node.py:1469: ResourceWarning: unclosed file <_io.TextIOWrapper name='/tmp/ray/session_2025-12-05_16-04-13_978708_13/logs/log_monitor.err' mode='a' encoding='utf-8'>
  self.start_log_monitor()
ResourceWarning: Enable tracemalloc to get the object allocation traceback
2025-12-05 16:04:14,922	INFO worker.py:1852 -- Started a local Ray instance.
[36m(eager_allreduce pid=12513)[0m [2025-12-05 16:04:23] INFO pynccl.py:83: sglang is using nccl==2.26.6
[36m(eager_allreduce pid=12513)[0m [2025-12-05 16:04:37] INFO custom_all_reduce.py:421: Using AiterCustomAllreduce for ROCm.
[36m(eager_allreduce pid=12516)[0m [2025-12-05 16:04:38] WARNING quick_all_reduce.py:126: Custom quick allreduce is disabled due to an unsupported world size: 6. Supported world sizes: [2, 4, 8].
[36m(eager_allreduce pid=12517)[0m [2025-12-05 16:04:38] INFO custom_all_reduce.py:421: Using AiterCustomAllreduce for ROCm.[32m [repeated 5x across cluster][0m
[36m(eager_allreduce pid=12518)[0m [2025-12-05 16:04:38] WARNING quick_all_reduce.py:126: Custom quick allreduce is disabled due to an unsupported world size: 6. Supported world sizes: [2, 4, 8].[32m [repeated 5x across cluster][0m
/usr/lib/python3.10/subprocess.py:1072: ResourceWarning: subprocess 12332 is still running
  _warn("subprocess %s is still running" % self.pid,
ResourceWarning: Enable tracemalloc to get the object allocation traceback
/opt/venv/lib/python3.10/site-packages/ray/_private/node.py:1414: ResourceWarning: unclosed file <_io.TextIOWrapper name='/tmp/ray/session_2025-12-05_16-04-41_988836_13/logs/monitor.out' mode='a' encoding='utf-8'>
  self.start_monitor()
ResourceWarning: Enable tracemalloc to get the object allocation traceback
/opt/venv/lib/python3.10/site-packages/ray/_private/node.py:1414: ResourceWarning: unclosed file <_io.TextIOWrapper name='/tmp/ray/session_2025-12-05_16-04-41_988836_13/logs/monitor.err' mode='a' encoding='utf-8'>
  self.start_monitor()
ResourceWarning: Enable tracemalloc to get the object allocation traceback
/opt/venv/lib/python3.10/site-packages/ray/_private/node.py:1425: ResourceWarning: unclosed file <_io.TextIOWrapper name='/tmp/ray/session_2025-12-05_16-04-41_988836_13/logs/dashboard.err' mode='a' encoding='utf-8'>
  self.start_api_server(
ResourceWarning: Enable tracemalloc to get the object allocation traceback
/opt/venv/lib/python3.10/site-packages/ray/_private/node.py:1469: ResourceWarning: unclosed file <_io.TextIOWrapper name='/tmp/ray/session_2025-12-05_16-04-41_988836_13/logs/log_monitor.err' mode='a' encoding='utf-8'>
  self.start_log_monitor()
ResourceWarning: Enable tracemalloc to get the object allocation traceback
2025-12-05 16:04:42,830	INFO worker.py:1852 -- Started a local Ray instance.
[36m(eager_allreduce pid=18749)[0m [2025-12-05 16:04:52] INFO pynccl.py:83: sglang is using nccl==2.26.6
[36m(eager_allreduce pid=18756)[0m [2025-12-05 16:05:08] INFO custom_all_reduce.py:421: Using AiterCustomAllreduce for ROCm.
Traceback (most recent call last):
  File "/sgl-workspace/sglang/python/sglang/srt/utils/common.py", line 2520, in retry
    return fn()
  File "/sgl-workspace/sglang/python/sglang/test/test_utils.py", line 1698, in <lambda>
    lambda: super(CustomTestCase, self)._callTestMethod(method),
  File "/usr/lib/python3.10/unittest/case.py", line 549, in _callTestMethod
    method()
  File "/sgl-workspace/sglang/test/manual/test_custom_allreduce.py", line 87, in test_eager_allreduce
    multi_process_parallel(world_size, self, self.eager_allreduce)
  File "/sgl-workspace/sglang/test/manual/test_custom_allreduce.py", line 54, in multi_process_parallel
    ray.get(refs)
  File "/opt/venv/lib/python3.10/site-packages/ray/_private/auto_init_hook.py", line 21, in auto_init_wrapper
    return fn(*args, **kwargs)
  File "/opt/venv/lib/python3.10/site-packages/ray/_private/client_mode_hook.py", line 103, in wrapper
    return func(*args, **kwargs)
  File "/opt/venv/lib/python3.10/site-packages/ray/_private/worker.py", line 2782, in get
    values, debugger_breakpoint = worker.get_objects(object_refs, timeout=timeout)
  File "/opt/venv/lib/python3.10/site-packages/ray/_private/worker.py", line 929, in get_objects
    raise value.as_instanceof_cause()
ray.exceptions.RayTaskError(AssertionError): [36mray::eager_allreduce()[39m (pid=18749, ip=10.194.129.138)
  File "/sgl-workspace/sglang/test/manual/test_custom_allreduce.py", line 178, in eager_allreduce
    torch.testing.assert_close(out1, inp1)
  File "/opt/venv/lib/python3.10/site-packages/torch/testing/_comparison.py", line 1587, in assert_close
    raise error_metas[0].to_error(msg)
AssertionError: Tensor-likes are not close!

Mismatched elements: 2456 / 16777216 (0.0%)
Greatest absolute difference: 26.0 at index (13447507,) (up to 1e-05 allowed)
Greatest relative difference: 0.9375 at index (13083555,) (up to 0.001 allowed)
E2025-12-05 16:05:11,473	ERROR worker.py:420 -- Unhandled error (suppress with 'RAY_IGNORE_UNHANDLED_ERRORS=1'): [36mray::eager_allreduce()[39m (pid=18752, ip=10.194.129.138)
  File "/sgl-workspace/sglang/test/manual/test_custom_allreduce.py", line 178, in eager_allreduce
    torch.testing.assert_close(out1, inp1)
  File "/opt/venv/lib/python3.10/site-packages/torch/testing/_comparison.py", line 1587, in assert_close
    raise error_metas[0].to_error(msg)
AssertionError: Tensor-likes are not close!

Mismatched elements: 2456 / 16777216 (0.0%)
Greatest absolute difference: 26.0 at index (13447507,) (up to 1e-05 allowed)
Greatest relative difference: 0.9375 at index (13083555,) (up to 0.001 allowed)
2025-12-05 16:05:11,475	ERROR worker.py:420 -- Unhandled error (suppress with 'RAY_IGNORE_UNHANDLED_ERRORS=1'): [36mray::eager_allreduce()[39m (pid=18751, ip=10.194.129.138)
  File "/sgl-workspace/sglang/test/manual/test_custom_allreduce.py", line 178, in eager_allreduce
    torch.testing.assert_close(out1, inp1)
  File "/opt/venv/lib/python3.10/site-packages/torch/testing/_comparison.py", line 1587, in assert_close
    raise error_metas[0].to_error(msg)
AssertionError: Tensor-likes are not close!

Mismatched elements: 2456 / 16777216 (0.0%)
Greatest absolute difference: 26.0 at index (13447507,) (up to 1e-05 allowed)
Greatest relative difference: 0.9375 at index (13083555,) (up to 0.001 allowed)
2025-12-05 16:05:11,477	ERROR worker.py:420 -- Unhandled error (suppress with 'RAY_IGNORE_UNHANDLED_ERRORS=1'): [36mray::eager_allreduce()[39m (pid=18753, ip=10.194.129.138)
  File "/sgl-workspace/sglang/test/manual/test_custom_allreduce.py", line 178, in eager_allreduce
    torch.testing.assert_close(out1, inp1)
  File "/opt/venv/lib/python3.10/site-packages/torch/testing/_comparison.py", line 1587, in assert_close
    raise error_metas[0].to_error(msg)
AssertionError: Tensor-likes are not close!

Mismatched elements: 2456 / 16777216 (0.0%)
Greatest absolute difference: 26.0 at index (13447507,) (up to 1e-05 allowed)
Greatest relative difference: 0.9375 at index (13083555,) (up to 0.001 allowed)
Traceback (most recent call last):
  File "/sgl-workspace/sglang/python/sglang/srt/utils/common.py", line 2520, in retry
    return fn()
  File "/sgl-workspace/sglang/python/sglang/test/test_utils.py", line 1698, in <lambda>
    lambda: super(CustomTestCase, self)._callTestMethod(method),
  File "/usr/lib/python3.10/unittest/case.py", line 549, in _callTestMethod
    method()
  File "/sgl-workspace/sglang/test/manual/test_custom_allreduce.py", line 81, in test_graph_allreduce
    multi_process_parallel(world_size, self, self.graph_allreduce)
  File "/sgl-workspace/sglang/test/manual/test_custom_allreduce.py", line 48, in multi_process_parallel
    ray.init(log_to_driver=True)
  File "/opt/venv/lib/python3.10/site-packages/ray/_private/client_mode_hook.py", line 103, in wrapper
    return func(*args, **kwargs)
  File "/opt/venv/lib/python3.10/site-packages/ray/_private/worker.py", line 1688, in init
    raise RuntimeError(
RuntimeError: Maybe you called ray.init twice by accident? This error can be suppressed by passing in 'ignore_reinit_error=True' or by calling 'ray.shutdown()' prior to 'ray.init()'.
E
======================================================================
ERROR: test_eager_allreduce (test_custom_allreduce.TestCustomAllReduce)
----------------------------------------------------------------------
Traceback (most recent call last):
  File "/sgl-workspace/sglang/python/sglang/srt/utils/common.py", line 2520, in retry
    return fn()
  File "/sgl-workspace/sglang/python/sglang/test/test_utils.py", line 1698, in <lambda>
    lambda: super(CustomTestCase, self)._callTestMethod(method),
  File "/usr/lib/python3.10/unittest/case.py", line 549, in _callTestMethod
    method()
  File "/sgl-workspace/sglang/test/manual/test_custom_allreduce.py", line 87, in test_eager_allreduce
    multi_process_parallel(world_size, self, self.eager_allreduce)
  File "/sgl-workspace/sglang/test/manual/test_custom_allreduce.py", line 54, in multi_process_parallel
    ray.get(refs)
  File "/opt/venv/lib/python3.10/site-packages/ray/_private/auto_init_hook.py", line 21, in auto_init_wrapper
    return fn(*args, **kwargs)
  File "/opt/venv/lib/python3.10/site-packages/ray/_private/client_mode_hook.py", line 103, in wrapper
    return func(*args, **kwargs)
  File "/opt/venv/lib/python3.10/site-packages/ray/_private/worker.py", line 2782, in get
    values, debugger_breakpoint = worker.get_objects(object_refs, timeout=timeout)
  File "/opt/venv/lib/python3.10/site-packages/ray/_private/worker.py", line 929, in get_objects
    raise value.as_instanceof_cause()
ray.exceptions.RayTaskError(AssertionError): [36mray::eager_allreduce()[39m (pid=18749, ip=10.194.129.138)
  File "/sgl-workspace/sglang/test/manual/test_custom_allreduce.py", line 178, in eager_allreduce
    torch.testing.assert_close(out1, inp1)
  File "/opt/venv/lib/python3.10/site-packages/torch/testing/_comparison.py", line 1587, in assert_close
    raise error_metas[0].to_error(msg)
AssertionError: Tensor-likes are not close!

Mismatched elements: 2456 / 16777216 (0.0%)
Greatest absolute difference: 26.0 at index (13447507,) (up to 1e-05 allowed)
Greatest relative difference: 0.9375 at index (13083555,) (up to 0.001 allowed)

During handling of the above exception, another exception occurred:

Traceback (most recent call last):
  File "/sgl-workspace/sglang/python/sglang/test/test_utils.py", line 1697, in _callTestMethod
    retry(
  File "/sgl-workspace/sglang/python/sglang/srt/utils/common.py", line 2525, in retry
    raise Exception(f"retry() exceed maximum number of retries.")
Exception: retry() exceed maximum number of retries.

======================================================================
ERROR: test_graph_allreduce (test_custom_allreduce.TestCustomAllReduce)
----------------------------------------------------------------------
Traceback (most recent call last):
  File "/sgl-workspace/sglang/python/sglang/srt/utils/common.py", line 2520, in retry
    return fn()
  File "/sgl-workspace/sglang/python/sglang/test/test_utils.py", line 1698, in <lambda>
    lambda: super(CustomTestCase, self)._callTestMethod(method),
  File "/usr/lib/python3.10/unittest/case.py", line 549, in _callTestMethod
    method()
  File "/sgl-workspace/sglang/test/manual/test_custom_allreduce.py", line 81, in test_graph_allreduce
    multi_process_parallel(world_size, self, self.graph_allreduce)
  File "/sgl-workspace/sglang/test/manual/test_custom_allreduce.py", line 48, in multi_process_parallel
    ray.init(log_to_driver=True)
  File "/opt/venv/lib/python3.10/site-packages/ray/_private/client_mode_hook.py", line 103, in wrapper
    return func(*args, **kwargs)
  File "/opt/venv/lib/python3.10/site-packages/ray/_private/worker.py", line 1688, in init
    raise RuntimeError(
RuntimeError: Maybe you called ray.init twice by accident? This error can be suppressed by passing in 'ignore_reinit_error=True' or by calling 'ray.shutdown()' prior to 'ray.init()'.

During handling of the above exception, another exception occurred:

Traceback (most recent call last):
  File "/sgl-workspace/sglang/python/sglang/test/test_utils.py", line 1697, in _callTestMethod
    retry(
  File "/sgl-workspace/sglang/python/sglang/srt/utils/common.py", line 2525, in retry
    raise Exception(f"retry() exceed maximum number of retries.")
Exception: retry() exceed maximum number of retries.

----------------------------------------------------------------------
Ran 2 tests in 109.524s

FAILED (errors=2)
2025-12-05 16:05:11,496	ERROR worker.py:420 -- Unhandled error (suppress with 'RAY_IGNORE_UNHANDLED_ERRORS=1'): [36mray::eager_allreduce()[39m (pid=18750, ip=10.194.129.138)
  File "/sgl-workspace/sglang/test/manual/test_custom_allreduce.py", line 178, in eager_allreduce
    torch.testing.assert_close(out1, inp1)
  File "/opt/venv/lib/python3.10/site-packages/torch/testing/_comparison.py", line 1587, in assert_close
    raise error_metas[0].to_error(msg)
AssertionError: Tensor-likes are not close!

Mismatched elements: 2456 / 16777216 (0.0%)
Greatest absolute difference: 26.0 at index (13447507,) (up to 1e-05 allowed)
Greatest relative difference: 0.9375 at index (13083555,) (up to 0.001 allowed)
2025-12-05 16:05:11,498	ERROR worker.py:420 -- Unhandled error (suppress with 'RAY_IGNORE_UNHANDLED_ERRORS=1'): [36mray::eager_allreduce()[39m (pid=18754, ip=10.194.129.138)
  File "/sgl-workspace/sglang/test/manual/test_custom_allreduce.py", line 178, in eager_allreduce
    torch.testing.assert_close(out1, inp1)
  File "/opt/venv/lib/python3.10/site-packages/torch/testing/_comparison.py", line 1587, in assert_close
    raise error_metas[0].to_error(msg)
AssertionError: Tensor-likes are not close!

Mismatched elements: 2456 / 16777216 (0.0%)
Greatest absolute difference: 26.0 at index (13447507,) (up to 1e-05 allowed)
Greatest relative difference: 0.9375 at index (13083555,) (up to 0.001 allowed)
2025-12-05 16:05:11,499	ERROR worker.py:420 -- Unhandled error (suppress with 'RAY_IGNORE_UNHANDLED_ERRORS=1'): [36mray::eager_allreduce()[39m (pid=18755, ip=10.194.129.138)
  File "/sgl-workspace/sglang/test/manual/test_custom_allreduce.py", line 178, in eager_allreduce
    torch.testing.assert_close(out1, inp1)
  File "/opt/venv/lib/python3.10/site-packages/torch/testing/_comparison.py", line 1587, in assert_close
    raise error_metas[0].to_error(msg)
AssertionError: Tensor-likes are not close!

Mismatched elements: 2456 / 16777216 (0.0%)
Greatest absolute difference: 26.0 at index (13447507,) (up to 1e-05 allowed)
Greatest relative difference: 0.9375 at index (13083555,) (up to 0.001 allowed)
2025-12-05 16:05:11,537	ERROR worker.py:420 -- Unhandled error (suppress with 'RAY_IGNORE_UNHANDLED_ERRORS=1'): [36mray::eager_allreduce()[39m (pid=18756, ip=10.194.129.138)
  File "/sgl-workspace/sglang/test/manual/test_custom_allreduce.py", line 178, in eager_allreduce
    torch.testing.assert_close(out1, inp1)
  File "/opt/venv/lib/python3.10/site-packages/torch/testing/_comparison.py", line 1587, in assert_close
    raise error_metas[0].to_error(msg)
AssertionError: Tensor-likes are not close!

Mismatched elements: 2456 / 16777216 (0.0%)
Greatest absolute difference: 26.0 at index (13447507,) (up to 1e-05 allowed)
Greatest relative difference: 0.9375 at index (13083555,) (up to 0.001 allowed)
[36m(eager_allreduce pid=18749)[0m [2025-12-05 16:05:08] INFO custom_all_reduce.py:421: Using AiterCustomAllreduce for ROCm.[32m [repeated 7x across cluster][0m
[CI Test Method] TestCustomAllReduce.test_eager_allreduce
[36m(eager_allreduce pid=472)[0m [Gloo] Rank 0 is connected to 1 peer ranks. Expected number of connected peer ranks is : 1
[36m(eager_allreduce pid=472)[0m merge tuned file under model_configs/ and configs/  /sgl-workspace/aiter/aiter/configs/a8w8_blockscale_tuned_gemm.csv:/sgl-workspace/aiter/aiter/configs/model_configs/a8w8_blockscale_tuned_gemm_ds_v3.csv
[36m(eager_allreduce pid=472)[0m merge tuned file under model_configs/ and configs/  /sgl-workspace/aiter/aiter/configs/a8w8_blockscale_bpreshuffle_tuned_gemm.csv:/sgl-workspace/aiter/aiter/configs/model_configs/a8w8_blockscale_bpreshuffle_tuned_gemm_dsv3.csv
[36m(eager_allreduce pid=473)[0m [Gloo] Rank 1 is connected to 1 peer ranks. Expected number of connected peer ranks is : 1[32m [repeated 3x across cluster] (Ray deduplicates logs by default. Set RAY_DEDUP_LOGS=0 to disable log deduplication, or see https://docs.ray.io/en/master/ray-observability/user-guides/configure-logging.html#log-deduplication for more options.)[0m
[36m(eager_allreduce pid=473)[0m merge tuned file under model_configs/ and configs/  /sgl-workspace/aiter/aiter/configs/a8w8_blockscale_bpreshuffle_tuned_gemm.csv:/sgl-workspace/aiter/aiter/configs/model_configs/a8w8_blockscale_bpreshuffle_tuned_gemm_dsv3.csv[32m [repeated 2x across cluster][0m
[36m(eager_allreduce pid=473)[0m [Gloo] Rank 0 is connected to 0 peer ranks. Expected number of connected peer ranks is : 0[32m [repeated 4x across cluster][0m
[36m(eager_allreduce pid=6421)[0m [Gloo] Rank 0 is connected to 3 peer ranks. Expected number of connected peer ranks is : 3
[36m(eager_allreduce pid=6420)[0m merge tuned file under model_configs/ and configs/  /sgl-workspace/aiter/aiter/configs/a8w8_blockscale_tuned_gemm.csv:/sgl-workspace/aiter/aiter/configs/model_configs/a8w8_blockscale_tuned_gemm_ds_v3.csv
[36m(eager_allreduce pid=6420)[0m merge tuned file under model_configs/ and configs/  /sgl-workspace/aiter/aiter/configs/a8w8_blockscale_bpreshuffle_tuned_gemm.csv:/sgl-workspace/aiter/aiter/configs/model_configs/a8w8_blockscale_bpreshuffle_tuned_gemm_dsv3.csv
[36m(eager_allreduce pid=6419)[0m [Gloo] Rank 1 is connected to 3 peer ranks. Expected number of connected peer ranks is : 3[32m [repeated 7x across cluster][0m
[36m(eager_allreduce pid=6418)[0m merge tuned file under model_configs/ and configs/  /sgl-workspace/aiter/aiter/configs/a8w8_blockscale_bpreshuffle_tuned_gemm.csv:/sgl-workspace/aiter/aiter/configs/model_configs/a8w8_blockscale_bpreshuffle_tuned_gemm_dsv3.csv[32m [repeated 6x across cluster][0m
[36m(eager_allreduce pid=6419)[0m [Gloo] Rank 0 is connected to 0 peer ranks. Expected number of connected peer ranks is : 0[32m [repeated 8x across cluster][0m
[36m(eager_allreduce pid=12513)[0m [Gloo] Rank 0 is connected to 5 peer ranks. Expected number of connected peer ranks is : 5
[36m(eager_allreduce pid=12512)[0m merge tuned file under model_configs/ and configs/  /sgl-workspace/aiter/aiter/configs/a8w8_blockscale_tuned_gemm.csv:/sgl-workspace/aiter/aiter/configs/model_configs/a8w8_blockscale_tuned_gemm_ds_v3.csv
[36m(eager_allreduce pid=12518)[0m [Gloo] Rank 5 is connected to 5 peer ranks. Expected number of connected peer ranks is : 5[32m [repeated 11x across cluster][0m
[36m(eager_allreduce pid=12517)[0m merge tuned file under model_configs/ and configs/  /sgl-workspace/aiter/aiter/configs/a8w8_blockscale_bpreshuffle_tuned_gemm.csv:/sgl-workspace/aiter/aiter/configs/model_configs/a8w8_blockscale_bpreshuffle_tuned_gemm_dsv3.csv[32m [repeated 11x across cluster][0m
[36m(eager_allreduce pid=12513)[0m [Gloo] Rank 0 is connected to 0 peer ranks. Expected number of connected peer ranks is : 0[32m [repeated 12x across cluster][0m
[36m(eager_allreduce pid=18749)[0m [Gloo] Rank 0 is connected to 7 peer ranks. Expected number of connected peer ranks is : 7
[36m(eager_allreduce pid=18756)[0m merge tuned file under model_configs/ and configs/  /sgl-workspace/aiter/aiter/configs/a8w8_blockscale_tuned_gemm.csv:/sgl-workspace/aiter/aiter/configs/model_configs/a8w8_blockscale_tuned_gemm_ds_v3.csv
[36m(eager_allreduce pid=18751)[0m [Gloo] Rank 1 is connected to 7 peer ranks. Expected number of connected peer ranks is : 7[32m [repeated 15x across cluster][0m
[CI Test Method] TestCustomAllReduce.test_graph_allreduce
[36m(eager_allreduce pid=18749)[0m merge tuned file under model_configs/ and configs/  /sgl-workspace/aiter/aiter/configs/a8w8_blockscale_bpreshuffle_tuned_gemm.csv:/sgl-workspace/aiter/aiter/configs/model_configs/a8w8_blockscale_bpreshuffle_tuned_gemm_dsv3.csv[32m [repeated 15x across cluster][0m
[36m(eager_allreduce pid=18751)[0m [Gloo] Rank 0 is connected to 0 peer ranks. Expected number of connected peer ranks is : 0[32m [repeated 16x across cluster][0m

==========================================
End time: 2025-12-05 10:05:14 CST
Exit code: 1
Result: FAILED
==========================================
