[aiter] WARNING: NUMA balancing is enabled, which may cause errors. It is recommended to disable NUMA balancing by running "sudo sh -c 'echo 0 > /proc/sys/kernel/numa_balancing'" for more details: https://rocm.docs.amd.com/en/latest/how-to/system-optimization/mi300x.html#disable-numa-auto-balancing
[2025-12-11 11:31:46] WARNING core.py:454: WARNING: NUMA balancing is enabled, which may cause errors. It is recommended to disable NUMA balancing by running "sudo sh -c 'echo 0 > /proc/sys/kernel/numa_balancing'" for more details: https://rocm.docs.amd.com/en/latest/how-to/system-optimization/mi300x.html#disable-numa-auto-balancing
[aiter] import [module_aiter_enum] under /sgl-workspace/aiter/aiter/jit/module_aiter_enum.so
[2025-12-11 11:31:46] INFO core.py:477: import [module_aiter_enum] under /sgl-workspace/aiter/aiter/jit/module_aiter_enum.so
INFO 12-11 11:31:54 [__init__.py:241] Automatically detected platform rocm.
/sgl-workspace/sglang/python/sglang/srt/layers/quantization/awq.py:71: UserWarning: HIP does not support fused_marlin_moe currently.
  warnings.warn(f"HIP does not support fused_marlin_moe currently.")
/sgl-workspace/sglang/python/sglang/srt/layers/quantization/gguf.py:46: UserWarning: Only CUDA support GGUF quantization currently.
  warnings.warn(f"Only CUDA support GGUF quantization currently.")
[2025-12-11 11:32:18] server_args=ServerArgs(model_path='/mnt/raid/models/huggingface/grok-2', tokenizer_path='/mnt/raid/models/huggingface/alvarobartt--grok-2-tokenizer', tokenizer_mode='auto', tokenizer_worker_num=1, skip_tokenizer_init=False, load_format='auto', model_loader_extra_config='{}', rl_quant_profile=None, trust_remote_code=True, context_length=None, is_embedding=False, enable_multimodal=None, revision=None, model_impl='auto', host='127.0.0.1', port=30000, fastapi_root_path='', grpc_mode=False, skip_server_warmup=False, warmups=None, nccl_port=None, checkpoint_engine_wait_weights_before_ready=False, dtype='auto', quantization='fp8', quantization_param_path=None, kv_cache_dtype='auto', enable_fp32_lm_head=False, modelopt_quant=None, modelopt_checkpoint_restore_path=None, modelopt_checkpoint_save_path=None, modelopt_export_path=None, quantize_and_serve=False, mem_fraction_static=0.7224999999999999, max_running_requests=None, max_queued_requests=None, max_total_tokens=None, chunked_prefill_size=16384, max_prefill_tokens=16384, schedule_policy='fcfs', enable_priority_scheduling=False, abort_on_priority_when_disabled=False, schedule_low_priority_values_first=False, priority_scheduling_preemption_threshold=10, schedule_conservativeness=1.0, page_size=1, hybrid_kvcache_ratio=None, swa_full_tokens_ratio=0.8, disable_hybrid_swa_memory=False, radix_eviction_policy='lru', device='cuda', tp_size=8, pp_size=1, pp_max_micro_batch_size=None, stream_interval=1, stream_output=False, random_seed=438639767, constrained_json_whitespace_pattern=None, constrained_json_disable_any_whitespace=False, watchdog_timeout=600.0, dist_timeout=None, download_dir=None, base_gpu_id=0, gpu_id_step=1, sleep_on_idle=False, mm_process_config={}, log_level='info', log_level_http=None, log_requests=False, log_requests_level=2, crash_dump_folder=None, show_time_cost=False, enable_metrics=False, enable_metrics_for_all_schedulers=False, tokenizer_metrics_custom_labels_header='x-custom-labels', tokenizer_metrics_allowed_custom_labels=None, bucket_time_to_first_token=None, bucket_inter_token_latency=None, bucket_e2e_request_latency=None, collect_tokens_histogram=False, prompt_tokens_buckets=None, generation_tokens_buckets=None, gc_warning_threshold_secs=0.0, decode_log_interval=40, enable_request_time_stats_logging=False, kv_events_config=None, enable_trace=False, otlp_traces_endpoint='localhost:4317', export_metrics_to_file=False, export_metrics_to_file_dir=None, api_key=None, served_model_name='/mnt/raid/models/huggingface/grok-2', weight_version='default', chat_template=None, completion_template=None, file_storage_path='sglang_storage', enable_cache_report=False, reasoning_parser=None, tool_call_parser=None, tool_server=None, sampling_defaults='model', dp_size=1, load_balance_method='round_robin', load_watch_interval=0.1, prefill_round_robin_balance=False, dist_init_addr=None, nnodes=1, node_rank=0, json_model_override_args='{}', preferred_sampling_params=None, enable_lora=None, max_lora_rank=None, lora_target_modules=None, lora_paths=None, max_loaded_loras=None, max_loras_per_batch=8, lora_eviction_policy='lru', lora_backend='csgmv', max_lora_chunk_size=16, attention_backend='aiter', decode_attention_backend=None, prefill_attention_backend=None, sampling_backend='pytorch', grammar_backend='xgrammar', mm_attention_backend=None, fp8_gemm_runner_backend='auto', nsa_prefill_backend='flashmla_sparse', nsa_decode_backend='fa3', enable_flashinfer_autotune=False, speculative_algorithm=None, speculative_draft_model_path=None, speculative_draft_model_revision=None, speculative_draft_load_format=None, speculative_num_steps=None, speculative_eagle_topk=None, speculative_num_draft_tokens=None, speculative_accept_threshold_single=1.0, speculative_accept_threshold_acc=1.0, speculative_token_map=None, speculative_attention_mode='prefill', speculative_moe_runner_backend=None, speculative_moe_a2a_backend=None, speculative_ngram_min_match_window_size=1, speculative_ngram_max_match_window_size=12, speculative_ngram_min_bfs_breadth=1, speculative_ngram_max_bfs_breadth=10, speculative_ngram_match_type='BFS', speculative_ngram_branch_length=18, speculative_ngram_capacity=10000000, ep_size=1, moe_a2a_backend='none', moe_runner_backend='auto', flashinfer_mxfp4_moe_precision='default', enable_flashinfer_allreduce_fusion=False, deepep_mode='auto', ep_num_redundant_experts=0, ep_dispatch_algorithm=None, init_expert_location='trivial', enable_eplb=False, eplb_algorithm='auto', eplb_rebalance_num_iterations=1000, eplb_rebalance_layers_per_chunk=None, eplb_min_rebalancing_utilization_threshold=1.0, expert_distribution_recorder_mode=None, expert_distribution_recorder_buffer_size=1000, enable_expert_distribution_metrics=False, deepep_config=None, moe_dense_tp_size=None, elastic_ep_backend=None, mooncake_ib_device=None, max_mamba_cache_size=None, mamba_ssm_dtype='float32', mamba_full_memory_ratio=0.9, enable_hierarchical_cache=False, hicache_ratio=2.0, hicache_size=0, hicache_write_policy='write_through', hicache_io_backend='kernel', hicache_mem_layout='layer_first', hicache_storage_backend=None, hicache_storage_prefetch_policy='best_effort', hicache_storage_backend_extra_config=None, enable_lmcache=False, kt_weight_path=None, kt_method='AMXINT4', kt_cpuinfer=None, kt_threadpool_count=2, kt_num_gpu_experts=None, kt_max_deferred_experts_per_token=None, dllm_algorithm=None, dllm_algorithm_config=None, enable_double_sparsity=False, ds_channel_config_path=None, ds_heavy_channel_num=32, ds_heavy_token_num=256, ds_heavy_channel_type='qk', ds_sparse_decode_threshold=4096, cpu_offload_gb=0, offload_group_size=-1, offload_num_in_group=1, offload_prefetch_step=1, offload_mode='cpu', multi_item_scoring_delimiter=None, disable_radix_cache=False, cuda_graph_max_bs=512, cuda_graph_bs=[1, 2, 4, 8, 12, 16, 24, 32, 40, 48, 56, 64, 72, 80, 88, 96, 104, 112, 120, 128, 136, 144, 152, 160, 168, 176, 184, 192, 200, 208, 216, 224, 232, 240, 248, 256, 272, 288, 304, 320, 336, 352, 368, 384, 400, 416, 432, 448, 464, 480, 496, 512], disable_cuda_graph=False, disable_cuda_graph_padding=False, enable_profile_cuda_graph=False, enable_cudagraph_gc=False, enable_layerwise_nvtx_marker=False, enable_nccl_nvls=False, enable_symm_mem=False, disable_flashinfer_cutlass_moe_fp4_allgather=False, enable_tokenizer_batch_encode=False, disable_tokenizer_batch_decode=False, disable_outlines_disk_cache=False, disable_custom_all_reduce=False, enable_mscclpp=False, enable_torch_symm_mem=False, disable_overlap_schedule=False, enable_mixed_chunk=False, enable_dp_attention=False, enable_dp_lm_head=False, enable_two_batch_overlap=False, enable_single_batch_overlap=False, tbo_token_distribution_threshold=0.48, enable_torch_compile=False, enable_piecewise_cuda_graph=False, enable_torch_compile_debug_mode=False, torch_compile_max_bs=32, piecewise_cuda_graph_max_tokens=4096, piecewise_cuda_graph_tokens=[4, 8, 12, 16, 20, 24, 28, 32, 48, 64, 80, 96, 112, 128, 144, 160, 176, 192, 208, 224, 240, 256, 288, 320, 352, 384, 416, 448, 480, 512, 640, 768, 896, 1024, 1152, 1280, 1408, 1536, 1664, 1792, 1920, 2048, 2176, 2304, 2432, 2560, 2688, 2816, 2944, 3072, 3200, 3328, 3456, 3584, 3712, 3840, 3968, 4096], piecewise_cuda_graph_compiler='eager', torchao_config='', enable_nan_detection=False, enable_p2p_check=False, triton_attention_reduce_in_fp32=False, triton_attention_num_kv_splits=16, triton_attention_split_tile_size=None, num_continuous_decode_steps=1, delete_ckpt_after_loading=False, enable_memory_saver=False, enable_weights_cpu_backup=False, enable_draft_weights_cpu_backup=False, allow_auto_truncate=False, enable_custom_logit_processor=False, flashinfer_mla_disable_ragged=False, disable_shared_experts_fusion=False, disable_chunked_prefix_cache=False, disable_fast_image_processor=False, keep_mm_feature_on_device=False, enable_return_hidden_states=False, scheduler_recv_interval=1, numa_node=None, enable_deterministic_inference=False, rl_on_policy_target=None, enable_attn_tp_input_scattered=False, enable_nsa_prefill_context_parallel=False, enable_fused_qk_norm_rope=False, enable_dynamic_batch_tokenizer=False, dynamic_batch_tokenizer_batch_size=32, dynamic_batch_tokenizer_batch_timeout=0.002, debug_tensor_dump_output_folder=None, debug_tensor_dump_layers=None, debug_tensor_dump_input_file=None, debug_tensor_dump_inject=False, disaggregation_mode='null', disaggregation_transfer_backend='mooncake', disaggregation_bootstrap_port=8998, disaggregation_decode_tp=None, disaggregation_decode_dp=None, disaggregation_prefill_pp=1, disaggregation_ib_device=None, disaggregation_decode_enable_offload_kvcache=False, num_reserved_decode_tokens=512, disaggregation_decode_polling_interval=1, custom_weight_loader=[], weight_loader_disable_mmap=False, remote_instance_weight_loader_seed_instance_ip=None, remote_instance_weight_loader_seed_instance_service_port=None, remote_instance_weight_loader_send_weights_group_ports=None, enable_pdmux=False, pdmux_config_path=None, sm_group_num=8, mm_max_concurrent_calls=32, mm_per_request_timeout=10.0, enable_broadcast_mm_inputs_process=False, decrypted_config_file=None, decrypted_draft_config_file=None, mm_enable_dp_encoder=False, forward_hooks=None)
[2025-12-11 11:32:28] Using default HuggingFace chat template with detected content format: string
[aiter] WARNING: NUMA balancing is enabled, which may cause errors. It is recommended to disable NUMA balancing by running "sudo sh -c 'echo 0 > /proc/sys/kernel/numa_balancing'" for more details: https://rocm.docs.amd.com/en/latest/how-to/system-optimization/mi300x.html#disable-numa-auto-balancing
[2025-12-11 11:33:16] WARNING core.py:454: WARNING: NUMA balancing is enabled, which may cause errors. It is recommended to disable NUMA balancing by running "sudo sh -c 'echo 0 > /proc/sys/kernel/numa_balancing'" for more details: https://rocm.docs.amd.com/en/latest/how-to/system-optimization/mi300x.html#disable-numa-auto-balancing
[aiter] import [module_aiter_enum] under /sgl-workspace/aiter/aiter/jit/module_aiter_enum.so
[2025-12-11 11:33:16] INFO core.py:477: import [module_aiter_enum] under /sgl-workspace/aiter/aiter/jit/module_aiter_enum.so
[aiter] WARNING: NUMA balancing is enabled, which may cause errors. It is recommended to disable NUMA balancing by running "sudo sh -c 'echo 0 > /proc/sys/kernel/numa_balancing'" for more details: https://rocm.docs.amd.com/en/latest/how-to/system-optimization/mi300x.html#disable-numa-auto-balancing
[2025-12-11 11:33:16] WARNING core.py:454: WARNING: NUMA balancing is enabled, which may cause errors. It is recommended to disable NUMA balancing by running "sudo sh -c 'echo 0 > /proc/sys/kernel/numa_balancing'" for more details: https://rocm.docs.amd.com/en/latest/how-to/system-optimization/mi300x.html#disable-numa-auto-balancing
[aiter] import [module_aiter_enum] under /sgl-workspace/aiter/aiter/jit/module_aiter_enum.so
[2025-12-11 11:33:16] INFO core.py:477: import [module_aiter_enum] under /sgl-workspace/aiter/aiter/jit/module_aiter_enum.so
[aiter] WARNING: NUMA balancing is enabled, which may cause errors. It is recommended to disable NUMA balancing by running "sudo sh -c 'echo 0 > /proc/sys/kernel/numa_balancing'" for more details: https://rocm.docs.amd.com/en/latest/how-to/system-optimization/mi300x.html#disable-numa-auto-balancing
[aiter] WARNING: NUMA balancing is enabled, which may cause errors. It is recommended to disable NUMA balancing by running "sudo sh -c 'echo 0 > /proc/sys/kernel/numa_balancing'" for more details: https://rocm.docs.amd.com/en/latest/how-to/system-optimization/mi300x.html#disable-numa-auto-balancing
[2025-12-11 11:33:16] WARNING core.py:454: WARNING: NUMA balancing is enabled, which may cause errors. It is recommended to disable NUMA balancing by running "sudo sh -c 'echo 0 > /proc/sys/kernel/numa_balancing'" for more details: https://rocm.docs.amd.com/en/latest/how-to/system-optimization/mi300x.html#disable-numa-auto-balancing
[2025-12-11 11:33:16] WARNING core.py:454: WARNING: NUMA balancing is enabled, which may cause errors. It is recommended to disable NUMA balancing by running "sudo sh -c 'echo 0 > /proc/sys/kernel/numa_balancing'" for more details: https://rocm.docs.amd.com/en/latest/how-to/system-optimization/mi300x.html#disable-numa-auto-balancing
[aiter] import [module_aiter_enum] under /sgl-workspace/aiter/aiter/jit/module_aiter_enum.so
[aiter] import [module_aiter_enum] under /sgl-workspace/aiter/aiter/jit/module_aiter_enum.so
[2025-12-11 11:33:16] INFO core.py:477: import [module_aiter_enum] under /sgl-workspace/aiter/aiter/jit/module_aiter_enum.so
[2025-12-11 11:33:16] INFO core.py:477: import [module_aiter_enum] under /sgl-workspace/aiter/aiter/jit/module_aiter_enum.so
[aiter] WARNING: NUMA balancing is enabled, which may cause errors. It is recommended to disable NUMA balancing by running "sudo sh -c 'echo 0 > /proc/sys/kernel/numa_balancing'" for more details: https://rocm.docs.amd.com/en/latest/how-to/system-optimization/mi300x.html#disable-numa-auto-balancing
[2025-12-11 11:33:16] WARNING core.py:454: WARNING: NUMA balancing is enabled, which may cause errors. It is recommended to disable NUMA balancing by running "sudo sh -c 'echo 0 > /proc/sys/kernel/numa_balancing'" for more details: https://rocm.docs.amd.com/en/latest/how-to/system-optimization/mi300x.html#disable-numa-auto-balancing
[aiter] import [module_aiter_enum] under /sgl-workspace/aiter/aiter/jit/module_aiter_enum.so
[2025-12-11 11:33:16] INFO core.py:477: import [module_aiter_enum] under /sgl-workspace/aiter/aiter/jit/module_aiter_enum.so
[aiter] WARNING: NUMA balancing is enabled, which may cause errors. It is recommended to disable NUMA balancing by running "sudo sh -c 'echo 0 > /proc/sys/kernel/numa_balancing'" for more details: https://rocm.docs.amd.com/en/latest/how-to/system-optimization/mi300x.html#disable-numa-auto-balancing
[2025-12-11 11:33:17] WARNING core.py:454: WARNING: NUMA balancing is enabled, which may cause errors. It is recommended to disable NUMA balancing by running "sudo sh -c 'echo 0 > /proc/sys/kernel/numa_balancing'" for more details: https://rocm.docs.amd.com/en/latest/how-to/system-optimization/mi300x.html#disable-numa-auto-balancing
[aiter] import [module_aiter_enum] under /sgl-workspace/aiter/aiter/jit/module_aiter_enum.so
[2025-12-11 11:33:17] INFO core.py:477: import [module_aiter_enum] under /sgl-workspace/aiter/aiter/jit/module_aiter_enum.so
[aiter] WARNING: NUMA balancing is enabled, which may cause errors. It is recommended to disable NUMA balancing by running "sudo sh -c 'echo 0 > /proc/sys/kernel/numa_balancing'" for more details: https://rocm.docs.amd.com/en/latest/how-to/system-optimization/mi300x.html#disable-numa-auto-balancing
[2025-12-11 11:33:17] WARNING core.py:454: WARNING: NUMA balancing is enabled, which may cause errors. It is recommended to disable NUMA balancing by running "sudo sh -c 'echo 0 > /proc/sys/kernel/numa_balancing'" for more details: https://rocm.docs.amd.com/en/latest/how-to/system-optimization/mi300x.html#disable-numa-auto-balancing
[aiter] import [module_aiter_enum] under /sgl-workspace/aiter/aiter/jit/module_aiter_enum.so
[2025-12-11 11:33:17] INFO core.py:477: import [module_aiter_enum] under /sgl-workspace/aiter/aiter/jit/module_aiter_enum.so
[aiter] WARNING: NUMA balancing is enabled, which may cause errors. It is recommended to disable NUMA balancing by running "sudo sh -c 'echo 0 > /proc/sys/kernel/numa_balancing'" for more details: https://rocm.docs.amd.com/en/latest/how-to/system-optimization/mi300x.html#disable-numa-auto-balancing
[2025-12-11 11:33:18] WARNING core.py:454: WARNING: NUMA balancing is enabled, which may cause errors. It is recommended to disable NUMA balancing by running "sudo sh -c 'echo 0 > /proc/sys/kernel/numa_balancing'" for more details: https://rocm.docs.amd.com/en/latest/how-to/system-optimization/mi300x.html#disable-numa-auto-balancing
[aiter] import [module_aiter_enum] under /sgl-workspace/aiter/aiter/jit/module_aiter_enum.so
[2025-12-11 11:33:18] INFO core.py:477: import [module_aiter_enum] under /sgl-workspace/aiter/aiter/jit/module_aiter_enum.so
[aiter] WARNING: NUMA balancing is enabled, which may cause errors. It is recommended to disable NUMA balancing by running "sudo sh -c 'echo 0 > /proc/sys/kernel/numa_balancing'" for more details: https://rocm.docs.amd.com/en/latest/how-to/system-optimization/mi300x.html#disable-numa-auto-balancing
[2025-12-11 11:33:18] WARNING core.py:454: WARNING: NUMA balancing is enabled, which may cause errors. It is recommended to disable NUMA balancing by running "sudo sh -c 'echo 0 > /proc/sys/kernel/numa_balancing'" for more details: https://rocm.docs.amd.com/en/latest/how-to/system-optimization/mi300x.html#disable-numa-auto-balancing
[aiter] import [module_aiter_enum] under /sgl-workspace/aiter/aiter/jit/module_aiter_enum.so
[2025-12-11 11:33:18] INFO core.py:477: import [module_aiter_enum] under /sgl-workspace/aiter/aiter/jit/module_aiter_enum.so
INFO 12-11 11:33:23 [__init__.py:241] Automatically detected platform rocm.
INFO 12-11 11:33:23 [__init__.py:241] Automatically detected platform rocm.
INFO 12-11 11:33:23 [__init__.py:241] Automatically detected platform rocm.
INFO 12-11 11:33:23 [__init__.py:241] Automatically detected platform rocm.
INFO 12-11 11:33:23 [__init__.py:241] Automatically detected platform rocm.
INFO 12-11 11:33:24 [__init__.py:241] Automatically detected platform rocm.
INFO 12-11 11:33:28 [__init__.py:241] Automatically detected platform rocm.
INFO 12-11 11:33:29 [__init__.py:241] Automatically detected platform rocm.
INFO 12-11 11:33:31 [__init__.py:241] Automatically detected platform rocm.
/sgl-workspace/sglang/python/sglang/srt/layers/quantization/awq.py:71: UserWarning: HIP does not support fused_marlin_moe currently.
  warnings.warn(f"HIP does not support fused_marlin_moe currently.")
/sgl-workspace/sglang/python/sglang/srt/layers/quantization/awq.py:71: UserWarning: HIP does not support fused_marlin_moe currently.
  warnings.warn(f"HIP does not support fused_marlin_moe currently.")
/sgl-workspace/sglang/python/sglang/srt/layers/quantization/awq.py:71: UserWarning: HIP does not support fused_marlin_moe currently.
  warnings.warn(f"HIP does not support fused_marlin_moe currently.")
/sgl-workspace/sglang/python/sglang/srt/layers/quantization/gguf.py:46: UserWarning: Only CUDA support GGUF quantization currently.
  warnings.warn(f"Only CUDA support GGUF quantization currently.")
/sgl-workspace/sglang/python/sglang/srt/layers/quantization/gguf.py:46: UserWarning: Only CUDA support GGUF quantization currently.
  warnings.warn(f"Only CUDA support GGUF quantization currently.")
/sgl-workspace/sglang/python/sglang/srt/layers/quantization/gguf.py:46: UserWarning: Only CUDA support GGUF quantization currently.
  warnings.warn(f"Only CUDA support GGUF quantization currently.")
/sgl-workspace/sglang/python/sglang/srt/layers/quantization/awq.py:71: UserWarning: HIP does not support fused_marlin_moe currently.
  warnings.warn(f"HIP does not support fused_marlin_moe currently.")
/sgl-workspace/sglang/python/sglang/srt/layers/quantization/awq.py:71: UserWarning: HIP does not support fused_marlin_moe currently.
  warnings.warn(f"HIP does not support fused_marlin_moe currently.")
/sgl-workspace/sglang/python/sglang/srt/layers/quantization/gguf.py:46: UserWarning: Only CUDA support GGUF quantization currently.
  warnings.warn(f"Only CUDA support GGUF quantization currently.")
/sgl-workspace/sglang/python/sglang/srt/layers/quantization/gguf.py:46: UserWarning: Only CUDA support GGUF quantization currently.
  warnings.warn(f"Only CUDA support GGUF quantization currently.")
/sgl-workspace/sglang/python/sglang/srt/layers/quantization/awq.py:71: UserWarning: HIP does not support fused_marlin_moe currently.
  warnings.warn(f"HIP does not support fused_marlin_moe currently.")
[2025-12-11 11:33:41 TP1] Process 389 gpu_id 1 is running on CPUs: [12, 13, 14, 15, 16, 17, 18, 19, 20, 21, 22, 23]
[2025-12-11 11:33:41 TP5] Process 393 gpu_id 5 is running on CPUs: [60, 61, 62, 63, 64, 65, 66, 67, 68, 69, 70, 71]
[2025-12-11 11:33:41 TP7] Process 395 gpu_id 7 is running on CPUs: [84, 85, 86, 87, 88, 89, 90, 91, 92, 93, 94, 95]
/sgl-workspace/sglang/python/sglang/srt/layers/quantization/gguf.py:46: UserWarning: Only CUDA support GGUF quantization currently.
  warnings.warn(f"Only CUDA support GGUF quantization currently.")
[2025-12-11 11:33:41 TP2] Process 390 gpu_id 2 is running on CPUs: [24, 25, 26, 27, 28, 29, 30, 31, 32, 33, 34, 35]
[2025-12-11 11:33:41 TP4] Process 392 gpu_id 4 is running on CPUs: [48, 49, 50, 51, 52, 53, 54, 55, 56, 57, 58, 59]
[2025-12-11 11:33:42 TP0] Process 388 gpu_id 0 is running on CPUs: [0, 1, 2, 3, 4, 5, 6, 7, 8, 9, 10, 11]
/sgl-workspace/sglang/python/sglang/srt/layers/quantization/awq.py:71: UserWarning: HIP does not support fused_marlin_moe currently.
  warnings.warn(f"HIP does not support fused_marlin_moe currently.")
/sgl-workspace/sglang/python/sglang/srt/layers/quantization/gguf.py:46: UserWarning: Only CUDA support GGUF quantization currently.
  warnings.warn(f"Only CUDA support GGUF quantization currently.")
[2025-12-11 11:33:46 TP3] Process 391 gpu_id 3 is running on CPUs: [36, 37, 38, 39, 40, 41, 42, 43, 44, 45, 46, 47]
[2025-12-11 11:33:46 TP1] Init torch distributed begin.
[2025-12-11 11:33:47 TP0] Init torch distributed begin.
[2025-12-11 11:33:47 TP2] Init torch distributed begin.
[2025-12-11 11:33:47 TP7] Init torch distributed begin.
[2025-12-11 11:33:48 TP5] Init torch distributed begin.
[2025-12-11 11:33:48 TP4] Init torch distributed begin.
/sgl-workspace/sglang/python/sglang/srt/layers/quantization/awq.py:71: UserWarning: HIP does not support fused_marlin_moe currently.
  warnings.warn(f"HIP does not support fused_marlin_moe currently.")
/sgl-workspace/sglang/python/sglang/srt/layers/quantization/gguf.py:46: UserWarning: Only CUDA support GGUF quantization currently.
  warnings.warn(f"Only CUDA support GGUF quantization currently.")
[2025-12-11 11:33:51 TP6] Process 394 gpu_id 6 is running on CPUs: [72, 73, 74, 75, 76, 77, 78, 79, 80, 81, 82, 83]
/sgl-workspace/sglang/python/sglang/srt/layers/quantization/awq.py:71: UserWarning: HIP does not support fused_marlin_moe currently.
  warnings.warn(f"HIP does not support fused_marlin_moe currently.")
/sgl-workspace/sglang/python/sglang/srt/layers/quantization/gguf.py:46: UserWarning: Only CUDA support GGUF quantization currently.
  warnings.warn(f"Only CUDA support GGUF quantization currently.")
[2025-12-11 11:33:56 TP3] Init torch distributed begin.
[2025-12-11 11:33:59 TP6] Init torch distributed begin.
[Gloo] Rank 0 is connected to 7 peer ranks. Expected number of connected peer ranks is : 7
[Gloo] Rank 3 is connected to 7 peer ranks. Expected number of connected peer ranks is : 7
[Gloo] Rank 1 is connected to 7 peer ranks. Expected number of connected peer ranks is : 7
[Gloo] Rank 2 is connected to 7 peer ranks. Expected number of connected peer ranks is : 7
[Gloo] Rank 5 is connected to 7 peer ranks. Expected number of connected peer ranks is : 7
[Gloo] Rank 4 is connected to 7 peer ranks. Expected number of connected peer ranks is : 7
[Gloo] Rank 6 is connected to 7 peer ranks. Expected number of connected peer ranks is : 7
[Gloo] Rank 7 is connected to 7 peer ranks. Expected number of connected peer ranks is : 7
[Gloo] Rank 7 is connected to 7 peer ranks. Expected number of connected peer ranks is : 7
[Gloo] Rank 2 is connected to 7 peer ranks. Expected number of connected peer ranks is : 7
[Gloo] Rank 3 is connected to 7 peer ranks. Expected number of connected peer ranks is : 7
[Gloo] Rank 1 is connected to 7 peer ranks. Expected number of connected peer ranks is : 7
[Gloo] Rank 4 is connected to 7 peer ranks. Expected number of connected peer ranks is : 7
[Gloo] Rank 0 is connected to 7 peer ranks. Expected number of connected peer ranks is : 7
[Gloo] Rank 5 is connected to 7 peer ranks. Expected number of connected peer ranks is : 7
[Gloo] Rank 6 is connected to 7 peer ranks. Expected number of connected peer ranks is : 7
[2025-12-11 11:34:00 TP0] sglang is using nccl==2.26.6
[aiter] import [module_custom_all_reduce] under /sgl-workspace/aiter/aiter/jit/module_custom_all_reduce.so
[2025-12-11 11:36:14 TP4] import [module_custom_all_reduce] under /sgl-workspace/aiter/aiter/jit/module_custom_all_reduce.so
[aiter] import [module_custom_all_reduce] under /sgl-workspace/aiter/aiter/jit/module_custom_all_reduce.so
[2025-12-11 11:36:14 TP5] import [module_custom_all_reduce] under /sgl-workspace/aiter/aiter/jit/module_custom_all_reduce.so
[aiter] import [module_custom_all_reduce] under /sgl-workspace/aiter/aiter/jit/module_custom_all_reduce.so
[2025-12-11 11:36:14 TP7] import [module_custom_all_reduce] under /sgl-workspace/aiter/aiter/jit/module_custom_all_reduce.so
[aiter] import [module_custom_all_reduce] under /sgl-workspace/aiter/aiter/jit/module_custom_all_reduce.so
[aiter] import [module_custom_all_reduce] under /sgl-workspace/aiter/aiter/jit/module_custom_all_reduce.so
[2025-12-11 11:36:14 TP2] import [module_custom_all_reduce] under /sgl-workspace/aiter/aiter/jit/module_custom_all_reduce.so
[2025-12-11 11:36:14 TP3] import [module_custom_all_reduce] under /sgl-workspace/aiter/aiter/jit/module_custom_all_reduce.so
[aiter] import [module_custom_all_reduce] under /sgl-workspace/aiter/aiter/jit/module_custom_all_reduce.so
[2025-12-11 11:36:14 TP6] import [module_custom_all_reduce] under /sgl-workspace/aiter/aiter/jit/module_custom_all_reduce.so
[2025-12-11 11:36:14 TP4] Using AiterCustomAllreduce for ROCm.
[aiter] import [module_custom_all_reduce] under /sgl-workspace/aiter/aiter/jit/module_custom_all_reduce.so
[2025-12-11 11:36:14 TP5] Using AiterCustomAllreduce for ROCm.
[2025-12-11 11:36:14 TP7] Using AiterCustomAllreduce for ROCm.
[2025-12-11 11:36:14 TP0] import [module_custom_all_reduce] under /sgl-workspace/aiter/aiter/jit/module_custom_all_reduce.so
[2025-12-11 11:36:14 TP3] Using AiterCustomAllreduce for ROCm.
[2025-12-11 11:36:14 TP2] Using AiterCustomAllreduce for ROCm.
[2025-12-11 11:36:14 TP6] Using AiterCustomAllreduce for ROCm.
[aiter] import [module_custom_all_reduce] under /sgl-workspace/aiter/aiter/jit/module_custom_all_reduce.so
[2025-12-11 11:36:14 TP1] import [module_custom_all_reduce] under /sgl-workspace/aiter/aiter/jit/module_custom_all_reduce.so
[2025-12-11 11:36:14 TP0] Using AiterCustomAllreduce for ROCm.
[2025-12-11 11:36:14 TP1] Using AiterCustomAllreduce for ROCm.
[Gloo] Rank 0 is connected to 0 peer ranks. Expected number of connected peer ranks is : 0
[Gloo] Rank 0 is connected to 0 peer ranks. Expected number of connected peer ranks is : 0
[Gloo] Rank 0 is connected to 0 peer ranks. Expected number of connected peer ranks is : 0
[Gloo] Rank 0 is connected to 0 peer ranks. Expected number of connected peer ranks is : 0
[Gloo] Rank 0 is connected to 0 peer ranks. Expected number of connected peer ranks is : 0
[Gloo] Rank 0 is connected to 0 peer ranks. Expected number of connected peer ranks is : 0
[Gloo] Rank 0 is connected to 0 peer ranks. Expected number of connected peer ranks is : 0
[Gloo] Rank 0 is connected to 0 peer ranks. Expected number of connected peer ranks is : 0
[Gloo] Rank 0 is connected to 0 peer ranks. Expected number of connected peer ranks is : 0
[Gloo] Rank 0 is connected to 0 peer ranks. Expected number of connected peer ranks is : 0
[Gloo] Rank 0 is connected to 0 peer ranks. Expected number of connected peer ranks is : 0
[Gloo] Rank 0 is connected to 0 peer ranks. Expected number of connected peer ranks is : 0
[Gloo] Rank 0 is connected to 0 peer ranks. Expected number of connected peer ranks is : 0
[Gloo] Rank 0 is connected to 0 peer ranks. Expected number of connected peer ranks is : 0
[Gloo] Rank 0 is connected to 0 peer ranks. Expected number of connected peer ranks is : 0
[Gloo] Rank 0 is connected to 0 peer ranks. Expected number of connected peer ranks is : 0
[Gloo] Rank 3 is connected to 7 peer ranks. Expected number of connected peer ranks is : 7
[Gloo] Rank 7 is connected to 7 peer ranks. Expected number of connected peer ranks is : 7
[Gloo] Rank 2 is connected to 7 peer ranks. Expected number of connected peer ranks is : 7
[Gloo] Rank 6 is connected to 7 peer ranks. Expected number of connected peer ranks is : 7
[Gloo] Rank 1 is connected to 7 peer ranks. Expected number of connected peer ranks is : 7
[Gloo] Rank 5 is connected to 7 peer ranks. Expected number of connected peer ranks is : 7
[Gloo] Rank 4 is connected to 7 peer ranks. Expected number of connected peer ranks is : 7
[Gloo] Rank 0 is connected to 7 peer ranks. Expected number of connected peer ranks is : 7
[2025-12-11 11:36:20 TP2] Init torch distributed ends. mem usage=2.84 GB
[2025-12-11 11:36:20 TP4] Scheduler hit an exception: Traceback (most recent call last):
  File "/sgl-workspace/sglang/python/sglang/srt/managers/scheduler.py", line 2680, in run_scheduler_process
    scheduler = Scheduler(
  File "/sgl-workspace/sglang/python/sglang/srt/managers/scheduler.py", line 320, in __init__
    self.tp_worker = TpModelWorker(
  File "/sgl-workspace/sglang/python/sglang/srt/managers/tp_worker.py", line 248, in __init__
    self._model_runner = ModelRunner(
  File "/sgl-workspace/sglang/python/sglang/srt/model_executor/model_runner.py", line 342, in __init__
    min_per_gpu_memory = self.init_torch_distributed()
  File "/sgl-workspace/sglang/python/sglang/srt/model_executor/model_runner.py", line 717, in init_torch_distributed
    raise ValueError(
ValueError: The memory capacity is unbalanced. Some GPUs may be occupied by other processes. min_per_gpu_memory=54.400390625, local_gpu_memory=188.255859375, local_gpu_memory * 0.9=169.4302734375

[2025-12-11 11:36:20 TP7] Scheduler hit an exception: Traceback (most recent call last):
  File "/sgl-workspace/sglang/python/sglang/srt/managers/scheduler.py", line 2680, in run_scheduler_process
    scheduler = Scheduler(
  File "/sgl-workspace/sglang/python/sglang/srt/managers/scheduler.py", line 320, in __init__
    self.tp_worker = TpModelWorker(
  File "/sgl-workspace/sglang/python/sglang/srt/managers/tp_worker.py", line 248, in __init__
    self._model_runner = ModelRunner(
  File "/sgl-workspace/sglang/python/sglang/srt/model_executor/model_runner.py", line 342, in __init__
    min_per_gpu_memory = self.init_torch_distributed()
  File "/sgl-workspace/sglang/python/sglang/srt/model_executor/model_runner.py", line 717, in init_torch_distributed
    raise ValueError(
ValueError: The memory capacity is unbalanced. Some GPUs may be occupied by other processes. min_per_gpu_memory=54.400390625, local_gpu_memory=188.32421875, local_gpu_memory * 0.9=169.491796875

[2025-12-11 11:36:20 TP5] Scheduler hit an exception: Traceback (most recent call last):
  File "/sgl-workspace/sglang/python/sglang/srt/managers/scheduler.py", line 2680, in run_scheduler_process
    scheduler = Scheduler(
  File "/sgl-workspace/sglang/python/sglang/srt/managers/scheduler.py", line 320, in __init__
    self.tp_worker = TpModelWorker(
  File "/sgl-workspace/sglang/python/sglang/srt/managers/tp_worker.py", line 248, in __init__
    self._model_runner = ModelRunner(
  File "/sgl-workspace/sglang/python/sglang/srt/model_executor/model_runner.py", line 342, in __init__
    min_per_gpu_memory = self.init_torch_distributed()
  File "/sgl-workspace/sglang/python/sglang/srt/model_executor/model_runner.py", line 717, in init_torch_distributed
    raise ValueError(
ValueError: The memory capacity is unbalanced. Some GPUs may be occupied by other processes. min_per_gpu_memory=54.400390625, local_gpu_memory=188.3203125, local_gpu_memory * 0.9=169.48828125

[2025-12-11 11:36:20] Received sigquit from a child process. It usually means the child failed.
[2025-12-11 11:36:20 TP6] Scheduler hit an exception: Traceback (most recent call last):
  File "/sgl-workspace/sglang/python/sglang/srt/managers/scheduler.py", line 2680, in run_scheduler_process
    scheduler = Scheduler(
  File "/sgl-workspace/sglang/python/sglang/srt/managers/scheduler.py", line 320, in __init__
    self.tp_worker = TpModelWorker(
  File "/sgl-workspace/sglang/python/sglang/srt/managers/tp_worker.py", line 248, in __init__
    self._model_runner = ModelRunner(
  File "/sgl-workspace/sglang/python/sglang/srt/model_executor/model_runner.py", line 342, in __init__
    min_per_gpu_memory = self.init_torch_distributed()
  File "/sgl-workspace/sglang/python/sglang/srt/model_executor/model_runner.py", line 717, in init_torch_distributed
    raise ValueError(
ValueError: The memory capacity is unbalanced. Some GPUs may be occupied by other processes. min_per_gpu_memory=54.400390625, local_gpu_memory=188.318359375, local_gpu_memory * 0.9=169.4865234375

[2025-12-11 11:36:20 TP3] Scheduler hit an exception: Traceback (most recent call last):
  File "/sgl-workspace/sglang/python/sglang/srt/managers/scheduler.py", line 2680, in run_scheduler_process
    scheduler = Scheduler(
  File "/sgl-workspace/sglang/python/sglang/srt/managers/scheduler.py", line 320, in __init__
    self.tp_worker = TpModelWorker(
  File "/sgl-workspace/sglang/python/sglang/srt/managers/tp_worker.py", line 248, in __init__
    self._model_runner = ModelRunner(
  File "/sgl-workspace/sglang/python/sglang/srt/model_executor/model_runner.py", line 342, in __init__
    min_per_gpu_memory = self.init_torch_distributed()
  File "/sgl-workspace/sglang/python/sglang/srt/model_executor/model_runner.py", line 717, in init_torch_distributed
    raise ValueError(
ValueError: The memory capacity is unbalanced. Some GPUs may be occupied by other processes. min_per_gpu_memory=54.400390625, local_gpu_memory=188.1953125, local_gpu_memory * 0.9=169.37578125000002

[2025-12-11 11:36:20 TP0] Scheduler hit an exception: Traceback (most recent call last):
  File "/sgl-workspace/sglang/python/sglang/srt/managers/scheduler.py", line 2680, in run_scheduler_process
    scheduler = Scheduler(
  File "/sgl-workspace/sglang/python/sglang/srt/managers/scheduler.py", line 320, in __init__
    self.tp_worker = TpModelWorker(
  File "/sgl-workspace/sglang/python/sglang/srt/managers/tp_worker.py", line 248, in __init__
    self._model_runner = ModelRunner(
  File "/sgl-workspace/sglang/python/sglang/srt/model_executor/model_runner.py", line 342, in __init__
    min_per_gpu_memory = self.init_torch_distributed()
  File "/sgl-workspace/sglang/python/sglang/srt/model_executor/model_runner.py", line 717, in init_torch_distributed
    raise ValueError(
ValueError: The memory capacity is unbalanced. Some GPUs may be occupied by other processes. min_per_gpu_memory=54.400390625, local_gpu_memory=188.634765625, local_gpu_memory * 0.9=169.77128906250002

[2025-12-11 11:36:20 TP1] Scheduler hit an exception: Traceback (most recent call last):
  File "/sgl-workspace/sglang/python/sglang/srt/managers/scheduler.py", line 2680, in run_scheduler_process
    scheduler = Scheduler(
  File "/sgl-workspace/sglang/python/sglang/srt/managers/scheduler.py", line 320, in __init__
    self.tp_worker = TpModelWorker(
  File "/sgl-workspace/sglang/python/sglang/srt/managers/tp_worker.py", line 248, in __init__
    self._model_runner = ModelRunner(
  File "/sgl-workspace/sglang/python/sglang/srt/model_executor/model_runner.py", line 342, in __init__
    min_per_gpu_memory = self.init_torch_distributed()
  File "/sgl-workspace/sglang/python/sglang/srt/model_executor/model_runner.py", line 717, in init_torch_distributed
    raise ValueError(
ValueError: The memory capacity is unbalanced. Some GPUs may be occupied by other processes. min_per_gpu_memory=54.400390625, local_gpu_memory=188.1953125, local_gpu_memory * 0.9=169.37578125000002

[2025-12-11 11:36:20] Received sigquit from a child process. It usually means the child failed.
--- Logging error ---
Traceback (most recent call last):
  File "/usr/lib/python3.10/logging/__init__.py", line 1732, in isEnabledFor
    return self._cache[level]
KeyError: 40

During handling of the above exception, another exception occurred:

Traceback (most recent call last):
  File "/usr/lib/python3.10/logging/__init__.py", line 1103, in emit
    stream.write(msg + self.terminator)
RuntimeError: reentrant call inside <_io.BufferedWriter name='<stderr>'>

During handling of the above exception, another exception occurred:

Traceback (most recent call last):
  File "/usr/lib/python3.10/logging/__init__.py", line 1103, in emit
    stream.write(msg + self.terminator)
  File "/sgl-workspace/sglang/python/sglang/srt/entrypoints/engine.py", line 751, in launch_phase_sigquit_handler
    logger.error(
  File "/usr/lib/python3.10/logging/__init__.py", line 1506, in error
    self._log(ERROR, msg, args, **kwargs)
  File "/usr/lib/python3.10/logging/__init__.py", line 1624, in _log
    self.handle(record)
  File "/usr/lib/python3.10/logging/__init__.py", line 1634, in handle
    self.callHandlers(record)
  File "/usr/lib/python3.10/logging/__init__.py", line 1696, in callHandlers
    hdlr.handle(record)
  File "/usr/lib/python3.10/logging/__init__.py", line 968, in handle
    self.emit(record)
  File "/usr/lib/python3.10/logging/__init__.py", line 1108, in emit
    self.handleError(record)
  File "/usr/lib/python3.10/logging/__init__.py", line 1021, in handleError
    sys.stderr.write('--- Logging error ---\n')
RuntimeError: reentrant call inside <_io.BufferedWriter name='<stderr>'>
Call stack:
  File "/usr/lib/python3.10/runpy.py", line 196, in _run_module_as_main
    return _run_code(code, main_globals, None,
  File "/usr/lib/python3.10/runpy.py", line 86, in _run_code
    exec(code, run_globals)
  File "/sgl-workspace/sglang/python/sglang/launch_server.py", line 28, in <module>
    run_server(server_args)
  File "/sgl-workspace/sglang/python/sglang/launch_server.py", line 21, in run_server
    launch_server(server_args)
  File "/sgl-workspace/sglang/python/sglang/srt/entrypoints/http_server.py", line 1390, in launch_server
    _launch_subprocesses(server_args=server_args)
  File "/sgl-workspace/sglang/python/sglang/srt/entrypoints/engine.py", line 915, in _launch_subprocesses
    data = scheduler_pipe_readers[i].recv()
  File "/usr/lib/python3.10/multiprocessing/connection.py", line 250, in recv
    buf = self._recv_bytes()
  File "/usr/lib/python3.10/multiprocessing/connection.py", line 414, in _recv_bytes
    buf = self._recv(4)
  File "/usr/lib/python3.10/multiprocessing/connection.py", line 379, in _recv
    chunk = read(handle, remaining)
  File "/sgl-workspace/sglang/python/sglang/srt/entrypoints/engine.py", line 751, in launch_phase_sigquit_handler
    logger.error(
  File "/usr/lib/python3.10/logging/__init__.py", line 1505, in error
    if self.isEnabledFor(ERROR):
  File "/usr/lib/python3.10/logging/__init__.py", line 1732, in isEnabledFor
    return self._cache[level]
  File "/sgl-workspace/sglang/python/sglang/srt/entrypoints/engine.py", line 754, in launch_phase_sigquit_handler
    kill_process_tree(os.getpid())
  File "/sgl-workspace/sglang/python/sglang/srt/utils/common.py", line 1058, in kill_process_tree
    children = itself.children(recursive=True)
  File "/opt/venv/lib/python3.10/site-packages/psutil/__init__.py", line 966, in children
    ppid_map = _ppid_map()
  File "/opt/venv/lib/python3.10/site-packages/psutil/_pslinux.py", line 1621, in ppid_map
    for pid in pids():
  File "/opt/venv/lib/python3.10/site-packages/psutil/_pslinux.py", line 1579, in pids
    return [int(x) for x in os.listdir(path) if x.isdigit()]
  File "/sgl-workspace/sglang/python/sglang/srt/entrypoints/engine.py", line 751, in launch_phase_sigquit_handler
    logger.error(
Message: 'Received sigquit from a child process. It usually means the child failed.'
Arguments: ()
